Archive member included to satisfy reference by file (symbol)

c:/appz/nxp/mcuxpressoide_11.6.0_8187/ide/plugins/com.nxp.mcuxpresso.tools.win32_11.6.0.202112161359/tools/bin/../lib/gcc/arm-none-eabi/10.3.1/../../../../arm-none-eabi/lib/thumb/v8-m.main+fp/hard\libcr_nohost_nf.a(_cr__main.o)
                              ./startup/startup_lpc55s69_cm33_core0.o (__main)
c:/appz/nxp/mcuxpressoide_11.6.0_8187/ide/plugins/com.nxp.mcuxpresso.tools.win32_11.6.0.202112161359/tools/bin/../lib/gcc/arm-none-eabi/10.3.1/../../../../arm-none-eabi/lib/thumb/v8-m.main+fp/hard\libcr_c.a(memcpy.o)
                              ./utilities/fsl_debug_console.o (memcpy)
c:/appz/nxp/mcuxpressoide_11.6.0_8187/ide/plugins/com.nxp.mcuxpresso.tools.win32_11.6.0.202112161359/tools/bin/../lib/gcc/arm-none-eabi/10.3.1/../../../../arm-none-eabi/lib/thumb/v8-m.main+fp/hard\libcr_c.a(memset.o)
                              ./source/hello_world.o (memset)
c:/appz/nxp/mcuxpressoide_11.6.0_8187/ide/plugins/com.nxp.mcuxpresso.tools.win32_11.6.0.202112161359/tools/bin/../lib/gcc/arm-none-eabi/10.3.1/../../../../arm-none-eabi/lib/thumb/v8-m.main+fp/hard\libcr_c.a(alloc.o)
                              ./drivers/fsl_common.o (malloc)
c:/appz/nxp/mcuxpressoide_11.6.0_8187/ide/plugins/com.nxp.mcuxpresso.tools.win32_11.6.0.202112161359/tools/bin/../lib/gcc/arm-none-eabi/10.3.1/../../../../arm-none-eabi/lib/thumb/v8-m.main+fp/hard\libcr_c.a(errno.o)
                              ./utilities/fsl_str.o (errno)
c:/appz/nxp/mcuxpressoide_11.6.0_8187/ide/plugins/com.nxp.mcuxpresso.tools.win32_11.6.0.202112161359/tools/bin/../lib/gcc/arm-none-eabi/10.3.1/../../../../arm-none-eabi/lib/thumb/v8-m.main+fp/hard\libcr_c.a(initio.o)
                              c:/appz/nxp/mcuxpressoide_11.6.0_8187/ide/plugins/com.nxp.mcuxpresso.tools.win32_11.6.0.202112161359/tools/bin/../lib/gcc/arm-none-eabi/10.3.1/../../../../arm-none-eabi/lib/thumb/v8-m.main+fp/hard\libcr_nohost_nf.a(_cr__main.o) (_initio)
c:/appz/nxp/mcuxpressoide_11.6.0_8187/ide/plugins/com.nxp.mcuxpresso.tools.win32_11.6.0.202112161359/tools/bin/../lib/gcc/arm-none-eabi/10.3.1/../../../../arm-none-eabi/lib/thumb/v8-m.main+fp/hard\libcr_c.a(scanf.o)
                              ./utilities/fsl_str.o (strtoul)
c:/appz/nxp/mcuxpressoide_11.6.0_8187/ide/plugins/com.nxp.mcuxpresso.tools.win32_11.6.0.202112161359/tools/bin/../lib/gcc/arm-none-eabi/10.3.1/../../../../arm-none-eabi/lib/thumb/v8-m.main+fp/hard\libcr_c.a(setvbuf.o)
                              c:/appz/nxp/mcuxpressoide_11.6.0_8187/ide/plugins/com.nxp.mcuxpresso.tools.win32_11.6.0.202112161359/tools/bin/../lib/gcc/arm-none-eabi/10.3.1/../../../../arm-none-eabi/lib/thumb/v8-m.main+fp/hard\libcr_c.a(initio.o) (setvbuf)
c:/appz/nxp/mcuxpressoide_11.6.0_8187/ide/plugins/com.nxp.mcuxpresso.tools.win32_11.6.0.202112161359/tools/bin/../lib/gcc/arm-none-eabi/10.3.1/../../../../arm-none-eabi/lib/thumb/v8-m.main+fp/hard\libcr_c.a(strlen.o)
                              ./utilities/fsl_debug_console.o (strlen)
c:/appz/nxp/mcuxpressoide_11.6.0_8187/ide/plugins/com.nxp.mcuxpresso.tools.win32_11.6.0.202112161359/tools/bin/../lib/gcc/arm-none-eabi/10.3.1/../../../../arm-none-eabi/lib/thumb/v8-m.main+fp/hard\libcr_c.a(ungetc.o)
                              c:/appz/nxp/mcuxpressoide_11.6.0_8187/ide/plugins/com.nxp.mcuxpresso.tools.win32_11.6.0.202112161359/tools/bin/../lib/gcc/arm-none-eabi/10.3.1/../../../../arm-none-eabi/lib/thumb/v8-m.main+fp/hard\libcr_c.a(scanf.o) (ungetc)
c:/appz/nxp/mcuxpressoide_11.6.0_8187/ide/plugins/com.nxp.mcuxpresso.tools.win32_11.6.0.202112161359/tools/bin/../lib/gcc/arm-none-eabi/10.3.1/../../../../arm-none-eabi/lib/thumb/v8-m.main+fp/hard\libcr_c.a(__fillbuf.o)
                              c:/appz/nxp/mcuxpressoide_11.6.0_8187/ide/plugins/com.nxp.mcuxpresso.tools.win32_11.6.0.202112161359/tools/bin/../lib/gcc/arm-none-eabi/10.3.1/../../../../arm-none-eabi/lib/thumb/v8-m.main+fp/hard\libcr_c.a(scanf.o) (__filbuf)
c:/appz/nxp/mcuxpressoide_11.6.0_8187/ide/plugins/com.nxp.mcuxpresso.tools.win32_11.6.0.202112161359/tools/bin/../lib/gcc/arm-none-eabi/10.3.1/../../../../arm-none-eabi/lib/thumb/v8-m.main+fp/hard\libcr_c.a(__init_alloc.o)
                              c:/appz/nxp/mcuxpressoide_11.6.0_8187/ide/plugins/com.nxp.mcuxpresso.tools.win32_11.6.0.202112161359/tools/bin/../lib/gcc/arm-none-eabi/10.3.1/../../../../arm-none-eabi/lib/thumb/v8-m.main+fp/hard\libcr_c.a(alloc.o) (__heaps)
c:/appz/nxp/mcuxpressoide_11.6.0_8187/ide/plugins/com.nxp.mcuxpresso.tools.win32_11.6.0.202112161359/tools/bin/../lib/gcc/arm-none-eabi/10.3.1/../../../../arm-none-eabi/lib/thumb/v8-m.main+fp/hard\libcr_c.a(_cr_sbrk.o)
                              c:/appz/nxp/mcuxpressoide_11.6.0_8187/ide/plugins/com.nxp.mcuxpresso.tools.win32_11.6.0.202112161359/tools/bin/../lib/gcc/arm-none-eabi/10.3.1/../../../../arm-none-eabi/lib/thumb/v8-m.main+fp/hard\libcr_c.a(alloc.o) (_sbrk)
[...]
Memory Configuration

Name             Origin             Length             Attributes
PROGRAM_FLASH    0x00000000         0x0009d800         xr
SRAM             0x20000000         0x00040000         xrw
SRAMX            0x04000000         0x00008000         xrw
USB_RAM          0x40100000         0x00004000         xrw
SRAM4            0x20040000         0x00004000         xrw
*default*        0x00000000         0xffffffff

Linker script and memory map

LOAD ./utilities/fsl_assert.o
LOAD ./utilities/fsl_debug_console.o
LOAD ./utilities/fsl_str.o
LOAD ./startup/boot_multicore_slave.o
LOAD ./startup/startup_lpc55s69_cm33_core0.o
LOAD ./source/hello_world.o
LOAD ./source/semihost_hardfault.o
LOAD ./drivers/fsl_clock.o
LOAD ./drivers/fsl_common.o
LOAD ./drivers/fsl_common_arm.o
LOAD ./drivers/fsl_ctimer.o
LOAD ./drivers/fsl_flexcomm.o
LOAD ./drivers/fsl_gpio.o
LOAD ./drivers/fsl_i2c.o
LOAD ./drivers/fsl_power.o
LOAD ./drivers/fsl_powerquad_basic.o
LOAD ./drivers/fsl_powerquad_data.o
LOAD ./drivers/fsl_powerquad_filter.o
LOAD ./drivers/fsl_powerquad_math.o
LOAD ./drivers/fsl_powerquad_matrix.o
LOAD ./drivers/fsl_powerquad_transform.o
LOAD ./drivers/fsl_reset.o
LOAD ./drivers/fsl_usart.o
LOAD ./device/system_LPC55S69_cm33_core0.o
LOAD ./component/uart/fsl_adapter_usart.o
LOAD ./component/serial_manager/fsl_component_serial_manager.o
LOAD ./component/serial_manager/fsl_component_serial_port_uart.o
LOAD ./component/lists/fsl_component_generic_list.o
LOAD ./board/board.o
LOAD ./board/clock_config.o
LOAD ./board/peripherals.o
LOAD ./board/pin_mux.o
START GROUP
LOAD c:/appz/nxp/mcuxpressoide_11.6.0_8187/ide/plugins/com.nxp.mcuxpresso.tools.win32_11.6.0.202112161359/tools/bin/../lib/gcc/arm-none-eabi/10.3.1/../../../../arm-none-eabi/lib/thumb/v8-m.main+fp/hard\libcr_nohost_nf.a
LOAD c:/appz/nxp/mcuxpressoide_11.6.0_8187/ide/plugins/com.nxp.mcuxpresso.tools.win32_11.6.0.202112161359/tools/bin/../lib/gcc/arm-none-eabi/10.3.1/../../../../arm-none-eabi/lib/thumb/v8-m.main+fp/hard\libcr_c.a
LOAD c:/appz/nxp/mcuxpressoide_11.6.0_8187/ide/plugins/com.nxp.mcuxpresso.tools.win32_11.6.0.202112161359/tools/bin/../lib/gcc/arm-none-eabi/10.3.1/thumb/v8-m.main+fp/hard\libcr_eabihelpers.a
LOAD c:/appz/nxp/mcuxpressoide_11.6.0_8187/ide/plugins/com.nxp.mcuxpresso.tools.win32_11.6.0.202112161359/tools/bin/../lib/gcc/arm-none-eabi/10.3.1/thumb/v8-m.main+fp/hard\libgcc.a
END GROUP
                0x00000000                __base_PROGRAM_FLASH = 0x0
                0x00000000                __base_Flash = 0x0
                0x0009d800                __top_PROGRAM_FLASH = 0x9d800
                0x0009d800                __top_Flash = 0x9d800
                0x20000000                __base_SRAM = 0x20000000
                0x20000000                __base_RAM = 0x20000000
                0x20040000                __top_SRAM = 0x20040000
                0x20040000                __top_RAM = 0x20040000
                0x04000000                __base_SRAMX = 0x4000000
                0x04000000                __base_RAM2 = 0x4000000
                0x04008000                __top_SRAMX = 0x4008000
                0x04008000                __top_RAM2 = 0x4008000
                0x40100000                __base_USB_RAM = 0x40100000
                0x40100000                __base_RAM3 = 0x40100000
                0x40104000                __top_USB_RAM = 0x40104000
                0x40104000                __top_RAM3 = 0x40104000
                0x20040000                __base_SRAM4 = 0x20040000
                0x20040000                __base_RAM4 = 0x20040000
                0x20044000                __top_SRAM4 = 0x20044000
                0x20044000                __top_RAM4 = 0x20044000

.text           0x00000000     0x24fc
 FILL mask 0xff
                0x00000000                __vectors_start__ = ABSOLUTE (.)
 *(SORT_BY_ALIGNMENT(.isr_vector))
 .isr_vector    0x00000000      0x130 ./startup/startup_lpc55s69_cm33_core0.o
                0x00000000                g_pfnVectors
                0x00000000                __Vectors
                0x00000130                . = ALIGN (0x4)
                0x00000130                __section_table_start = .
                0x00000130                __data_section_table = .
                0x00000130        0x4 LONG 0x24fc LOADADDR (.data)
                0x00000134        0x4 LONG 0x20000000 ADDR (.data)
                0x00000138        0x4 LONG 0xc SIZEOF (.data)
                0x0000013c        0x4 LONG 0x24fc LOADADDR (.data_RAM2)
                0x00000140        0x4 LONG 0x4000000 ADDR (.data_RAM2)
                0x00000144        0x4 LONG 0x0 SIZEOF (.data_RAM2)
                0x00000148        0x4 LONG 0x24fc LOADADDR (.data_RAM3)
                0x0000014c        0x4 LONG 0x40100000 ADDR (.data_RAM3)
                0x00000150        0x4 LONG 0x0 SIZEOF (.data_RAM3)
                0x00000154        0x4 LONG 0x24fc LOADADDR (.data_RAM4)
                0x00000158        0x4 LONG 0x20040000 ADDR (.data_RAM4)
                0x0000015c        0x4 LONG 0x0 SIZEOF (.data_RAM4)
                0x00000160                __data_section_table_end = .
                0x00000160                __bss_section_table = .
                0x00000160        0x4 LONG 0x2000000c ADDR (.bss)
                0x00000164        0x4 LONG 0x53c SIZEOF (.bss)
                0x00000168        0x4 LONG 0x4000000 ADDR (.bss_RAM2)
                0x0000016c        0x4 LONG 0x0 SIZEOF (.bss_RAM2)
                0x00000170        0x4 LONG 0x40100000 ADDR (.bss_RAM3)
                0x00000174        0x4 LONG 0x0 SIZEOF (.bss_RAM3)
                0x00000178        0x4 LONG 0x20040000 ADDR (.bss_RAM4)
                0x0000017c        0x4 LONG 0x0 SIZEOF (.bss_RAM4)
                0x00000180                __bss_section_table_end = .
                0x00000180                __section_table_end = .
 *(SORT_BY_ALIGNMENT(.after_vectors*))
 .after_vectors.reset
                0x00000180       0x64 ./startup/startup_lpc55s69_cm33_core0.o
                0x00000180                ResetISR
 .after_vectors
                0x000001e4       0x16 ./startup/startup_lpc55s69_cm33_core0.o
                0x000001e4                NMI_Handler
                0x000001e8                MemManage_Handler
                0x000001ea                BusFault_Handler
                0x000001ec                UsageFault_Handler
                0x000001ee                SecureFault_Handler
                0x000001f0                SVC_Handler
                0x000001f2                DebugMon_Handler
                0x000001f4                PendSV_Handler
                0x000001f6                SysTick_Handler
                0x000001f8                Reserved56_DriverIRQHandler
                0x000001f8                PIN_INT0_DriverIRQHandler
                0x000001f8                PIN_INT2_DriverIRQHandler
                0x000001f8                PIN_INT3_DriverIRQHandler
                0x000001f8                IntDefaultHandler
                0x000001f8                USB0_DriverIRQHandler
                0x000001f8                CASER_DriverIRQHandler
                0x000001f8                MRT0_DriverIRQHandler
                0x000001f8                UTICK0_DriverIRQHandler
                0x000001f8                Reserved41_DriverIRQHandler
                0x000001f8                PIN_INT4_DriverIRQHandler
                0x000001f8                PIN_INT5_DriverIRQHandler
                0x000001f8                SEC_GPIO_INT0_IRQ0_DriverIRQHandler
                0x000001f8                GINT1_DriverIRQHandler
                0x000001f8                PIN_INT7_DriverIRQHandler
                0x000001f8                Reserved55_DriverIRQHandler
                0x000001f8                SEC_VIO_DriverIRQHandler
                0x000001f8                USB0_NEEDCLK_DriverIRQHandler
                0x000001f8                Reserved42_DriverIRQHandler
                0x000001f8                PIN_INT6_DriverIRQHandler
                0x000001f8                PQ_DriverIRQHandler
                0x000001f8                MAILBOX_DriverIRQHandler
                0x000001f8                PIN_INT1_DriverIRQHandler
                0x000001f8                Reserved61_DriverIRQHandler
                0x000001f8                SEC_GPIO_INT0_IRQ1_DriverIRQHandler
                0x000001f8                PUF_DriverIRQHandler
                0x000001f8                RTC_DriverIRQHandler
                0x000001f8                DMA0_DriverIRQHandler
                0x000001f8                Reserved39_DriverIRQHandler
                0x000001f8                USB1_DriverIRQHandler
                0x000001f8                Reserved60_DriverIRQHandler
                0x000001f8                DMA1_DriverIRQHandler
                0x000001f8                ADC0_DriverIRQHandler
                0x000001f8                USB1_NEEDCLK_DriverIRQHandler
                0x000001f8                Reserved59_DriverIRQHandler
                0x000001f8                SDIO_DriverIRQHandler
                0x000001f8                GINT0_DriverIRQHandler
                0x000001f8                USB1_PHY_DriverIRQHandler
                0x000001f8                ACMP_DriverIRQHandler
                0x000001f8                Reserved57_DriverIRQHandler
                0x000001f8                HASHCRYPT_DriverIRQHandler
                0x000001f8                Reserved46_DriverIRQHandler
                0x000001f8                WDT_BOD_DriverIRQHandler
                0x000001f8                SCT0_DriverIRQHandler
                0x000001f8                PLU_DriverIRQHandler
                0x000001f8                OS_EVENT_DriverIRQHandler
                0x000001f8                SEC_HYPERVISOR_CALL_DriverIRQHandler
 .after_vectors.init_data
                0x000001fa       0x12 ./startup/startup_lpc55s69_cm33_core0.o
                0x000001fa                data_init
 .after_vectors.init_bss
                0x0000020c       0x10 ./startup/startup_lpc55s69_cm33_core0.o
                0x0000020c                bss_init
 *(SORT_BY_ALIGNMENT(.text*))
 *fill*         0x0000021c        0x4 ff
 .text.Generate_sin_table_float
                0x00000220       0xb0 ./source/hello_world.o
                0x00000220                Generate_sin_table_float
 .text.DbgConsole_Putchar
                0x000002d0       0x24 ./utilities/fsl_debug_console.o
                0x000002d0                DbgConsole_Putchar
 .text.DbgConsole_Init
                0x000002f4       0x48 ./utilities/fsl_debug_console.o
                0x000002f4                DbgConsole_Init
 .text.DbgConsole_Vprintf
                0x0000033c      0x1f4 ./utilities/fsl_debug_console.o
                0x0000033c                DbgConsole_Vprintf
 .text.DbgConsole_Getchar
                0x00000530       0x2c ./utilities/fsl_debug_console.o
                0x00000530                DbgConsole_Getchar
 .text.DbgConsole_Scanf
                0x0000055c      0x2e4 ./utilities/fsl_debug_console.o
                0x0000055c                DbgConsole_Scanf
 .text.TimerIRQ
                0x00000840       0x2c ./source/hello_world.o
                0x00000840                TimerIRQ
 .text.startup.main
                0x0000086c      0x104 ./source/hello_world.o
                0x0000086c                main
 .text.CLOCK_AttachClk
                0x00000970       0x50 ./drivers/fsl_clock.o
                0x00000970                CLOCK_AttachClk
 .text.CLOCK_SetupFROClocking
                0x000009c0       0x5c ./drivers/fsl_clock.o
                0x000009c0                CLOCK_SetupFROClocking
 .text.CLOCK_SetFLASHAccessCyclesForFreq
                0x00000a1c       0xe8 ./drivers/fsl_clock.o
                0x00000a1c                CLOCK_SetFLASHAccessCyclesForFreq
 .text.CLOCK_SetupExtClocking
                0x00000b04       0x40 ./drivers/fsl_clock.o
                0x00000b04                CLOCK_SetupExtClocking
 .text.CLOCK_GetFro1MFreq
                0x00000b44       0x18 ./drivers/fsl_clock.o
                0x00000b44                CLOCK_GetFro1MFreq
 .text.CLOCK_GetExtClkFreq
                0x00000b5c       0x18 ./drivers/fsl_clock.o
                0x00000b5c                CLOCK_GetExtClkFreq
 .text.CLOCK_GetOsc32KFreq
                0x00000b74       0x38 ./drivers/fsl_clock.o
                0x00000b74                CLOCK_GetOsc32KFreq
 .text.CLOCK_GetPLL0InClockRate
                0x00000bac       0x30 ./drivers/fsl_clock.o
                0x00000bac                CLOCK_GetPLL0InClockRate
 .text.CLOCK_SetPLL0Freq
                0x00000bdc       0xb8 ./drivers/fsl_clock.o
                0x00000bdc                CLOCK_SetPLL0Freq
 .text.SDK_DelayAtLeastUs
                0x00000c94       0x20 ./drivers/fsl_common_arm.o
                0x00000c94                SDK_DelayAtLeastUs
 .text.CTIMER_GetInstance
                0x00000cb4       0x40 ./drivers/fsl_ctimer.o
 .text.CTIMER_GenericIRQHandler
                0x00000cf4       0x5c ./drivers/fsl_ctimer.o
 .text.EnableIRQ.isra.0
                0x00000d50       0x1c ./drivers/fsl_ctimer.o
 .text.CTIMER_Init
                0x00000d6c       0x50 ./drivers/fsl_ctimer.o
                0x00000d6c                CTIMER_Init
 .text.CTIMER_SetupMatch
                0x00000dbc       0x84 ./drivers/fsl_ctimer.o
                0x00000dbc                CTIMER_SetupMatch
 .text.CTIMER_RegisterCallBack
                0x00000e40       0x1c ./drivers/fsl_ctimer.o
                0x00000e40                CTIMER_RegisterCallBack
 .text.FLEXCOMM_GetInstance
                0x00000e5c       0x1c ./drivers/fsl_flexcomm.o
                0x00000e5c                FLEXCOMM_GetInstance
 .text.FLEXCOMM_Init
                0x00000e78       0x7c ./drivers/fsl_flexcomm.o
                0x00000e78                FLEXCOMM_Init
 .text.FLEXCOMM0_DriverIRQHandler
                0x00000ef4       0x30 ./drivers/fsl_flexcomm.o
                0x00000ef4                FLEXCOMM0_DriverIRQHandler
 .text.FLEXCOMM1_DriverIRQHandler
                0x00000f24       0x30 ./drivers/fsl_flexcomm.o
                0x00000f24                FLEXCOMM1_DriverIRQHandler
 .text.FLEXCOMM2_DriverIRQHandler
                0x00000f54       0x30 ./drivers/fsl_flexcomm.o
                0x00000f54                FLEXCOMM2_DriverIRQHandler
 .text.FLEXCOMM3_DriverIRQHandler
                0x00000f84       0x30 ./drivers/fsl_flexcomm.o
                0x00000f84                FLEXCOMM3_DriverIRQHandler
 .text.FLEXCOMM4_DriverIRQHandler
                0x00000fb4       0x30 ./drivers/fsl_flexcomm.o
                0x00000fb4                FLEXCOMM4_DriverIRQHandler
 .text.FLEXCOMM5_DriverIRQHandler
                0x00000fe4       0x30 ./drivers/fsl_flexcomm.o
                0x00000fe4                FLEXCOMM5_DriverIRQHandler
 .text.FLEXCOMM6_DriverIRQHandler
                0x00001014       0x30 ./drivers/fsl_flexcomm.o
                0x00001014                FLEXCOMM6_DriverIRQHandler
 .text.FLEXCOMM7_DriverIRQHandler
                0x00001044       0x30 ./drivers/fsl_flexcomm.o
                0x00001044                FLEXCOMM7_DriverIRQHandler
 .text.FLEXCOMM8_DriverIRQHandler
                0x00001074       0x30 ./drivers/fsl_flexcomm.o
                0x00001074                FLEXCOMM8_DriverIRQHandler
 .text.lowpower_set_system_voltage
                0x000010a4       0xa0 ./drivers/fsl_power.o
 .text.lowpower_set_voltage_for_process
                0x00001144       0x80 ./drivers/fsl_power.o
 .text.POWER_SetVoltageForFreq
                0x000011c4       0x70 ./drivers/fsl_power.o
                0x000011c4                POWER_SetVoltageForFreq
 .text.PQ_Init  0x00001234       0x24 ./drivers/fsl_powerquad_basic.o
                0x00001234                PQ_Init
 .text.SystemInit
                0x00001258       0x50 ./device/system_LPC55S69_cm33_core0.o
                0x00001258                SystemInit
 .text.HAL_UartInit
                0x000012a8       0x80 ./component/uart/fsl_adapter_usart.o
                0x000012a8                HAL_UartInit
 .text.HAL_UartReceiveBlocking
                0x00001328       0x20 ./component/uart/fsl_adapter_usart.o
                0x00001328                HAL_UartReceiveBlocking
 .text.HAL_UartSendBlocking
                0x00001348       0x18 ./component/uart/fsl_adapter_usart.o
                0x00001348                HAL_UartSendBlocking
 .text.BOARD_InitDebugConsole
                0x00001360       0x2c ./board/board.o
                0x00001360                BOARD_InitDebugConsole
 .text.BOARD_BootClockPLL150M
                0x0000138c       0xdc ./board/clock_config.o
                0x0000138c                BOARD_BootClockPLL150M
 .text.BOARD_InitPeripherals
                0x00001468       0x58 ./board/peripherals.o
                0x00001468                BOARD_InitPeripherals
 .text.BOARD_InitPins
                0x000014c0       0x3c ./board/pin_mux.o
                0x000014c0                BOARD_InitPins
 .text._initio  0x000014fc       0x78 c:/appz/nxp/mcuxpressoide_11.6.0_8187/ide/plugins/com.nxp.mcuxpresso.tools.win32_11.6.0.202112161359/tools/bin/../lib/gcc/arm-none-eabi/10.3.1/../../../../arm-none-eabi/lib/thumb/v8-m.main+fp/hard\libcr_c.a(initio.o)
                0x000014fc                _initio
 .text._Cwritebuf
                0x00001574       0x6c c:/appz/nxp/mcuxpressoide_11.6.0_8187/ide/plugins/com.nxp.mcuxpresso.tools.win32_11.6.0.202112161359/tools/bin/../lib/gcc/arm-none-eabi/10.3.1/../../../../arm-none-eabi/lib/thumb/v8-m.main+fp/hard\libcr_c.a(_writebuf.o)
                0x00001574                _Cwritebuf
 .text.fflush   0x000015e0       0x3c c:/appz/nxp/mcuxpressoide_11.6.0_8187/ide/plugins/com.nxp.mcuxpresso.tools.win32_11.6.0.202112161359/tools/bin/../lib/gcc/arm-none-eabi/10.3.1/../../../../arm-none-eabi/lib/thumb/v8-m.main+fp/hard\libcr_c.a(fflush.o)
                0x000015e0                fflush
 .text.fseek    0x0000161c       0xfc c:/appz/nxp/mcuxpressoide_11.6.0_8187/ide/plugins/com.nxp.mcuxpresso.tools.win32_11.6.0.202112161359/tools/bin/../lib/gcc/arm-none-eabi/10.3.1/../../../../arm-none-eabi/lib/thumb/v8-m.main+fp/hard\libcr_c.a(fseek.o)
                0x0000161c                fseek
 .text.ftell    0x00001718       0x44 c:/appz/nxp/mcuxpressoide_11.6.0_8187/ide/plugins/com.nxp.mcuxpresso.tools.win32_11.6.0.202112161359/tools/bin/../lib/gcc/arm-none-eabi/10.3.1/../../../../arm-none-eabi/lib/thumb/v8-m.main+fp/hard\libcr_c.a(ftell.o)
                0x00001718                ftell
 .text.__aeabi_dmul
                0x0000175c       0xfc c:/appz/nxp/mcuxpressoide_11.6.0_8187/ide/plugins/com.nxp.mcuxpresso.tools.win32_11.6.0.202112161359/tools/bin/../lib/gcc/arm-none-eabi/10.3.1/thumb/v8-m.main+fp/hard\libcr_eabihelpers.a(double.o)
                0x0000175c                __aeabi_dmul
 .text.__aeabi_d2f
                0x00001858       0x58 c:/appz/nxp/mcuxpressoide_11.6.0_8187/ide/plugins/com.nxp.mcuxpresso.tools.win32_11.6.0.202112161359/tools/bin/../lib/gcc/arm-none-eabi/10.3.1/thumb/v8-m.main+fp/hard\libcr_eabihelpers.a(double.o)
                0x00001858                __aeabi_d2f
 .text.__aeabi_f2d
                0x000018b0       0x38 c:/appz/nxp/mcuxpressoide_11.6.0_8187/ide/plugins/com.nxp.mcuxpresso.tools.win32_11.6.0.202112161359/tools/bin/../lib/gcc/arm-none-eabi/10.3.1/thumb/v8-m.main+fp/hard\libcr_eabihelpers.a(float.o)
                0x000018b0                __aeabi_f2d
 .text.DbgConsole_ScanIgnoreWhiteSpace
                0x000018e8       0x20 ./utilities/fsl_debug_console.o
 .text.DbgConsole_ConvertRadixNumToString.constprop.0
                0x00001908       0x46 ./utilities/fsl_debug_console.o
 .text.DbgConsole_Printf
                0x0000194e       0x1a ./utilities/fsl_debug_console.o
                0x0000194e                DbgConsole_Printf
 .text.WDT_BOD_IRQHandler
                0x00001968        0x8 ./startup/startup_lpc55s69_cm33_core0.o
                0x00001968                WDT_BOD_IRQHandler
 .text.DMA0_IRQHandler
                0x00001970        0x8 ./startup/startup_lpc55s69_cm33_core0.o
                0x00001970                DMA0_IRQHandler
 .text.GINT0_IRQHandler
                0x00001978        0x8 ./startup/startup_lpc55s69_cm33_core0.o
                0x00001978                GINT0_IRQHandler
 .text.GINT1_IRQHandler
                0x00001980        0x8 ./startup/startup_lpc55s69_cm33_core0.o
                0x00001980                GINT1_IRQHandler
 .text.PIN_INT0_IRQHandler
                0x00001988        0x8 ./startup/startup_lpc55s69_cm33_core0.o
                0x00001988                PIN_INT0_IRQHandler
 .text.PIN_INT1_IRQHandler
                0x00001990        0x8 ./startup/startup_lpc55s69_cm33_core0.o
                0x00001990                PIN_INT1_IRQHandler
 .text.PIN_INT2_IRQHandler
                0x00001998        0x8 ./startup/startup_lpc55s69_cm33_core0.o
                0x00001998                PIN_INT2_IRQHandler
 .text.PIN_INT3_IRQHandler
                0x000019a0        0x8 ./startup/startup_lpc55s69_cm33_core0.o
                0x000019a0                PIN_INT3_IRQHandler
 .text.UTICK0_IRQHandler
                0x000019a8        0x8 ./startup/startup_lpc55s69_cm33_core0.o
                0x000019a8                UTICK0_IRQHandler
 .text.MRT0_IRQHandler
                0x000019b0        0x8 ./startup/startup_lpc55s69_cm33_core0.o
                0x000019b0                MRT0_IRQHandler
 .text.CTIMER0_IRQHandler
                0x000019b8        0x8 ./startup/startup_lpc55s69_cm33_core0.o
                0x000019b8                CTIMER0_IRQHandler
 .text.CTIMER1_IRQHandler
                0x000019c0        0x8 ./startup/startup_lpc55s69_cm33_core0.o
                0x000019c0                CTIMER1_IRQHandler
 .text.SCT0_IRQHandler
                0x000019c8        0x8 ./startup/startup_lpc55s69_cm33_core0.o
                0x000019c8                SCT0_IRQHandler
 .text.CTIMER3_IRQHandler
                0x000019d0        0x8 ./startup/startup_lpc55s69_cm33_core0.o
                0x000019d0                CTIMER3_IRQHandler
 .text.FLEXCOMM0_IRQHandler
                0x000019d8        0x8 ./startup/startup_lpc55s69_cm33_core0.o
                0x000019d8                FLEXCOMM0_IRQHandler
 .text.FLEXCOMM1_IRQHandler
                0x000019e0        0x8 ./startup/startup_lpc55s69_cm33_core0.o
                0x000019e0                FLEXCOMM1_IRQHandler
 .text.FLEXCOMM2_IRQHandler
                0x000019e8        0x8 ./startup/startup_lpc55s69_cm33_core0.o
                0x000019e8                FLEXCOMM2_IRQHandler
 .text.FLEXCOMM3_IRQHandler
                0x000019f0        0x8 ./startup/startup_lpc55s69_cm33_core0.o
                0x000019f0                FLEXCOMM3_IRQHandler
 .text.FLEXCOMM4_IRQHandler
                0x000019f8        0x8 ./startup/startup_lpc55s69_cm33_core0.o
                0x000019f8                FLEXCOMM4_IRQHandler
 .text.FLEXCOMM5_IRQHandler
                0x00001a00        0x8 ./startup/startup_lpc55s69_cm33_core0.o
                0x00001a00                FLEXCOMM5_IRQHandler
 .text.FLEXCOMM6_IRQHandler
                0x00001a08        0x8 ./startup/startup_lpc55s69_cm33_core0.o
                0x00001a08                FLEXCOMM6_IRQHandler
 .text.FLEXCOMM7_IRQHandler
                0x00001a10        0x8 ./startup/startup_lpc55s69_cm33_core0.o
                0x00001a10                FLEXCOMM7_IRQHandler
 .text.ADC0_IRQHandler
                0x00001a18        0x8 ./startup/startup_lpc55s69_cm33_core0.o
                0x00001a18                ADC0_IRQHandler
 .text.Reserved39_IRQHandler
                0x00001a20        0x8 ./startup/startup_lpc55s69_cm33_core0.o
                0x00001a20                Reserved39_IRQHandler
 .text.ACMP_IRQHandler
                0x00001a28        0x8 ./startup/startup_lpc55s69_cm33_core0.o
                0x00001a28                ACMP_IRQHandler
 .text.Reserved41_IRQHandler
                0x00001a30        0x8 ./startup/startup_lpc55s69_cm33_core0.o
                0x00001a30                Reserved41_IRQHandler
 .text.Reserved42_IRQHandler
                0x00001a38        0x8 ./startup/startup_lpc55s69_cm33_core0.o
                0x00001a38                Reserved42_IRQHandler
 .text.USB0_NEEDCLK_IRQHandler
                0x00001a40        0x8 ./startup/startup_lpc55s69_cm33_core0.o
                0x00001a40                USB0_NEEDCLK_IRQHandler
 .text.USB0_IRQHandler
                0x00001a48        0x8 ./startup/startup_lpc55s69_cm33_core0.o
                0x00001a48                USB0_IRQHandler
 .text.RTC_IRQHandler
                0x00001a50        0x8 ./startup/startup_lpc55s69_cm33_core0.o
                0x00001a50                RTC_IRQHandler
 .text.Reserved46_IRQHandler
                0x00001a58        0x8 ./startup/startup_lpc55s69_cm33_core0.o
                0x00001a58                Reserved46_IRQHandler
 .text.MAILBOX_IRQHandler
                0x00001a60        0x8 ./startup/startup_lpc55s69_cm33_core0.o
                0x00001a60                MAILBOX_IRQHandler
 .text.PIN_INT4_IRQHandler
                0x00001a68        0x8 ./startup/startup_lpc55s69_cm33_core0.o
                0x00001a68                PIN_INT4_IRQHandler
 .text.PIN_INT5_IRQHandler
                0x00001a70        0x8 ./startup/startup_lpc55s69_cm33_core0.o
                0x00001a70                PIN_INT5_IRQHandler
 .text.PIN_INT6_IRQHandler
                0x00001a78        0x8 ./startup/startup_lpc55s69_cm33_core0.o
                0x00001a78                PIN_INT6_IRQHandler
 .text.PIN_INT7_IRQHandler
                0x00001a80        0x8 ./startup/startup_lpc55s69_cm33_core0.o
                0x00001a80                PIN_INT7_IRQHandler
 .text.CTIMER2_IRQHandler
                0x00001a88        0x8 ./startup/startup_lpc55s69_cm33_core0.o
                0x00001a88                CTIMER2_IRQHandler
 .text.CTIMER4_IRQHandler
                0x00001a90        0x8 ./startup/startup_lpc55s69_cm33_core0.o
                0x00001a90                CTIMER4_IRQHandler
 .text.OS_EVENT_IRQHandler
                0x00001a98        0x8 ./startup/startup_lpc55s69_cm33_core0.o
                0x00001a98                OS_EVENT_IRQHandler
 .text.Reserved55_IRQHandler
                0x00001aa0        0x8 ./startup/startup_lpc55s69_cm33_core0.o
                0x00001aa0                Reserved55_IRQHandler
 .text.Reserved56_IRQHandler
                0x00001aa8        0x8 ./startup/startup_lpc55s69_cm33_core0.o
                0x00001aa8                Reserved56_IRQHandler
 .text.Reserved57_IRQHandler
                0x00001ab0        0x8 ./startup/startup_lpc55s69_cm33_core0.o
                0x00001ab0                Reserved57_IRQHandler
 .text.SDIO_IRQHandler
                0x00001ab8        0x8 ./startup/startup_lpc55s69_cm33_core0.o
                0x00001ab8                SDIO_IRQHandler
 .text.Reserved59_IRQHandler
                0x00001ac0        0x8 ./startup/startup_lpc55s69_cm33_core0.o
                0x00001ac0                Reserved59_IRQHandler
 .text.Reserved60_IRQHandler
                0x00001ac8        0x8 ./startup/startup_lpc55s69_cm33_core0.o
                0x00001ac8                Reserved60_IRQHandler
 .text.Reserved61_IRQHandler
                0x00001ad0        0x8 ./startup/startup_lpc55s69_cm33_core0.o
                0x00001ad0                Reserved61_IRQHandler
 .text.USB1_PHY_IRQHandler
                0x00001ad8        0x8 ./startup/startup_lpc55s69_cm33_core0.o
                0x00001ad8                USB1_PHY_IRQHandler
 .text.USB1_IRQHandler
                0x00001ae0        0x8 ./startup/startup_lpc55s69_cm33_core0.o
                0x00001ae0                USB1_IRQHandler
 .text.USB1_NEEDCLK_IRQHandler
                0x00001ae8        0x8 ./startup/startup_lpc55s69_cm33_core0.o
                0x00001ae8                USB1_NEEDCLK_IRQHandler
 .text.SEC_HYPERVISOR_CALL_IRQHandler
                0x00001af0        0x8 ./startup/startup_lpc55s69_cm33_core0.o
                0x00001af0                SEC_HYPERVISOR_CALL_IRQHandler
 .text.SEC_GPIO_INT0_IRQ0_IRQHandler
                0x00001af8        0x8 ./startup/startup_lpc55s69_cm33_core0.o
                0x00001af8                SEC_GPIO_INT0_IRQ0_IRQHandler
 .text.SEC_GPIO_INT0_IRQ1_IRQHandler
                0x00001b00        0x8 ./startup/startup_lpc55s69_cm33_core0.o
                0x00001b00                SEC_GPIO_INT0_IRQ1_IRQHandler
 .text.PLU_IRQHandler
                0x00001b08        0x8 ./startup/startup_lpc55s69_cm33_core0.o
                0x00001b08                PLU_IRQHandler
 .text.SEC_VIO_IRQHandler
                0x00001b10        0x8 ./startup/startup_lpc55s69_cm33_core0.o
                0x00001b10                SEC_VIO_IRQHandler
 .text.HASHCRYPT_IRQHandler
                0x00001b18        0x8 ./startup/startup_lpc55s69_cm33_core0.o
                0x00001b18                HASHCRYPT_IRQHandler
 .text.CASER_IRQHandler
                0x00001b20        0x8 ./startup/startup_lpc55s69_cm33_core0.o
                0x00001b20                CASER_IRQHandler
 .text.PUF_IRQHandler
                0x00001b28        0x8 ./startup/startup_lpc55s69_cm33_core0.o
                0x00001b28                PUF_IRQHandler
 .text.PQ_IRQHandler
                0x00001b30        0x8 ./startup/startup_lpc55s69_cm33_core0.o
                0x00001b30                PQ_IRQHandler
 .text.DMA1_IRQHandler
                0x00001b38        0x8 ./startup/startup_lpc55s69_cm33_core0.o
                0x00001b38                DMA1_IRQHandler
 .text.FLEXCOMM8_IRQHandler
                0x00001b40        0x8 ./startup/startup_lpc55s69_cm33_core0.o
                0x00001b40                FLEXCOMM8_IRQHandler
 .text.strcmp_safe
                0x00001b48       0x24 ./source/hello_world.o
                0x00001b48                strcmp_safe
 .text.HardFault_Handler
                0x00001b6c       0x2a ./source/semihost_hardfault.o
                0x00001b6c                HardFault_Handler
 .text.findPll0PreDiv
                0x00001b96       0x1e ./drivers/fsl_clock.o
 .text.CLOCK_SetClkDiv
                0x00001bb4       0x34 ./drivers/fsl_clock.o
                0x00001bb4                CLOCK_SetClkDiv
 .text.CTIMER0_DriverIRQHandler
                0x00001be8        0x6 ./drivers/fsl_ctimer.o
                0x00001be8                CTIMER0_DriverIRQHandler
 .text.CTIMER1_DriverIRQHandler
                0x00001bee        0x6 ./drivers/fsl_ctimer.o
                0x00001bee                CTIMER1_DriverIRQHandler
 .text.CTIMER2_DriverIRQHandler
                0x00001bf4        0x6 ./drivers/fsl_ctimer.o
                0x00001bf4                CTIMER2_DriverIRQHandler
 .text.CTIMER3_DriverIRQHandler
                0x00001bfa        0x6 ./drivers/fsl_ctimer.o
                0x00001bfa                CTIMER3_DriverIRQHandler
 .text.CTIMER4_DriverIRQHandler
                0x00001c00        0x6 ./drivers/fsl_ctimer.o
                0x00001c00                CTIMER4_DriverIRQHandler
 .text.RESET_SetPeripheralReset
                0x00001c06       0x1c ./drivers/fsl_reset.o
                0x00001c06                RESET_SetPeripheralReset
 .text.RESET_ClearPeripheralReset
                0x00001c22       0x1e ./drivers/fsl_reset.o
                0x00001c22                RESET_ClearPeripheralReset
 .text.RESET_PeripheralReset
                0x00001c40        0xe ./drivers/fsl_reset.o
                0x00001c40                RESET_PeripheralReset
 .text.USART_GetDefaultConfig
                0x00001c4e       0x22 ./drivers/fsl_usart.o
                0x00001c4e                USART_GetDefaultConfig
 .text.USART_SetBaudRate
                0x00001c70       0xb2 ./drivers/fsl_usart.o
                0x00001c70                USART_SetBaudRate
 .text.USART_Init
                0x00001d22      0x132 ./drivers/fsl_usart.o
                0x00001d22                USART_Init
 .text.USART_WriteBlocking
                0x00001e54       0x32 ./drivers/fsl_usart.o
                0x00001e54                USART_WriteBlocking
 .text.USART_ReadBlocking
                0x00001e86       0x90 ./drivers/fsl_usart.o
                0x00001e86                USART_ReadBlocking
 .text.SystemInitHook
                0x00001f16        0x2 ./device/system_LPC55S69_cm33_core0.o
                0x00001f16                SystemInitHook
 .text.BOARD_InitBootClocks
                0x00001f18        0x4 ./board/clock_config.o
                0x00001f18                BOARD_InitBootClocks
 .text.BOARD_InitBootPeripherals
                0x00001f1c        0x4 ./board/peripherals.o
                0x00001f1c                BOARD_InitBootPeripherals
 .text.BOARD_InitBootPins
                0x00001f20        0x4 ./board/pin_mux.o
                0x00001f20                BOARD_InitBootPins
 .text.__main   0x00001f24        0xe c:/appz/nxp/mcuxpressoide_11.6.0_8187/ide/plugins/com.nxp.mcuxpresso.tools.win32_11.6.0.202112161359/tools/bin/../lib/gcc/arm-none-eabi/10.3.1/../../../../arm-none-eabi/lib/thumb/v8-m.main+fp/hard\libcr_nohost_nf.a(_cr__main.o)
                0x00001f24                __main
 .text.memcpy   0x00001f32        0x4 c:/appz/nxp/mcuxpressoide_11.6.0_8187/ide/plugins/com.nxp.mcuxpresso.tools.win32_11.6.0.202112161359/tools/bin/../lib/gcc/arm-none-eabi/10.3.1/../../../../arm-none-eabi/lib/thumb/v8-m.main+fp/hard\libcr_c.a(memcpy.o)
                0x00001f32                memcpy
 .text.memset   0x00001f36        0x4 c:/appz/nxp/mcuxpressoide_11.6.0_8187/ide/plugins/com.nxp.mcuxpresso.tools.win32_11.6.0.202112161359/tools/bin/../lib/gcc/arm-none-eabi/10.3.1/../../../../arm-none-eabi/lib/thumb/v8-m.main+fp/hard\libcr_c.a(memset.o)
                0x00001f36                memset
 .text.free     0x00001f3a       0x30 c:/appz/nxp/mcuxpressoide_11.6.0_8187/ide/plugins/com.nxp.mcuxpresso.tools.win32_11.6.0.202112161359/tools/bin/../lib/gcc/arm-none-eabi/10.3.1/../../../../arm-none-eabi/lib/thumb/v8-m.main+fp/hard\libcr_c.a(alloc.o)
                0x00001f3a                free
 .text.setvbuf  0x00001f6a       0x3e c:/appz/nxp/mcuxpressoide_11.6.0_8187/ide/plugins/com.nxp.mcuxpresso.tools.win32_11.6.0.202112161359/tools/bin/../lib/gcc/arm-none-eabi/10.3.1/../../../../arm-none-eabi/lib/thumb/v8-m.main+fp/hard\libcr_c.a(setvbuf.o)
                0x00001f6a                setvbuf
 .text.strlen   0x00001fa8       0x48 c:/appz/nxp/mcuxpressoide_11.6.0_8187/ide/plugins/com.nxp.mcuxpresso.tools.win32_11.6.0.202112161359/tools/bin/../lib/gcc/arm-none-eabi/10.3.1/../../../../arm-none-eabi/lib/thumb/v8-m.main+fp/hard\libcr_c.a(strlen.o)
                0x00001fa8                strlen
 .text._deferredlazyseek
                0x00001ff0       0x40 c:/appz/nxp/mcuxpressoide_11.6.0_8187/ide/plugins/com.nxp.mcuxpresso.tools.win32_11.6.0.202112161359/tools/bin/../lib/gcc/arm-none-eabi/10.3.1/../../../../arm-none-eabi/lib/thumb/v8-m.main+fp/hard\libcr_c.a(_deferredlazyseek.o)
                0x00001ff0                _deferredlazyseek
 .text._fdopen  0x00002030       0x68 c:/appz/nxp/mcuxpressoide_11.6.0_8187/ide/plugins/com.nxp.mcuxpresso.tools.win32_11.6.0.202112161359/tools/bin/../lib/gcc/arm-none-eabi/10.3.1/../../../../arm-none-eabi/lib/thumb/v8-m.main+fp/hard\libcr_c.a(_fdopen.o)
                0x00002030                _fdopen
 .text._fflush  0x00002098       0x52 c:/appz/nxp/mcuxpressoide_11.6.0_8187/ide/plugins/com.nxp.mcuxpresso.tools.win32_11.6.0.202112161359/tools/bin/../lib/gcc/arm-none-eabi/10.3.1/../../../../arm-none-eabi/lib/thumb/v8-m.main+fp/hard\libcr_c.a(_fflush.o)
                0x00002098                _fflush
 .text.fclose   0x000020ea       0x58 c:/appz/nxp/mcuxpressoide_11.6.0_8187/ide/plugins/com.nxp.mcuxpresso.tools.win32_11.6.0.202112161359/tools/bin/../lib/gcc/arm-none-eabi/10.3.1/../../../../arm-none-eabi/lib/thumb/v8-m.main+fp/hard\libcr_c.a(fclose.o)
                0x000020ea                fclose
 .text.remove   0x00002142       0x14 c:/appz/nxp/mcuxpressoide_11.6.0_8187/ide/plugins/com.nxp.mcuxpresso.tools.win32_11.6.0.202112161359/tools/bin/../lib/gcc/arm-none-eabi/10.3.1/../../../../arm-none-eabi/lib/thumb/v8-m.main+fp/hard\libcr_c.a(remove.o)
                0x00002142                remove
 .text._do_fflush
                0x00002156       0x40 c:/appz/nxp/mcuxpressoide_11.6.0_8187/ide/plugins/com.nxp.mcuxpresso.tools.win32_11.6.0.202112161359/tools/bin/../lib/gcc/arm-none-eabi/10.3.1/../../../../arm-none-eabi/lib/thumb/v8-m.main+fp/hard\libcr_c.a(_do_fflush.o)
                0x00002156                _do_fflush
 .text.__aeabi_division_uldivmod
                0x00002196      0x174 c:/appz/nxp/mcuxpressoide_11.6.0_8187/ide/plugins/com.nxp.mcuxpresso.tools.win32_11.6.0.202112161359/tools/bin/../lib/gcc/arm-none-eabi/10.3.1/thumb/v8-m.main+fp/hard\libcr_eabihelpers.a(division_64.o)
                0x00002196                __aeabi_uldivmod
                0x0000219a                __bhs_ldivmod1
 .text.__aeabi_division_idiv0
                0x0000230a        0x2 c:/appz/nxp/mcuxpressoide_11.6.0_8187/ide/plugins/com.nxp.mcuxpresso.tools.win32_11.6.0.202112161359/tools/bin/../lib/gcc/arm-none-eabi/10.3.1/thumb/v8-m.main+fp/hard\libcr_eabihelpers.a(division_idiv0.o)
                0x0000230a                __aeabi_idiv0
 .text.__aeabi_memcpy
                0x0000230c       0x34 c:/appz/nxp/mcuxpressoide_11.6.0_8187/ide/plugins/com.nxp.mcuxpresso.tools.win32_11.6.0.202112161359/tools/bin/../lib/gcc/arm-none-eabi/10.3.1/thumb/v8-m.main+fp/hard\libcr_eabihelpers.a(memcpy.o)
                0x0000230c                __aeabi_memcpy
                0x00002316                __aeabi_memcpy8
                0x00002316                __aeabi_memcpy4
 .text.__aeabi_memset_lowlevel
                0x00002340       0x32 c:/appz/nxp/mcuxpressoide_11.6.0_8187/ide/plugins/com.nxp.mcuxpresso.tools.win32_11.6.0.202112161359/tools/bin/../lib/gcc/arm-none-eabi/10.3.1/thumb/v8-m.main+fp/hard\libcr_eabihelpers.a(memcpy.o)
                0x00002340                __aeabi_lowlevel_memset
 .text.__sys_close
                0x00002372        0x6 c:/appz/nxp/mcuxpressoide_11.6.0_8187/ide/plugins/com.nxp.mcuxpresso.tools.win32_11.6.0.202112161359/tools/bin/../lib/gcc/arm-none-eabi/10.3.1/../../../../arm-none-eabi/lib/thumb/v8-m.main+fp/hard\libcr_nohost_nf.a(__sys_close.o)
                0x00002372                __sys_close
 .text.__sys_flen
                0x00002378        0x6 c:/appz/nxp/mcuxpressoide_11.6.0_8187/ide/plugins/com.nxp.mcuxpresso.tools.win32_11.6.0.202112161359/tools/bin/../lib/gcc/arm-none-eabi/10.3.1/../../../../arm-none-eabi/lib/thumb/v8-m.main+fp/hard\libcr_nohost_nf.a(__sys_flen.o)
                0x00002378                __sys_flen
 .text.__sys_istty
                0x0000237e        0x6 c:/appz/nxp/mcuxpressoide_11.6.0_8187/ide/plugins/com.nxp.mcuxpresso.tools.win32_11.6.0.202112161359/tools/bin/../lib/gcc/arm-none-eabi/10.3.1/../../../../arm-none-eabi/lib/thumb/v8-m.main+fp/hard\libcr_nohost_nf.a(__sys_istty.o)
                0x0000237e                __sys_istty
 .text.__sys_remove
                0x00002384        0x6 c:/appz/nxp/mcuxpressoide_11.6.0_8187/ide/plugins/com.nxp.mcuxpresso.tools.win32_11.6.0.202112161359/tools/bin/../lib/gcc/arm-none-eabi/10.3.1/../../../../arm-none-eabi/lib/thumb/v8-m.main+fp/hard\libcr_nohost_nf.a(__sys_remove.o)
                0x00002384                __sys_remove
 .text.__sys_seek
                0x0000238a        0x6 c:/appz/nxp/mcuxpressoide_11.6.0_8187/ide/plugins/com.nxp.mcuxpresso.tools.win32_11.6.0.202112161359/tools/bin/../lib/gcc/arm-none-eabi/10.3.1/../../../../arm-none-eabi/lib/thumb/v8-m.main+fp/hard\libcr_nohost_nf.a(__sys_seek.o)
                0x0000238a                __sys_seek
 .text.__sys_tmpnam
                0x00002390        0x6 c:/appz/nxp/mcuxpressoide_11.6.0_8187/ide/plugins/com.nxp.mcuxpresso.tools.win32_11.6.0.202112161359/tools/bin/../lib/gcc/arm-none-eabi/10.3.1/../../../../arm-none-eabi/lib/thumb/v8-m.main+fp/hard\libcr_nohost_nf.a(__sys_tmpnam.o)
                0x00002390                __sys_tmpnam
 .text.__sys_write
                0x00002396        0x4 c:/appz/nxp/mcuxpressoide_11.6.0_8187/ide/plugins/com.nxp.mcuxpresso.tools.win32_11.6.0.202112161359/tools/bin/../lib/gcc/arm-none-eabi/10.3.1/../../../../arm-none-eabi/lib/thumb/v8-m.main+fp/hard\libcr_nohost_nf.a(__sys_write.o)
                0x00002396                __sys_write
 *(SORT_BY_ALIGNMENT(.rodata) SORT_BY_ALIGNMENT(.rodata.*) SORT_BY_ALIGNMENT(.constdata) SORT_BY_ALIGNMENT(.constdata.*))
 *fill*         0x0000239a        0x2 ff
 .rodata.s_ctimerBases
                0x0000239c       0x14 ./drivers/fsl_ctimer.o
 .rodata.s_ctimerResets
                0x000023b0       0x14 ./drivers/fsl_ctimer.o
 .rodata.s_flexcommBaseAddrs
                0x000023c4       0x24 ./drivers/fsl_flexcomm.o
 .rodata.s_flexcommResets
                0x000023e8       0x24 ./drivers/fsl_flexcomm.o
 .rodata.s_UsartAdapterBase
                0x0000240c       0x20 ./component/uart/fsl_adapter_usart.o
 .rodata.CTIMER1_Match_0_config
                0x0000242c        0xc ./board/peripherals.o
                0x0000242c                CTIMER1_Match_0_config
 .rodata.CTIMER1_config
                0x00002438        0x8 ./board/peripherals.o
                0x00002438                CTIMER1_config
 .rodata.CTIMER2_Match_0_config
                0x00002440        0xc ./board/peripherals.o
                0x00002440                CTIMER2_Match_0_config
 .rodata.CTIMER2_config
                0x0000244c        0x8 ./board/peripherals.o
                0x0000244c                CTIMER2_config
 .rodata.__num_Ciob_streams
                0x00002454        0x4 c:/appz/nxp/mcuxpressoide_11.6.0_8187/ide/plugins/com.nxp.mcuxpresso.tools.win32_11.6.0.202112161359/tools/bin/../lib/gcc/arm-none-eabi/10.3.1/../../../../arm-none-eabi/lib/thumb/v8-m.main+fp/hard\libcr_nohost_nf.a(__ciob.o)
                0x00002454                __num_Ciob_streams
 .rodata.s_ctimerClocks
                0x00002458        0xa ./drivers/fsl_ctimer.o
 .rodata.s_flexcommClocks
                0x00002462       0x12 ./drivers/fsl_flexcomm.o
 .rodata.main.str1.1
                0x00002474       0x69 ./source/hello_world.o
                                 0x6c (size before relaxing)
 .rodata        0x000024dd       0x14 ./source/hello_world.o
 .rodata.s_ctimerIRQ
                0x000024f1        0x5 ./drivers/fsl_ctimer.o
 .rodata._initio.str1.1
                0x000024f6        0x4 c:/appz/nxp/mcuxpressoide_11.6.0_8187/ide/plugins/com.nxp.mcuxpresso.tools.win32_11.6.0.202112161359/tools/bin/../lib/gcc/arm-none-eabi/10.3.1/../../../../arm-none-eabi/lib/thumb/v8-m.main+fp/hard\libcr_c.a(initio.o)
                0x000024fc                . = ALIGN (0x4)
 *fill*         0x000024fa        0x2 ff
                0x000024fc                _etext = .

.glue_7         0x000024fc        0x0
 .glue_7        0x000024fc        0x0 linker stubs

.glue_7t        0x000024fc        0x0
 .glue_7t       0x000024fc        0x0 linker stubs

.vfp11_veneer   0x000024fc        0x0
 .vfp11_veneer  0x000024fc        0x0 linker stubs

.v4_bx          0x000024fc        0x0
 .v4_bx         0x000024fc        0x0 linker stubs

.iplt           0x000024fc        0x0
 .iplt          0x000024fc        0x0 ./utilities/fsl_debug_console.o

.rel.dyn        0x000024fc        0x0
 .rel.iplt      0x000024fc        0x0 ./utilities/fsl_debug_console.o

.m_usb_data
 *(SORT_BY_ALIGNMENT(m_usb_global))

.data_RAM2      0x04000000        0x0 load address 0x000024fc
 FILL mask 0xff
                [!provide]                PROVIDE (__start_data_RAM2 = .)
                [!provide]                PROVIDE (__start_data_SRAMX = .)
 *(SORT_BY_ALIGNMENT(.ramfunc.$RAM2))
 *(SORT_BY_ALIGNMENT(.ramfunc.$SRAMX))
 *(SORT_BY_ALIGNMENT(.data.$RAM2))
 *(SORT_BY_ALIGNMENT(.data.$SRAMX))
 *(SORT_BY_ALIGNMENT(.data.$RAM2.*))
 *(SORT_BY_ALIGNMENT(.data.$SRAMX.*))
                0x04000000                . = ALIGN (0x4)
                [!provide]                PROVIDE (__end_data_RAM2 = .)
                [!provide]                PROVIDE (__end_data_SRAMX = .)

.data_RAM3      0x40100000        0x0 load address 0x000024fc
 FILL mask 0xff
                [!provide]                PROVIDE (__start_data_RAM3 = .)
                [!provide]                PROVIDE (__start_data_USB_RAM = .)
 *(SORT_BY_ALIGNMENT(.ramfunc.$RAM3))
 *(SORT_BY_ALIGNMENT(.ramfunc.$USB_RAM))
 *(SORT_BY_ALIGNMENT(.data.$RAM3))
 *(SORT_BY_ALIGNMENT(.data.$USB_RAM))
 *(SORT_BY_ALIGNMENT(.data.$RAM3.*))
 *(SORT_BY_ALIGNMENT(.data.$USB_RAM.*))
                0x40100000                . = ALIGN (0x4)
                [!provide]                PROVIDE (__end_data_RAM3 = .)
                [!provide]                PROVIDE (__end_data_USB_RAM = .)

.data_RAM4      0x20040000        0x0 load address 0x000024fc
 FILL mask 0xff
                [!provide]                PROVIDE (__start_data_RAM4 = .)
                [!provide]                PROVIDE (__start_data_SRAM4 = .)
 *(SORT_BY_ALIGNMENT(.ramfunc.$RAM4))
 *(SORT_BY_ALIGNMENT(.ramfunc.$SRAM4))
 *(SORT_BY_ALIGNMENT(.data.$RAM4))
 *(SORT_BY_ALIGNMENT(.data.$SRAM4))
 *(SORT_BY_ALIGNMENT(.data.$RAM4.*))
 *(SORT_BY_ALIGNMENT(.data.$SRAM4.*))
                0x20040000                . = ALIGN (0x4)
                [!provide]                PROVIDE (__end_data_RAM4 = .)
                [!provide]                PROVIDE (__end_data_SRAM4 = .)

.uninit_RESERVED
                0x20000000        0x0
                0x20000000                _start_uninit_RESERVED = .
 *(SORT_BY_ALIGNMENT(.bss.$RESERVED*))
                0x20000000                . = ALIGN (0x4)
                0x20000000                _end_uninit_RESERVED = .

.data           0x20000000        0xc load address 0x000024fc
 FILL mask 0xff
                0x20000000                _data = .
                [!provide]                PROVIDE (__start_data_RAM = .)
                [!provide]                PROVIDE (__start_data_SRAM = .)
 *(SORT_BY_ALIGNMENT(vtable))
 *(SORT_BY_ALIGNMENT(.ramfunc*))
 *(SORT_BY_ALIGNMENT(CodeQuickAccess))
 *(SORT_BY_ALIGNMENT(DataQuickAccess))
 *(SORT_BY_ALIGNMENT(RamFunction))
 *(SORT_BY_ALIGNMENT(.data*))
 .data.s_Ext_Clk_Freq
                0x20000000        0x4 ./drivers/fsl_clock.o
 .data.SystemCoreClock
                0x20000004        0x4 ./device/system_LPC55S69_cm33_core0.o
                0x20000004                SystemCoreClock
 .data.CTIMER1_callback
                0x20000008        0x4 ./board/peripherals.o
                0x20000008                CTIMER1_callback
                0x2000000c                . = ALIGN (0x4)
                0x2000000c                _edata = .
                [!provide]                PROVIDE (__end_data_RAM = .)
                [!provide]                PROVIDE (__end_data_SRAM = .)

.igot.plt       0x2000000c        0x0 load address 0x00002508
 .igot.plt      0x2000000c        0x0 ./utilities/fsl_debug_console.o

.bss_RAM2       0x04000000        0x0
                [!provide]                PROVIDE (__start_bss_RAM2 = .)
                [!provide]                PROVIDE (__start_bss_SRAMX = .)
 *(SORT_BY_ALIGNMENT(.bss.$RAM2))
 *(SORT_BY_ALIGNMENT(.bss.$SRAMX))
 *(SORT_BY_ALIGNMENT(.bss.$RAM2.*))
 *(SORT_BY_ALIGNMENT(.bss.$SRAMX.*))
                0x04000000                . = ALIGN ((. != 0x0)?0x4:0x1)
                [!provide]                PROVIDE (__end_bss_RAM2 = .)
                [!provide]                PROVIDE (__end_bss_SRAMX = .)

.bss_RAM3       0x40100000        0x0
                [!provide]                PROVIDE (__start_bss_RAM3 = .)
                [!provide]                PROVIDE (__start_bss_USB_RAM = .)
 *(SORT_BY_ALIGNMENT(.bss.$RAM3))
 *(SORT_BY_ALIGNMENT(.bss.$USB_RAM))
 *(SORT_BY_ALIGNMENT(.bss.$RAM3.*))
 *(SORT_BY_ALIGNMENT(.bss.$USB_RAM.*))
                0x40100000                . = ALIGN ((. != 0x0)?0x4:0x1)
                [!provide]                PROVIDE (__end_bss_RAM3 = .)
                [!provide]                PROVIDE (__end_bss_USB_RAM = .)

.bss_RAM4       0x20040000        0x0
                [!provide]                PROVIDE (__start_bss_RAM4 = .)
                [!provide]                PROVIDE (__start_bss_SRAM4 = .)
 *(SORT_BY_ALIGNMENT(.bss.$RAM4))
 *(SORT_BY_ALIGNMENT(.bss.$SRAM4))
 *(SORT_BY_ALIGNMENT(.bss.$RAM4.*))
 *(SORT_BY_ALIGNMENT(.bss.$SRAM4.*))
                0x20040000                . = ALIGN ((. != 0x0)?0x4:0x1)
                [!provide]                PROVIDE (__end_bss_RAM4 = .)
                [!provide]                PROVIDE (__end_bss_SRAM4 = .)

.bss            0x2000000c      0x53c
                0x2000000c                _bss = .
                [!provide]                PROVIDE (__start_bss_RAM = .)
                [!provide]                PROVIDE (__start_bss_SRAM = .)
 *(SORT_BY_ALIGNMENT(.bss*))
 .bss.s_debugConsole
                0x2000000c       0x14 ./utilities/fsl_debug_console.o
 .bss.Sample_f  0x20000020        0x4 ./source/hello_world.o
                0x20000020                Sample_f
 .bss.SinTable_f
                0x20000024      0x400 ./source/hello_world.o
                0x20000024                SinTable_f
 .bss.index     0x20000424        0x4 ./source/hello_world.o
                0x20000424                index
 .bss.s_Pll0_Freq
                0x20000428        0x4 ./drivers/fsl_clock.o
 .bss.s_ctimerCallback
                0x2000042c       0x14 ./drivers/fsl_ctimer.o
 .bss.s_flexcommHandle
                0x20000440       0x24 ./drivers/fsl_flexcomm.o
 .bss.s_flexcommIrqHandler
                0x20000464       0x24 ./drivers/fsl_flexcomm.o
 .bss.errno     0x20000488        0x4 c:/appz/nxp/mcuxpressoide_11.6.0_8187/ide/plugins/com.nxp.mcuxpresso.tools.win32_11.6.0.202112161359/tools/bin/../lib/gcc/arm-none-eabi/10.3.1/../../../../arm-none-eabi/lib/thumb/v8-m.main+fp/hard\libcr_c.a(errno.o)
                0x20000488                errno
 .bss.__Ciob    0x2000048c       0xb4 c:/appz/nxp/mcuxpressoide_11.6.0_8187/ide/plugins/com.nxp.mcuxpresso.tools.win32_11.6.0.202112161359/tools/bin/../lib/gcc/arm-none-eabi/10.3.1/../../../../arm-none-eabi/lib/thumb/v8-m.main+fp/hard\libcr_nohost_nf.a(__ciob.o)
                0x2000048c                __Ciob
 .bss.ctimerCallbackType
                0x20000540        0x5 ./drivers/fsl_ctimer.o
 *(SORT_BY_ALIGNMENT(COMMON))
                0x20000548                . = ALIGN (0x4)
 *fill*         0x20000545        0x3 
                0x20000548                _ebss = .
                [!provide]                PROVIDE (__end_bss_RAM = .)
                [!provide]                PROVIDE (__end_bss_SRAM = .)
                [!provide]                PROVIDE (end = .)

.noinit_RAM2    0x04000000        0x0
                [!provide]                PROVIDE (__start_noinit_RAM2 = .)
                [!provide]                PROVIDE (__start_noinit_SRAMX = .)
 *(SORT_BY_ALIGNMENT(.noinit.$RAM2))
 *(SORT_BY_ALIGNMENT(.noinit.$SRAMX))
 *(SORT_BY_ALIGNMENT(.noinit.$RAM2.*))
 *(SORT_BY_ALIGNMENT(.noinit.$SRAMX.*))
                0x04000000                . = ALIGN (0x4)
                [!provide]                PROVIDE (__end_noinit_RAM2 = .)
                [!provide]                PROVIDE (__end_noinit_SRAMX = .)

.noinit_RAM3    0x40100000        0x0
                [!provide]                PROVIDE (__start_noinit_RAM3 = .)
                [!provide]                PROVIDE (__start_noinit_USB_RAM = .)
 *(SORT_BY_ALIGNMENT(.noinit.$RAM3))
 *(SORT_BY_ALIGNMENT(.noinit.$USB_RAM))
 *(SORT_BY_ALIGNMENT(.noinit.$RAM3.*))
 *(SORT_BY_ALIGNMENT(.noinit.$USB_RAM.*))
                0x40100000                . = ALIGN (0x4)
                [!provide]                PROVIDE (__end_noinit_RAM3 = .)
                [!provide]                PROVIDE (__end_noinit_USB_RAM = .)

.noinit_RAM4    0x20040000        0x0
                [!provide]                PROVIDE (__start_noinit_RAM4 = .)
                [!provide]                PROVIDE (__start_noinit_SRAM4 = .)
 *(SORT_BY_ALIGNMENT(.noinit.$RAM4))
 *(SORT_BY_ALIGNMENT(.noinit.$SRAM4))
 *(SORT_BY_ALIGNMENT(.noinit.$RAM4.*))
 *(SORT_BY_ALIGNMENT(.noinit.$SRAM4.*))
                0x20040000                . = ALIGN (0x4)
                [!provide]                PROVIDE (__end_noinit_RAM4 = .)
                [!provide]                PROVIDE (__end_noinit_SRAM4 = .)

.noinit         0x20000548        0x0
                0x20000548                _noinit = .
                [!provide]                PROVIDE (__start_noinit_RAM = .)
                [!provide]                PROVIDE (__start_noinit_SRAM = .)
 *(SORT_BY_ALIGNMENT(.noinit*))
                0x20000548                . = ALIGN (0x4)
                0x20000548                _end_noinit = .
                [!provide]                PROVIDE (__end_noinit_RAM = .)
                [!provide]                PROVIDE (__end_noinit_SRAM = .)

.ARM.extab
 *(SORT_BY_ALIGNMENT(.ARM.extab*) SORT_BY_ALIGNMENT(.gnu.linkonce.armextab.*))

.ARM.exidx      0x00002508        0x0
                0x00002508                __exidx_start = .
 *(SORT_BY_ALIGNMENT(.ARM.exidx*) SORT_BY_ALIGNMENT(.gnu.linkonce.armexidx.*))
                0x00002508                __exidx_end = .
                0x00001000                _HeapSize = 0x1000

.heap           0x20000548     0x1000
                0x20000548                _pvHeapStart = .
                0x20001548                . = (. + _HeapSize)
 *fill*         0x20000548     0x1000 
                0x20001548                . = ALIGN (0x4)
                0x20001548                _pvHeapLimit = .
                0x00001000                _StackSize = 0x1000

.heap2stackfill
                0x20001548     0x1000
                0x20002548                . = (. + _StackSize)
 *fill*         0x20001548     0x1000 

.stack          0x2003f000        0x0
                0x2003f000                _vStackBase = .
                0x2003f000                . = ALIGN (0x4)
                0x20040000                _vStackTop = (. + _StackSize)
                [!provide]                PROVIDE (__valid_user_code_checksum = (0x0 - ((((((_vStackTop + (ResetISR + 0x1)) + (NMI_Handler + 0x1)) + (HardFault_Handler + 0x1)) + (DEFINED (MemManage_Handler)?MemManage_Handler:0x0 + 0x1)) + (DEFINED (BusFault_Handler)?BusFault_Handler:0x0 + 0x1)) + (DEFINED (UsageFault_Handler)?UsageFault_Handler:0x0 + 0x1))))
                0x00000000                _image_start = LOADADDR (.text)
                0x00002508                _image_end = (LOADADDR (.data) + SIZEOF (.data))
                0x00002508                _image_size = (_image_end - _image_start)
OUTPUT(lpcxpresso55s69_hello_world.axf elf32-littlearm)
LOAD linker stubs

.debug_info     0x00000000    0x1a324
 .debug_info    0x00000000     0x11ea ./utilities/fsl_debug_console.o
 .debug_info    0x000011ea      0x9fd ./startup/startup_lpc55s69_cm33_core0.o
 .debug_info    0x00001be7     0x252b ./source/hello_world.o
 .debug_info    0x00004112       0x38 ./source/semihost_hardfault.o
 .debug_info    0x0000414a     0x4651 ./drivers/fsl_clock.o
 .debug_info    0x0000879b      0x12d ./drivers/fsl_common_arm.o
 .debug_info    0x000088c8     0x267b ./drivers/fsl_ctimer.o
 .debug_info    0x0000af43     0x1cb1 ./drivers/fsl_flexcomm.o
 .debug_info    0x0000cbf4     0x309e ./drivers/fsl_power.o
 .debug_info    0x0000fc92     0x15c2 ./drivers/fsl_powerquad_basic.o
 .debug_info    0x00011254      0xf1e ./drivers/fsl_reset.o
 .debug_info    0x00012172     0x1def ./drivers/fsl_usart.o
 .debug_info    0x00013f61     0x168a ./device/system_LPC55S69_cm33_core0.o
 .debug_info    0x000155eb      0xda5 ./component/uart/fsl_adapter_usart.o
 .debug_info    0x00016390      0x8f2 ./board/board.o
 .debug_info    0x00016c82     0x1d79 ./board/clock_config.o
 .debug_info    0x000189fb      0x8a2 ./board/peripherals.o
 .debug_info    0x0001929d     0x1087 ./board/pin_mux.o

.debug_abbrev   0x00000000     0x300e
 .debug_abbrev  0x00000000      0x3a3 ./utilities/fsl_debug_console.o
 .debug_abbrev  0x000003a3      0x162 ./startup/startup_lpc55s69_cm33_core0.o
 .debug_abbrev  0x00000505      0x371 ./source/hello_world.o
 .debug_abbrev  0x00000876       0x2e ./source/semihost_hardfault.o
 .debug_abbrev  0x000008a4      0x56c ./drivers/fsl_clock.o
 .debug_abbrev  0x00000e10       0xd9 ./drivers/fsl_common_arm.o
 .debug_abbrev  0x00000ee9      0x490 ./drivers/fsl_ctimer.o
 .debug_abbrev  0x00001379      0x36f ./drivers/fsl_flexcomm.o
 .debug_abbrev  0x000016e8      0x3fc ./drivers/fsl_power.o
 .debug_abbrev  0x00001ae4      0x23e ./drivers/fsl_powerquad_basic.o
 .debug_abbrev  0x00001d22      0x181 ./drivers/fsl_reset.o
 .debug_abbrev  0x00001ea3      0x473 ./drivers/fsl_usart.o
 .debug_abbrev  0x00002316      0x27c ./device/system_LPC55S69_cm33_core0.o
 .debug_abbrev  0x00002592      0x2c7 ./component/uart/fsl_adapter_usart.o
 .debug_abbrev  0x00002859      0x101 ./board/board.o
 .debug_abbrev  0x0000295a      0x273 ./board/clock_config.o
 .debug_abbrev  0x00002bcd      0x247 ./board/peripherals.o
 .debug_abbrev  0x00002e14      0x1fa ./board/pin_mux.o

.debug_loc      0x00000000     0x8497
 .debug_loc     0x00000000     0x10c8 ./utilities/fsl_debug_console.o
 .debug_loc     0x000010c8      0x16a ./startup/startup_lpc55s69_cm33_core0.o
 .debug_loc     0x00001232      0x434 ./source/hello_world.o
 .debug_loc     0x00001666     0x2589 ./drivers/fsl_clock.o
 .debug_loc     0x00003bef      0x110 ./drivers/fsl_common_arm.o
 .debug_loc     0x00003cff      0xca4 ./drivers/fsl_ctimer.o
 .debug_loc     0x000049a3      0x32a ./drivers/fsl_flexcomm.o
 .debug_loc     0x00004ccd     0x1b58 ./drivers/fsl_power.o
 .debug_loc     0x00006825      0x114 ./drivers/fsl_powerquad_basic.o
 .debug_loc     0x00006939       0xce ./drivers/fsl_reset.o
 .debug_loc     0x00006a07     0x1180 ./drivers/fsl_usart.o
 .debug_loc     0x00007b87      0x375 ./device/system_LPC55S69_cm33_core0.o
 .debug_loc     0x00007efc      0x2c0 ./component/uart/fsl_adapter_usart.o
 .debug_loc     0x000081bc      0x17b ./board/clock_config.o
 .debug_loc     0x00008337       0x1a ./board/peripherals.o
 .debug_loc     0x00008351      0x146 ./board/pin_mux.o

.debug_aranges  0x00000000      0x910
 .debug_aranges
                0x00000000       0x60 ./utilities/fsl_debug_console.o
 .debug_aranges
                0x00000060      0x268 ./startup/startup_lpc55s69_cm33_core0.o
 .debug_aranges
                0x000002c8       0x38 ./source/hello_world.o
 .debug_aranges
                0x00000300       0x20 ./source/semihost_hardfault.o
 .debug_aranges
                0x00000320      0x1b8 ./drivers/fsl_clock.o
 .debug_aranges
                0x000004d8       0x20 ./drivers/fsl_common_arm.o
 .debug_aranges
                0x000004f8       0xa8 ./drivers/fsl_ctimer.o
 .debug_aranges
                0x000005a0       0x78 ./drivers/fsl_flexcomm.o
 .debug_aranges
                0x00000618       0x88 ./drivers/fsl_power.o
 .debug_aranges
                0x000006a0       0x40 ./drivers/fsl_powerquad_basic.o
 .debug_aranges
                0x000006e0       0x30 ./drivers/fsl_reset.o
 .debug_aranges
                0x00000710       0xc8 ./drivers/fsl_usart.o
 .debug_aranges
                0x000007d8       0x38 ./device/system_LPC55S69_cm33_core0.o
 .debug_aranges
                0x00000810       0x40 ./component/uart/fsl_adapter_usart.o
 .debug_aranges
                0x00000850       0x28 ./board/board.o
 .debug_aranges
                0x00000878       0x48 ./board/clock_config.o
 .debug_aranges
                0x000008c0       0x28 ./board/peripherals.o
 .debug_aranges
                0x000008e8       0x28 ./board/pin_mux.o

.debug_ranges   0x00000000     0x1208
 .debug_ranges  0x00000000       0xf0 ./utilities/fsl_debug_console.o
 .debug_ranges  0x000000f0      0x258 ./startup/startup_lpc55s69_cm33_core0.o
 .debug_ranges  0x00000348       0xd0 ./source/hello_world.o
 .debug_ranges  0x00000418       0x10 ./source/semihost_hardfault.o
 .debug_ranges  0x00000428      0x588 ./drivers/fsl_clock.o
 .debug_ranges  0x000009b0       0x28 ./drivers/fsl_common_arm.o
 .debug_ranges  0x000009d8      0x100 ./drivers/fsl_ctimer.o
 .debug_ranges  0x00000ad8       0xb0 ./drivers/fsl_flexcomm.o
 .debug_ranges  0x00000b88      0x1d0 ./drivers/fsl_power.o
 .debug_ranges  0x00000d58       0x48 ./drivers/fsl_powerquad_basic.o
 .debug_ranges  0x00000da0       0x20 ./drivers/fsl_reset.o
 .debug_ranges  0x00000dc0      0x160 ./drivers/fsl_usart.o
 .debug_ranges  0x00000f20       0xf8 ./device/system_LPC55S69_cm33_core0.o
 .debug_ranges  0x00001018       0x50 ./component/uart/fsl_adapter_usart.o
 .debug_ranges  0x00001068       0x18 ./board/board.o
 .debug_ranges  0x00001080      0x120 ./board/clock_config.o
 .debug_ranges  0x000011a0       0x50 ./board/peripherals.o
 .debug_ranges  0x000011f0       0x18 ./board/pin_mux.o

.debug_line     0x00000000     0x8875
 .debug_line    0x00000000      0xba1 ./utilities/fsl_debug_console.o
 .debug_line    0x00000ba1      0xa01 ./startup/startup_lpc55s69_cm33_core0.o
 .debug_line    0x000015a2      0x653 ./source/hello_world.o
 .debug_line    0x00001bf5       0x58 ./source/semihost_hardfault.o
 .debug_line    0x00001c4d     0x209e ./drivers/fsl_clock.o
 .debug_line    0x00003ceb      0x109 ./drivers/fsl_common_arm.o
 .debug_line    0x00003df4      0x940 ./drivers/fsl_ctimer.o
 .debug_line    0x00004734      0x469 ./drivers/fsl_flexcomm.o
 .debug_line    0x00004b9d     0x1145 ./drivers/fsl_power.o
 .debug_line    0x00005ce2      0x2f7 ./drivers/fsl_powerquad_basic.o
 .debug_line    0x00005fd9      0x1e1 ./drivers/fsl_reset.o
 .debug_line    0x000061ba     0x1257 ./drivers/fsl_usart.o
 .debug_line    0x00007411      0x5a1 ./device/system_LPC55S69_cm33_core0.o
 .debug_line    0x000079b2      0x3da ./component/uart/fsl_adapter_usart.o
 .debug_line    0x00007d8c      0x1ac ./board/board.o
 .debug_line    0x00007f38      0x538 ./board/clock_config.o
 .debug_line    0x00008470      0x1f8 ./board/peripherals.o
 .debug_line    0x00008668      0x20d ./board/pin_mux.o

.debug_str      0x00000000     0x834b
 .debug_str     0x00000000     0x12d4 ./utilities/fsl_debug_console.o
                               0x1343 (size before relaxing)
 .debug_str     0x000012d4      0x65d ./startup/startup_lpc55s69_cm33_core0.o
                                0x78e (size before relaxing)
 .debug_str     0x00001931     0x1dbb ./source/hello_world.o
                               0x29d9 (size before relaxing)
 .debug_str     0x000036ec       0x1f ./source/semihost_hardfault.o
                                0x14f (size before relaxing)
 .debug_str     0x0000370b     0x1812 ./drivers/fsl_clock.o
                               0x39a2 (size before relaxing)
 .debug_str     0x00004f1d       0x40 ./drivers/fsl_common_arm.o
                                0x219 (size before relaxing)
 .debug_str     0x00004f5d     0x11a5 ./drivers/fsl_ctimer.o
                               0x2b56 (size before relaxing)
 .debug_str     0x00006102      0x2d2 ./drivers/fsl_flexcomm.o
                               0x264d (size before relaxing)
 .debug_str     0x000063d4      0xe3e ./drivers/fsl_power.o
                               0x3019 (size before relaxing)
 .debug_str     0x00007212      0x166 ./drivers/fsl_powerquad_basic.o
                               0x170a (size before relaxing)
 .debug_str     0x00007378       0x6e ./drivers/fsl_reset.o
                                0xf9f (size before relaxing)
 .debug_str     0x000073e6      0xc1d ./drivers/fsl_usart.o
                               0x1ef2 (size before relaxing)
 .debug_str     0x00008003       0x84 ./device/system_LPC55S69_cm33_core0.o
                                0xd37 (size before relaxing)
 .debug_str     0x00008087       0xee ./component/uart/fsl_adapter_usart.o
                               0x14b7 (size before relaxing)
 .debug_str     0x00008175       0x3d ./board/board.o
                               0x15f6 (size before relaxing)
 .debug_str     0x000081b2       0x97 ./board/clock_config.o
                               0x1d06 (size before relaxing)
 .debug_str     0x00008249       0x8e ./board/peripherals.o
                                0xf93 (size before relaxing)
 .debug_str     0x000082d7       0x74 ./board/pin_mux.o
                                0xf0a (size before relaxing)

.comment        0x00000000       0x49
 .comment       0x00000000       0x49 ./utilities/fsl_debug_console.o
                                 0x4a (size before relaxing)
 .comment       0x00000049       0x4a ./startup/startup_lpc55s69_cm33_core0.o
 .comment       0x00000049       0x4a ./source/hello_world.o
 .comment       0x00000049       0x4a ./source/semihost_hardfault.o
 .comment       0x00000049       0x4a ./drivers/fsl_clock.o
 .comment       0x00000049       0x4a ./drivers/fsl_common_arm.o
 .comment       0x00000049       0x4a ./drivers/fsl_ctimer.o
 .comment       0x00000049       0x4a ./drivers/fsl_flexcomm.o
 .comment       0x00000049       0x4a ./drivers/fsl_power.o
 .comment       0x00000049       0x4a ./drivers/fsl_powerquad_basic.o
 .comment       0x00000049       0x4a ./drivers/fsl_reset.o
 .comment       0x00000049       0x4a ./drivers/fsl_usart.o
 .comment       0x00000049       0x4a ./device/system_LPC55S69_cm33_core0.o
 .comment       0x00000049       0x4a ./component/uart/fsl_adapter_usart.o
 .comment       0x00000049       0x4a ./board/board.o
 .comment       0x00000049       0x4a ./board/clock_config.o
 .comment       0x00000049       0x4a ./board/peripherals.o
 .comment       0x00000049       0x4a ./board/pin_mux.o
 .comment       0x00000049       0x4a c:/appz/nxp/mcuxpressoide_11.6.0_8187/ide/plugins/com.nxp.mcuxpresso.tools.win32_11.6.0.202112161359/tools/bin/../lib/gcc/arm-none-eabi/10.3.1/../../../../arm-none-eabi/lib/thumb/v8-m.main+fp/hard\libcr_nohost_nf.a(_cr__main.o)
 .comment       0x00000049       0x4a c:/appz/nxp/mcuxpressoide_11.6.0_8187/ide/plugins/com.nxp.mcuxpresso.tools.win32_11.6.0.202112161359/tools/bin/../lib/gcc/arm-none-eabi/10.3.1/../../../../arm-none-eabi/lib/thumb/v8-m.main+fp/hard\libcr_c.a(memcpy.o)
 .comment       0x00000049       0x4a c:/appz/nxp/mcuxpressoide_11.6.0_8187/ide/plugins/com.nxp.mcuxpresso.tools.win32_11.6.0.202112161359/tools/bin/../lib/gcc/arm-none-eabi/10.3.1/../../../../arm-none-eabi/lib/thumb/v8-m.main+fp/hard\libcr_c.a(memset.o)
 .comment       0x00000049       0x4a c:/appz/nxp/mcuxpressoide_11.6.0_8187/ide/plugins/com.nxp.mcuxpresso.tools.win32_11.6.0.202112161359/tools/bin/../lib/gcc/arm-none-eabi/10.3.1/../../../../arm-none-eabi/lib/thumb/v8-m.main+fp/hard\libcr_c.a(alloc.o)
 .comment       0x00000049       0x4a c:/appz/nxp/mcuxpressoide_11.6.0_8187/ide/plugins/com.nxp.mcuxpresso.tools.win32_11.6.0.202112161359/tools/bin/../lib/gcc/arm-none-eabi/10.3.1/../../../../arm-none-eabi/lib/thumb/v8-m.main+fp/hard\libcr_c.a(errno.o)
 .comment       0x00000049       0x4a c:/appz/nxp/mcuxpressoide_11.6.0_8187/ide/plugins/com.nxp.mcuxpresso.tools.win32_11.6.0.202112161359/tools/bin/../lib/gcc/arm-none-eabi/10.3.1/../../../../arm-none-eabi/lib/thumb/v8-m.main+fp/hard\libcr_c.a(initio.o)
 .comment       0x00000049       0x4a c:/appz/nxp/mcuxpressoide_11.6.0_8187/ide/plugins/com.nxp.mcuxpresso.tools.win32_11.6.0.202112161359/tools/bin/../lib/gcc/arm-none-eabi/10.3.1/../../../../arm-none-eabi/lib/thumb/v8-m.main+fp/hard\libcr_c.a(setvbuf.o)
 .comment       0x00000049       0x4a c:/appz/nxp/mcuxpressoide_11.6.0_8187/ide/plugins/com.nxp.mcuxpresso.tools.win32_11.6.0.202112161359/tools/bin/../lib/gcc/arm-none-eabi/10.3.1/../../../../arm-none-eabi/lib/thumb/v8-m.main+fp/hard\libcr_c.a(strlen.o)
 .comment       0x00000049       0x4a c:/appz/nxp/mcuxpressoide_11.6.0_8187/ide/plugins/com.nxp.mcuxpresso.tools.win32_11.6.0.202112161359/tools/bin/../lib/gcc/arm-none-eabi/10.3.1/../../../../arm-none-eabi/lib/thumb/v8-m.main+fp/hard\libcr_c.a(_deferredlazyseek.o)
 .comment       0x00000049       0x4a c:/appz/nxp/mcuxpressoide_11.6.0_8187/ide/plugins/com.nxp.mcuxpresso.tools.win32_11.6.0.202112161359/tools/bin/../lib/gcc/arm-none-eabi/10.3.1/../../../../arm-none-eabi/lib/thumb/v8-m.main+fp/hard\libcr_c.a(_fdopen.o)
 .comment       0x00000049       0x4a c:/appz/nxp/mcuxpressoide_11.6.0_8187/ide/plugins/com.nxp.mcuxpresso.tools.win32_11.6.0.202112161359/tools/bin/../lib/gcc/arm-none-eabi/10.3.1/../../../../arm-none-eabi/lib/thumb/v8-m.main+fp/hard\libcr_c.a(_fflush.o)
 .comment       0x00000049       0x4a c:/appz/nxp/mcuxpressoide_11.6.0_8187/ide/plugins/com.nxp.mcuxpresso.tools.win32_11.6.0.202112161359/tools/bin/../lib/gcc/arm-none-eabi/10.3.1/../../../../arm-none-eabi/lib/thumb/v8-m.main+fp/hard\libcr_c.a(_writebuf.o)
 .comment       0x00000049       0x4a c:/appz/nxp/mcuxpressoide_11.6.0_8187/ide/plugins/com.nxp.mcuxpresso.tools.win32_11.6.0.202112161359/tools/bin/../lib/gcc/arm-none-eabi/10.3.1/../../../../arm-none-eabi/lib/thumb/v8-m.main+fp/hard\libcr_c.a(fclose.o)
 .comment       0x00000049       0x4a c:/appz/nxp/mcuxpressoide_11.6.0_8187/ide/plugins/com.nxp.mcuxpresso.tools.win32_11.6.0.202112161359/tools/bin/../lib/gcc/arm-none-eabi/10.3.1/../../../../arm-none-eabi/lib/thumb/v8-m.main+fp/hard\libcr_c.a(fflush.o)
 .comment       0x00000049       0x4a c:/appz/nxp/mcuxpressoide_11.6.0_8187/ide/plugins/com.nxp.mcuxpresso.tools.win32_11.6.0.202112161359/tools/bin/../lib/gcc/arm-none-eabi/10.3.1/../../../../arm-none-eabi/lib/thumb/v8-m.main+fp/hard\libcr_c.a(fseek.o)
 .comment       0x00000049       0x4a c:/appz/nxp/mcuxpressoide_11.6.0_8187/ide/plugins/com.nxp.mcuxpresso.tools.win32_11.6.0.202112161359/tools/bin/../lib/gcc/arm-none-eabi/10.3.1/../../../../arm-none-eabi/lib/thumb/v8-m.main+fp/hard\libcr_c.a(ftell.o)
 .comment       0x00000049       0x4a c:/appz/nxp/mcuxpressoide_11.6.0_8187/ide/plugins/com.nxp.mcuxpresso.tools.win32_11.6.0.202112161359/tools/bin/../lib/gcc/arm-none-eabi/10.3.1/../../../../arm-none-eabi/lib/thumb/v8-m.main+fp/hard\libcr_c.a(remove.o)
 .comment       0x00000049       0x4a c:/appz/nxp/mcuxpressoide_11.6.0_8187/ide/plugins/com.nxp.mcuxpresso.tools.win32_11.6.0.202112161359/tools/bin/../lib/gcc/arm-none-eabi/10.3.1/../../../../arm-none-eabi/lib/thumb/v8-m.main+fp/hard\libcr_c.a(_do_fflush.o)
 .comment       0x00000049       0x4a c:/appz/nxp/mcuxpressoide_11.6.0_8187/ide/plugins/com.nxp.mcuxpresso.tools.win32_11.6.0.202112161359/tools/bin/../lib/gcc/arm-none-eabi/10.3.1/thumb/v8-m.main+fp/hard\libcr_eabihelpers.a(double.o)
 .comment       0x00000049       0x4a c:/appz/nxp/mcuxpressoide_11.6.0_8187/ide/plugins/com.nxp.mcuxpresso.tools.win32_11.6.0.202112161359/tools/bin/../lib/gcc/arm-none-eabi/10.3.1/thumb/v8-m.main+fp/hard\libcr_eabihelpers.a(float.o)
 .comment       0x00000049       0x4a c:/appz/nxp/mcuxpressoide_11.6.0_8187/ide/plugins/com.nxp.mcuxpresso.tools.win32_11.6.0.202112161359/tools/bin/../lib/gcc/arm-none-eabi/10.3.1/../../../../arm-none-eabi/lib/thumb/v8-m.main+fp/hard\libcr_nohost_nf.a(__ciob.o)
 .comment       0x00000049       0x4a c:/appz/nxp/mcuxpressoide_11.6.0_8187/ide/plugins/com.nxp.mcuxpresso.tools.win32_11.6.0.202112161359/tools/bin/../lib/gcc/arm-none-eabi/10.3.1/../../../../arm-none-eabi/lib/thumb/v8-m.main+fp/hard\libcr_nohost_nf.a(__sys_close.o)
 .comment       0x00000049       0x4a c:/appz/nxp/mcuxpressoide_11.6.0_8187/ide/plugins/com.nxp.mcuxpresso.tools.win32_11.6.0.202112161359/tools/bin/../lib/gcc/arm-none-eabi/10.3.1/../../../../arm-none-eabi/lib/thumb/v8-m.main+fp/hard\libcr_nohost_nf.a(__sys_flen.o)
 .comment       0x00000049       0x4a c:/appz/nxp/mcuxpressoide_11.6.0_8187/ide/plugins/com.nxp.mcuxpresso.tools.win32_11.6.0.202112161359/tools/bin/../lib/gcc/arm-none-eabi/10.3.1/../../../../arm-none-eabi/lib/thumb/v8-m.main+fp/hard\libcr_nohost_nf.a(__sys_istty.o)
 .comment       0x00000049       0x4a c:/appz/nxp/mcuxpressoide_11.6.0_8187/ide/plugins/com.nxp.mcuxpresso.tools.win32_11.6.0.202112161359/tools/bin/../lib/gcc/arm-none-eabi/10.3.1/../../../../arm-none-eabi/lib/thumb/v8-m.main+fp/hard\libcr_nohost_nf.a(__sys_remove.o)
 .comment       0x00000049       0x4a c:/appz/nxp/mcuxpressoide_11.6.0_8187/ide/plugins/com.nxp.mcuxpresso.tools.win32_11.6.0.202112161359/tools/bin/../lib/gcc/arm-none-eabi/10.3.1/../../../../arm-none-eabi/lib/thumb/v8-m.main+fp/hard\libcr_nohost_nf.a(__sys_seek.o)
 .comment       0x00000049       0x4a c:/appz/nxp/mcuxpressoide_11.6.0_8187/ide/plugins/com.nxp.mcuxpresso.tools.win32_11.6.0.202112161359/tools/bin/../lib/gcc/arm-none-eabi/10.3.1/../../../../arm-none-eabi/lib/thumb/v8-m.main+fp/hard\libcr_nohost_nf.a(__sys_tmpnam.o)
 .comment       0x00000049       0x4a c:/appz/nxp/mcuxpressoide_11.6.0_8187/ide/plugins/com.nxp.mcuxpresso.tools.win32_11.6.0.202112161359/tools/bin/../lib/gcc/arm-none-eabi/10.3.1/../../../../arm-none-eabi/lib/thumb/v8-m.main+fp/hard\libcr_nohost_nf.a(__sys_write.o)

.ARM.attributes
                0x00000000       0x38
 .ARM.attributes
                0x00000000       0x3a ./utilities/fsl_debug_console.o
 .ARM.attributes
                0x0000003a       0x3a ./startup/startup_lpc55s69_cm33_core0.o
 .ARM.attributes
                0x00000074       0x3a ./source/hello_world.o
 .ARM.attributes
                0x000000ae       0x3a ./source/semihost_hardfault.o
 .ARM.attributes
                0x000000e8       0x3a ./drivers/fsl_clock.o
 .ARM.attributes
                0x00000122       0x3a ./drivers/fsl_common_arm.o
 .ARM.attributes
                0x0000015c       0x3a ./drivers/fsl_ctimer.o
 .ARM.attributes
                0x00000196       0x3a ./drivers/fsl_flexcomm.o
 .ARM.attributes
                0x000001d0       0x3a ./drivers/fsl_power.o
 .ARM.attributes
                0x0000020a       0x3a ./drivers/fsl_powerquad_basic.o
 .ARM.attributes
                0x00000244       0x3a ./drivers/fsl_reset.o
 .ARM.attributes
                0x0000027e       0x3a ./drivers/fsl_usart.o
 .ARM.attributes
                0x000002b8       0x3a ./device/system_LPC55S69_cm33_core0.o
 .ARM.attributes
                0x000002f2       0x3a ./component/uart/fsl_adapter_usart.o
 .ARM.attributes
                0x0000032c       0x3a ./board/board.o
 .ARM.attributes
                0x00000366       0x3a ./board/clock_config.o
 .ARM.attributes
                0x000003a0       0x3a ./board/peripherals.o
 .ARM.attributes
                0x000003da       0x3a ./board/pin_mux.o
 .ARM.attributes
                0x00000414       0x3a c:/appz/nxp/mcuxpressoide_11.6.0_8187/ide/plugins/com.nxp.mcuxpresso.tools.win32_11.6.0.202112161359/tools/bin/../lib/gcc/arm-none-eabi/10.3.1/../../../../arm-none-eabi/lib/thumb/v8-m.main+fp/hard\libcr_nohost_nf.a(_cr__main.o)
 .ARM.attributes
                0x0000044e       0x3a c:/appz/nxp/mcuxpressoide_11.6.0_8187/ide/plugins/com.nxp.mcuxpresso.tools.win32_11.6.0.202112161359/tools/bin/../lib/gcc/arm-none-eabi/10.3.1/../../../../arm-none-eabi/lib/thumb/v8-m.main+fp/hard\libcr_c.a(memcpy.o)
 .ARM.attributes
                0x00000488       0x3a c:/appz/nxp/mcuxpressoide_11.6.0_8187/ide/plugins/com.nxp.mcuxpresso.tools.win32_11.6.0.202112161359/tools/bin/../lib/gcc/arm-none-eabi/10.3.1/../../../../arm-none-eabi/lib/thumb/v8-m.main+fp/hard\libcr_c.a(memset.o)
 .ARM.attributes
                0x000004c2       0x3a c:/appz/nxp/mcuxpressoide_11.6.0_8187/ide/plugins/com.nxp.mcuxpresso.tools.win32_11.6.0.202112161359/tools/bin/../lib/gcc/arm-none-eabi/10.3.1/../../../../arm-none-eabi/lib/thumb/v8-m.main+fp/hard\libcr_c.a(alloc.o)
 .ARM.attributes
                0x000004fc       0x3a c:/appz/nxp/mcuxpressoide_11.6.0_8187/ide/plugins/com.nxp.mcuxpresso.tools.win32_11.6.0.202112161359/tools/bin/../lib/gcc/arm-none-eabi/10.3.1/../../../../arm-none-eabi/lib/thumb/v8-m.main+fp/hard\libcr_c.a(errno.o)
 .ARM.attributes
                0x00000536       0x3a c:/appz/nxp/mcuxpressoide_11.6.0_8187/ide/plugins/com.nxp.mcuxpresso.tools.win32_11.6.0.202112161359/tools/bin/../lib/gcc/arm-none-eabi/10.3.1/../../../../arm-none-eabi/lib/thumb/v8-m.main+fp/hard\libcr_c.a(initio.o)
 .ARM.attributes
                0x00000570       0x3a c:/appz/nxp/mcuxpressoide_11.6.0_8187/ide/plugins/com.nxp.mcuxpresso.tools.win32_11.6.0.202112161359/tools/bin/../lib/gcc/arm-none-eabi/10.3.1/../../../../arm-none-eabi/lib/thumb/v8-m.main+fp/hard\libcr_c.a(setvbuf.o)
 .ARM.attributes
                0x000005aa       0x3a c:/appz/nxp/mcuxpressoide_11.6.0_8187/ide/plugins/com.nxp.mcuxpresso.tools.win32_11.6.0.202112161359/tools/bin/../lib/gcc/arm-none-eabi/10.3.1/../../../../arm-none-eabi/lib/thumb/v8-m.main+fp/hard\libcr_c.a(strlen.o)
 .ARM.attributes
                0x000005e4       0x3a c:/appz/nxp/mcuxpressoide_11.6.0_8187/ide/plugins/com.nxp.mcuxpresso.tools.win32_11.6.0.202112161359/tools/bin/../lib/gcc/arm-none-eabi/10.3.1/../../../../arm-none-eabi/lib/thumb/v8-m.main+fp/hard\libcr_c.a(_deferredlazyseek.o)
 .ARM.attributes
                0x0000061e       0x3a c:/appz/nxp/mcuxpressoide_11.6.0_8187/ide/plugins/com.nxp.mcuxpresso.tools.win32_11.6.0.202112161359/tools/bin/../lib/gcc/arm-none-eabi/10.3.1/../../../../arm-none-eabi/lib/thumb/v8-m.main+fp/hard\libcr_c.a(_fdopen.o)
 .ARM.attributes
                0x00000658       0x3a c:/appz/nxp/mcuxpressoide_11.6.0_8187/ide/plugins/com.nxp.mcuxpresso.tools.win32_11.6.0.202112161359/tools/bin/../lib/gcc/arm-none-eabi/10.3.1/../../../../arm-none-eabi/lib/thumb/v8-m.main+fp/hard\libcr_c.a(_fflush.o)
 .ARM.attributes
                0x00000692       0x3a c:/appz/nxp/mcuxpressoide_11.6.0_8187/ide/plugins/com.nxp.mcuxpresso.tools.win32_11.6.0.202112161359/tools/bin/../lib/gcc/arm-none-eabi/10.3.1/../../../../arm-none-eabi/lib/thumb/v8-m.main+fp/hard\libcr_c.a(_writebuf.o)
 .ARM.attributes
                0x000006cc       0x3a c:/appz/nxp/mcuxpressoide_11.6.0_8187/ide/plugins/com.nxp.mcuxpresso.tools.win32_11.6.0.202112161359/tools/bin/../lib/gcc/arm-none-eabi/10.3.1/../../../../arm-none-eabi/lib/thumb/v8-m.main+fp/hard\libcr_c.a(fclose.o)
 .ARM.attributes
                0x00000706       0x3a c:/appz/nxp/mcuxpressoide_11.6.0_8187/ide/plugins/com.nxp.mcuxpresso.tools.win32_11.6.0.202112161359/tools/bin/../lib/gcc/arm-none-eabi/10.3.1/../../../../arm-none-eabi/lib/thumb/v8-m.main+fp/hard\libcr_c.a(fflush.o)
 .ARM.attributes
                0x00000740       0x3a c:/appz/nxp/mcuxpressoide_11.6.0_8187/ide/plugins/com.nxp.mcuxpresso.tools.win32_11.6.0.202112161359/tools/bin/../lib/gcc/arm-none-eabi/10.3.1/../../../../arm-none-eabi/lib/thumb/v8-m.main+fp/hard\libcr_c.a(fseek.o)
 .ARM.attributes
                0x0000077a       0x3a c:/appz/nxp/mcuxpressoide_11.6.0_8187/ide/plugins/com.nxp.mcuxpresso.tools.win32_11.6.0.202112161359/tools/bin/../lib/gcc/arm-none-eabi/10.3.1/../../../../arm-none-eabi/lib/thumb/v8-m.main+fp/hard\libcr_c.a(ftell.o)
 .ARM.attributes
                0x000007b4       0x3a c:/appz/nxp/mcuxpressoide_11.6.0_8187/ide/plugins/com.nxp.mcuxpresso.tools.win32_11.6.0.202112161359/tools/bin/../lib/gcc/arm-none-eabi/10.3.1/../../../../arm-none-eabi/lib/thumb/v8-m.main+fp/hard\libcr_c.a(remove.o)
 .ARM.attributes
                0x000007ee       0x3a c:/appz/nxp/mcuxpressoide_11.6.0_8187/ide/plugins/com.nxp.mcuxpresso.tools.win32_11.6.0.202112161359/tools/bin/../lib/gcc/arm-none-eabi/10.3.1/../../../../arm-none-eabi/lib/thumb/v8-m.main+fp/hard\libcr_c.a(_do_fflush.o)
 .ARM.attributes
                0x00000828       0x26 c:/appz/nxp/mcuxpressoide_11.6.0_8187/ide/plugins/com.nxp.mcuxpresso.tools.win32_11.6.0.202112161359/tools/bin/../lib/gcc/arm-none-eabi/10.3.1/thumb/v8-m.main+fp/hard\libcr_eabihelpers.a(division_64.o)
 .ARM.attributes
                0x0000084e       0x26 c:/appz/nxp/mcuxpressoide_11.6.0_8187/ide/plugins/com.nxp.mcuxpresso.tools.win32_11.6.0.202112161359/tools/bin/../lib/gcc/arm-none-eabi/10.3.1/thumb/v8-m.main+fp/hard\libcr_eabihelpers.a(division_idiv0.o)
 .ARM.attributes
                0x00000874       0x3a c:/appz/nxp/mcuxpressoide_11.6.0_8187/ide/plugins/com.nxp.mcuxpresso.tools.win32_11.6.0.202112161359/tools/bin/../lib/gcc/arm-none-eabi/10.3.1/thumb/v8-m.main+fp/hard\libcr_eabihelpers.a(double.o)
 .ARM.attributes
                0x000008ae       0x3a c:/appz/nxp/mcuxpressoide_11.6.0_8187/ide/plugins/com.nxp.mcuxpresso.tools.win32_11.6.0.202112161359/tools/bin/../lib/gcc/arm-none-eabi/10.3.1/thumb/v8-m.main+fp/hard\libcr_eabihelpers.a(float.o)
 .ARM.attributes
                0x000008e8       0x26 c:/appz/nxp/mcuxpressoide_11.6.0_8187/ide/plugins/com.nxp.mcuxpresso.tools.win32_11.6.0.202112161359/tools/bin/../lib/gcc/arm-none-eabi/10.3.1/thumb/v8-m.main+fp/hard\libcr_eabihelpers.a(memcpy.o)
 .ARM.attributes
                0x0000090e       0x3a c:/appz/nxp/mcuxpressoide_11.6.0_8187/ide/plugins/com.nxp.mcuxpresso.tools.win32_11.6.0.202112161359/tools/bin/../lib/gcc/arm-none-eabi/10.3.1/../../../../arm-none-eabi/lib/thumb/v8-m.main+fp/hard\libcr_nohost_nf.a(__ciob.o)
 .ARM.attributes
                0x00000948       0x3a c:/appz/nxp/mcuxpressoide_11.6.0_8187/ide/plugins/com.nxp.mcuxpresso.tools.win32_11.6.0.202112161359/tools/bin/../lib/gcc/arm-none-eabi/10.3.1/../../../../arm-none-eabi/lib/thumb/v8-m.main+fp/hard\libcr_nohost_nf.a(__sys_close.o)
 .ARM.attributes
                0x00000982       0x3a c:/appz/nxp/mcuxpressoide_11.6.0_8187/ide/plugins/com.nxp.mcuxpresso.tools.win32_11.6.0.202112161359/tools/bin/../lib/gcc/arm-none-eabi/10.3.1/../../../../arm-none-eabi/lib/thumb/v8-m.main+fp/hard\libcr_nohost_nf.a(__sys_flen.o)
 .ARM.attributes
                0x000009bc       0x3a c:/appz/nxp/mcuxpressoide_11.6.0_8187/ide/plugins/com.nxp.mcuxpresso.tools.win32_11.6.0.202112161359/tools/bin/../lib/gcc/arm-none-eabi/10.3.1/../../../../arm-none-eabi/lib/thumb/v8-m.main+fp/hard\libcr_nohost_nf.a(__sys_istty.o)
 .ARM.attributes
                0x000009f6       0x3a c:/appz/nxp/mcuxpressoide_11.6.0_8187/ide/plugins/com.nxp.mcuxpresso.tools.win32_11.6.0.202112161359/tools/bin/../lib/gcc/arm-none-eabi/10.3.1/../../../../arm-none-eabi/lib/thumb/v8-m.main+fp/hard\libcr_nohost_nf.a(__sys_remove.o)
 .ARM.attributes
                0x00000a30       0x3a c:/appz/nxp/mcuxpressoide_11.6.0_8187/ide/plugins/com.nxp.mcuxpresso.tools.win32_11.6.0.202112161359/tools/bin/../lib/gcc/arm-none-eabi/10.3.1/../../../../arm-none-eabi/lib/thumb/v8-m.main+fp/hard\libcr_nohost_nf.a(__sys_seek.o)
 .ARM.attributes
                0x00000a6a       0x3a c:/appz/nxp/mcuxpressoide_11.6.0_8187/ide/plugins/com.nxp.mcuxpresso.tools.win32_11.6.0.202112161359/tools/bin/../lib/gcc/arm-none-eabi/10.3.1/../../../../arm-none-eabi/lib/thumb/v8-m.main+fp/hard\libcr_nohost_nf.a(__sys_tmpnam.o)
 .ARM.attributes
                0x00000aa4       0x3a c:/appz/nxp/mcuxpressoide_11.6.0_8187/ide/plugins/com.nxp.mcuxpresso.tools.win32_11.6.0.202112161359/tools/bin/../lib/gcc/arm-none-eabi/10.3.1/../../../../arm-none-eabi/lib/thumb/v8-m.main+fp/hard\libcr_nohost_nf.a(__sys_write.o)

.debug_frame    0x00000000     0x17d0
 .debug_frame   0x00000000      0x158 ./utilities/fsl_debug_console.o
 .debug_frame   0x00000158      0x698 ./startup/startup_lpc55s69_cm33_core0.o
 .debug_frame   0x000007f0       0xa0 ./source/hello_world.o
 .debug_frame   0x00000890       0x20 ./source/semihost_hardfault.o
 .debug_frame   0x000008b0      0x4f8 ./drivers/fsl_clock.o
 .debug_frame   0x00000da8       0x28 ./drivers/fsl_common_arm.o
 .debug_frame   0x00000dd0      0x1bc ./drivers/fsl_ctimer.o
 .debug_frame   0x00000f8c      0x154 ./drivers/fsl_flexcomm.o
 .debug_frame   0x000010e0      0x198 ./drivers/fsl_power.o
 .debug_frame   0x00001278       0x80 ./drivers/fsl_powerquad_basic.o
 .debug_frame   0x000012f8       0x4c ./drivers/fsl_reset.o
 .debug_frame   0x00001344      0x204 ./drivers/fsl_usart.o
 .debug_frame   0x00001548       0x78 ./device/system_LPC55S69_cm33_core0.o
 .debug_frame   0x000015c0       0x9c ./component/uart/fsl_adapter_usart.o
 .debug_frame   0x0000165c       0x48 ./board/board.o
 .debug_frame   0x000016a4       0xc4 ./board/clock_config.o
 .debug_frame   0x00001768       0x38 ./board/peripherals.o
 .debug_frame   0x000017a0       0x30 ./board/pin_mux.o

Cross Reference Table

Symbol                                            File
ACMP_DriverIRQHandler                             ./startup/startup_lpc55s69_cm33_core0.o
ACMP_IRQHandler                                   ./startup/startup_lpc55s69_cm33_core0.o
ADC0_DriverIRQHandler                             ./startup/startup_lpc55s69_cm33_core0.o
ADC0_IRQHandler                                   ./startup/startup_lpc55s69_cm33_core0.o
BOARD_BootClockFRO12M                             ./board/clock_config.o
BOARD_BootClockFROHF96M                           ./board/clock_config.o
BOARD_BootClockPLL100M                            ./board/clock_config.o
BOARD_BootClockPLL150M                            ./board/clock_config.o
BOARD_BootClockPLL1_150M                          ./board/clock_config.o
BOARD_InitBootClocks                              ./board/clock_config.o
                                                  ./source/hello_world.o
BOARD_InitBootPeripherals                         ./board/peripherals.o
                                                  ./source/hello_world.o
BOARD_InitBootPins                                ./board/pin_mux.o
                                                  ./source/hello_world.o
BOARD_InitDebugConsole                            ./board/board.o
                                                  ./source/hello_world.o
BOARD_InitDebugConsole_Core1                      ./board/board.o
BOARD_InitPeripherals                             ./board/peripherals.o
                                                  ./source/hello_world.o
BOARD_InitPins                                    ./board/pin_mux.o
BusFault_Handler                                  ./startup/startup_lpc55s69_cm33_core0.o
CASER_DriverIRQHandler                            ./startup/startup_lpc55s69_cm33_core0.o
CASER_IRQHandler                                  ./startup/startup_lpc55s69_cm33_core0.o
CLOCK_AttachClk                                   ./drivers/fsl_clock.o
                                                  ./board/clock_config.o
                                                  ./board/board.o
                                                  ./drivers/fsl_power.o
                                                  ./source/hello_world.o
CLOCK_EnableOstimer32kClock                       ./drivers/fsl_clock.o
CLOCK_EnableUsbfs0DeviceClock                     ./drivers/fsl_clock.o
CLOCK_EnableUsbfs0HostClock                       ./drivers/fsl_clock.o
CLOCK_EnableUsbhs0DeviceClock                     ./drivers/fsl_clock.o
CLOCK_EnableUsbhs0HostClock                       ./drivers/fsl_clock.o
CLOCK_EnableUsbhs0PhyPllClock                     ./drivers/fsl_clock.o
CLOCK_GetAdcClkFreq                               ./drivers/fsl_clock.o
CLOCK_GetCTimerClkFreq                            ./drivers/fsl_clock.o
CLOCK_GetClockAttachId                            ./drivers/fsl_clock.o
CLOCK_GetClockOutClkFreq                          ./drivers/fsl_clock.o
CLOCK_GetCoreSysClkFreq                           ./drivers/fsl_clock.o
CLOCK_GetExtClkFreq                               ./drivers/fsl_clock.o
CLOCK_GetFlexCommClkFreq                          ./drivers/fsl_clock.o
CLOCK_GetFlexCommInputClock                       ./drivers/fsl_clock.o
CLOCK_GetFreq                                     ./drivers/fsl_clock.o
CLOCK_GetFro12MFreq                               ./drivers/fsl_clock.o
CLOCK_GetFro1MFreq                                ./drivers/fsl_clock.o
CLOCK_GetFroHfFreq                                ./drivers/fsl_clock.o
CLOCK_GetHsLspiClkFreq                            ./drivers/fsl_clock.o
CLOCK_GetI2SMClkFreq                              ./drivers/fsl_clock.o
CLOCK_GetMclkClkFreq                              ./drivers/fsl_clock.o
CLOCK_GetOsc32KFreq                               ./drivers/fsl_clock.o
CLOCK_GetPLL0InClockRate                          ./drivers/fsl_clock.o
CLOCK_GetPLL0OutClockRate                         ./drivers/fsl_clock.o
CLOCK_GetPLL0OutFromSetup                         ./drivers/fsl_clock.o
CLOCK_GetPLL1InClockRate                          ./drivers/fsl_clock.o
CLOCK_GetPLUClkInFreq                             ./drivers/fsl_clock.o
CLOCK_GetPll0OutFreq                              ./drivers/fsl_clock.o
CLOCK_GetPll1OutFreq                              ./drivers/fsl_clock.o
CLOCK_GetSctClkFreq                               ./drivers/fsl_clock.o
CLOCK_GetSdioClkFreq                              ./drivers/fsl_clock.o
CLOCK_GetSystickClkFreq                           ./drivers/fsl_clock.o
CLOCK_GetUsb0ClkFreq                              ./drivers/fsl_clock.o
CLOCK_GetUsb1ClkFreq                              ./drivers/fsl_clock.o
CLOCK_GetWdtClkFreq                               ./drivers/fsl_clock.o
CLOCK_SetClkDiv                                   ./drivers/fsl_clock.o
                                                  ./board/clock_config.o
                                                  ./drivers/fsl_power.o
CLOCK_SetFLASHAccessCyclesForFreq                 ./drivers/fsl_clock.o
                                                  ./board/clock_config.o
CLOCK_SetFlexCommClock                            ./drivers/fsl_clock.o
CLOCK_SetPLL0Freq                                 ./drivers/fsl_clock.o
                                                  ./board/clock_config.o
CLOCK_SetPLL1Freq                                 ./drivers/fsl_clock.o
                                                  ./board/clock_config.o
CLOCK_SetRtc1hzClkDiv                             ./drivers/fsl_clock.o
CLOCK_SetRtc1khzClkDiv                            ./drivers/fsl_clock.o
CLOCK_SetStoredPLL0ClockRate                      ./drivers/fsl_clock.o
CLOCK_SetupExtClocking                            ./drivers/fsl_clock.o
                                                  ./board/clock_config.o
CLOCK_SetupFROClocking                            ./drivers/fsl_clock.o
                                                  ./board/clock_config.o
CLOCK_SetupI2SMClkClocking                        ./drivers/fsl_clock.o
CLOCK_SetupPLL0Data                               ./drivers/fsl_clock.o
CLOCK_SetupPLL0Mult                               ./drivers/fsl_clock.o
CLOCK_SetupPLL0Prec                               ./drivers/fsl_clock.o
CLOCK_SetupPLUClkInClocking                       ./drivers/fsl_clock.o
CTIMER0_DriverIRQHandler                          ./drivers/fsl_ctimer.o
                                                  ./startup/startup_lpc55s69_cm33_core0.o
CTIMER0_IRQHandler                                ./startup/startup_lpc55s69_cm33_core0.o
CTIMER1_DriverIRQHandler                          ./drivers/fsl_ctimer.o
                                                  ./startup/startup_lpc55s69_cm33_core0.o
CTIMER1_IRQHandler                                ./startup/startup_lpc55s69_cm33_core0.o
CTIMER1_Match_0_config                            ./board/peripherals.o
CTIMER1_callback                                  ./board/peripherals.o
CTIMER1_config                                    ./board/peripherals.o
CTIMER2_DriverIRQHandler                          ./drivers/fsl_ctimer.o
                                                  ./startup/startup_lpc55s69_cm33_core0.o
CTIMER2_IRQHandler                                ./startup/startup_lpc55s69_cm33_core0.o
CTIMER2_Match_0_config                            ./board/peripherals.o
CTIMER2_config                                    ./board/peripherals.o
CTIMER3_DriverIRQHandler                          ./drivers/fsl_ctimer.o
                                                  ./startup/startup_lpc55s69_cm33_core0.o
CTIMER3_IRQHandler                                ./startup/startup_lpc55s69_cm33_core0.o
CTIMER4_DriverIRQHandler                          ./drivers/fsl_ctimer.o
                                                  ./startup/startup_lpc55s69_cm33_core0.o
CTIMER4_IRQHandler                                ./startup/startup_lpc55s69_cm33_core0.o
CTIMER_Deinit                                     ./drivers/fsl_ctimer.o
CTIMER_GetDefaultConfig                           ./drivers/fsl_ctimer.o
CTIMER_GetOutputMatchStatus                       ./drivers/fsl_ctimer.o
CTIMER_Init                                       ./drivers/fsl_ctimer.o
                                                  ./board/peripherals.o
CTIMER_RegisterCallBack                           ./drivers/fsl_ctimer.o
                                                  ./board/peripherals.o
CTIMER_SetupCapture                               ./drivers/fsl_ctimer.o
CTIMER_SetupMatch                                 ./drivers/fsl_ctimer.o
                                                  ./board/peripherals.o
CTIMER_SetupPwm                                   ./drivers/fsl_ctimer.o
CTIMER_SetupPwmPeriod                             ./drivers/fsl_ctimer.o
CTIMER_UpdatePwmDutycycle                         ./drivers/fsl_ctimer.o
DMA0_DriverIRQHandler                             ./startup/startup_lpc55s69_cm33_core0.o
DMA0_IRQHandler                                   ./startup/startup_lpc55s69_cm33_core0.o
DMA1_DriverIRQHandler                             ./startup/startup_lpc55s69_cm33_core0.o
DMA1_IRQHandler                                   ./startup/startup_lpc55s69_cm33_core0.o
DbgConsole_Deinit                                 ./utilities/fsl_debug_console.o
DbgConsole_Getchar                                ./utilities/fsl_debug_console.o
DbgConsole_Init                                   ./utilities/fsl_debug_console.o
                                                  ./board/board.o
DbgConsole_Printf                                 ./utilities/fsl_debug_console.o
                                                  ./source/hello_world.o
DbgConsole_Putchar                                ./utilities/fsl_debug_console.o
DbgConsole_Scanf                                  ./utilities/fsl_debug_console.o
                                                  ./source/hello_world.o
DbgConsole_Vprintf                                ./utilities/fsl_debug_console.o
DebugMon_Handler                                  ./startup/startup_lpc55s69_cm33_core0.o
FLEXCOMM0_DriverIRQHandler                        ./drivers/fsl_flexcomm.o
                                                  ./startup/startup_lpc55s69_cm33_core0.o
FLEXCOMM0_IRQHandler                              ./startup/startup_lpc55s69_cm33_core0.o