Archive member included to satisfy reference by file (symbol)

c:/appz/st/stm32cubeide_1.10.1/stm32cubeide/plugins/com.st.stm32cube.ide.mcu.externaltools.gnu-tools-for-stm32.10.3-2021.10.win32_1.0.0.202111181127/tools/bin/../lib/gcc/arm-none-eabi/10.3.1/../../../../arm-none-eabi/lib/thumb/v6-m/nofp\libc_nano.a(lib_a-errno.o)
                              ./Core/Src/syscalls.o (__errno)
c:/appz/st/stm32cubeide_1.10.1/stm32cubeide/plugins/com.st.stm32cube.ide.mcu.externaltools.gnu-tools-for-stm32.10.3-2021.10.win32_1.0.0.202111181127/tools/bin/../lib/gcc/arm-none-eabi/10.3.1/../../../../arm-none-eabi/lib/thumb/v6-m/nofp\libc_nano.a(lib_a-exit.o)
                              c:/appz/st/stm32cubeide_1.10.1/stm32cubeide/plugins/com.st.stm32cube.ide.mcu.externaltools.gnu-tools-for-stm32.10.3-2021.10.win32_1.0.0.202111181127/tools/bin/../lib/gcc/arm-none-eabi/10.3.1/../../../../arm-none-eabi/lib/thumb/v6-m/nofp/crt0.o (exit)
c:/appz/st/stm32cubeide_1.10.1/stm32cubeide/plugins/com.st.stm32cube.ide.mcu.externaltools.gnu-tools-for-stm32.10.3-2021.10.win32_1.0.0.202111181127/tools/bin/../lib/gcc/arm-none-eabi/10.3.1/../../../../arm-none-eabi/lib/thumb/v6-m/nofp\libc_nano.a(lib_a-impure.o)
                              c:/appz/st/stm32cubeide_1.10.1/stm32cubeide/plugins/com.st.stm32cube.ide.mcu.externaltools.gnu-tools-for-stm32.10.3-2021.10.win32_1.0.0.202111181127/tools/bin/../lib/gcc/arm-none-eabi/10.3.1/../../../../arm-none-eabi/lib/thumb/v6-m/nofp\libc_nano.a(lib_a-exit.o) (_global_impure_ptr)
c:/appz/st/stm32cubeide_1.10.1/stm32cubeide/plugins/com.st.stm32cube.ide.mcu.externaltools.gnu-tools-for-stm32.10.3-2021.10.win32_1.0.0.202111181127/tools/bin/../lib/gcc/arm-none-eabi/10.3.1/../../../../arm-none-eabi/lib/thumb/v6-m/nofp\libc_nano.a(lib_a-init.o)
                              c:/appz/st/stm32cubeide_1.10.1/stm32cubeide/plugins/com.st.stm32cube.ide.mcu.externaltools.gnu-tools-for-stm32.10.3-2021.10.win32_1.0.0.202111181127/tools/bin/../lib/gcc/arm-none-eabi/10.3.1/../../../../arm-none-eabi/lib/thumb/v6-m/nofp/crt0.o (__libc_init_array)
c:/appz/st/stm32cubeide_1.10.1/stm32cubeide/plugins/com.st.stm32cube.ide.mcu.externaltools.gnu-tools-for-stm32.10.3-2021.10.win32_1.0.0.202111181127/tools/bin/../lib/gcc/arm-none-eabi/10.3.1/../../../../arm-none-eabi/lib/thumb/v6-m/nofp\libc_nano.a(lib_a-memset.o)
                              c:/appz/st/stm32cubeide_1.10.1/stm32cubeide/plugins/com.st.stm32cube.ide.mcu.externaltools.gnu-tools-for-stm32.10.3-2021.10.win32_1.0.0.202111181127/tools/bin/../lib/gcc/arm-none-eabi/10.3.1/../../../../arm-none-eabi/lib/thumb/v6-m/nofp/crt0.o (memset)
c:/appz/st/stm32cubeide_1.10.1/stm32cubeide/plugins/com.st.stm32cube.ide.mcu.externaltools.gnu-tools-for-stm32.10.3-2021.10.win32_1.0.0.202111181127/tools/bin/../lib/gcc/arm-none-eabi/10.3.1/thumb/v6-m/nofp\libgcc.a(_udivsi3.o)
                              ./Core/Src/sct.o (__aeabi_uidiv)
c:/appz/st/stm32cubeide_1.10.1/stm32cubeide/plugins/com.st.stm32cube.ide.mcu.externaltools.gnu-tools-for-stm32.10.3-2021.10.win32_1.0.0.202111181127/tools/bin/../lib/gcc/arm-none-eabi/10.3.1/thumb/v6-m/nofp\libgcc.a(_divsi3.o)
                              ./Core/Src/main.o (__aeabi_idiv)
c:/appz/st/stm32cubeide_1.10.1/stm32cubeide/plugins/com.st.stm32cube.ide.mcu.externaltools.gnu-tools-for-stm32.10.3-2021.10.win32_1.0.0.202111181127/tools/bin/../lib/gcc/arm-none-eabi/10.3.1/thumb/v6-m/nofp\libgcc.a(_dvmd_tls.o)
                              c:/appz/st/stm32cubeide_1.10.1/stm32cubeide/plugins/com.st.stm32cube.ide.mcu.externaltools.gnu-tools-for-stm32.10.3-2021.10.win32_1.0.0.202111181127/tools/bin/../lib/gcc/arm-none-eabi/10.3.1/thumb/v6-m/nofp\libgcc.a(_udivsi3.o) (__aeabi_idiv0)

Discarded input sections

 .text          0x0000000000000000        0x0 c:/appz/st/stm32cubeide_1.10.1/stm32cubeide/plugins/com.st.stm32cube.ide.mcu.externaltools.gnu-tools-for-stm32.10.3-2021.10.win32_1.0.0.202111181127/tools/bin/../lib/gcc/arm-none-eabi/10.3.1/thumb/v6-m/nofp/crti.o
 .data          0x0000000000000000        0x0 c:/appz/st/stm32cubeide_1.10.1/stm32cubeide/plugins/com.st.stm32cube.ide.mcu.externaltools.gnu-tools-for-stm32.10.3-2021.10.win32_1.0.0.202111181127/tools/bin/../lib/gcc/arm-none-eabi/10.3.1/thumb/v6-m/nofp/crti.o
 .bss           0x0000000000000000        0x0 c:/appz/st/stm32cubeide_1.10.1/stm32cubeide/plugins/com.st.stm32cube.ide.mcu.externaltools.gnu-tools-for-stm32.10.3-2021.10.win32_1.0.0.202111181127/tools/bin/../lib/gcc/arm-none-eabi/10.3.1/thumb/v6-m/nofp/crti.o
 .data          0x0000000000000000        0x4 c:/appz/st/stm32cubeide_1.10.1/stm32cubeide/plugins/com.st.stm32cube.ide.mcu.externaltools.gnu-tools-for-stm32.10.3-2021.10.win32_1.0.0.202111181127/tools/bin/../lib/gcc/arm-none-eabi/10.3.1/thumb/v6-m/nofp/crtbegin.o
[...]
Memory Configuration

Name             Origin             Length             Attributes
RAM              0x0000000020000000 0x0000000000002000 xrw
FLASH            0x0000000008000000 0x0000000000010000 xr
*default*        0x0000000000000000 0xffffffffffffffff

Linker script and memory map

LOAD c:/appz/st/stm32cubeide_1.10.1/stm32cubeide/plugins/com.st.stm32cube.ide.mcu.externaltools.gnu-tools-for-stm32.10.3-2021.10.win32_1.0.0.202111181127/tools/bin/../lib/gcc/arm-none-eabi/10.3.1/thumb/v6-m/nofp/crti.o
LOAD c:/appz/st/stm32cubeide_1.10.1/stm32cubeide/plugins/com.st.stm32cube.ide.mcu.externaltools.gnu-tools-for-stm32.10.3-2021.10.win32_1.0.0.202111181127/tools/bin/../lib/gcc/arm-none-eabi/10.3.1/thumb/v6-m/nofp/crtbegin.o
LOAD c:/appz/st/stm32cubeide_1.10.1/stm32cubeide/plugins/com.st.stm32cube.ide.mcu.externaltools.gnu-tools-for-stm32.10.3-2021.10.win32_1.0.0.202111181127/tools/bin/../lib/gcc/arm-none-eabi/10.3.1/../../../../arm-none-eabi/lib/thumb/v6-m/nofp/crt0.o
LOAD ./Core/Src/1wire.o
LOAD ./Core/Src/main.o
LOAD ./Core/Src/sct.o
LOAD ./Core/Src/stm32f0xx_hal_msp.o
LOAD ./Core/Src/stm32f0xx_it.o
LOAD ./Core/Src/syscalls.o
LOAD ./Core/Src/sysmem.o
LOAD ./Core/Src/system_stm32f0xx.o
LOAD ./Core/Startup/startup_stm32f030r8tx.o
LOAD ./Drivers/STM32F0xx_HAL_Driver/Src/stm32f0xx_hal.o
LOAD ./Drivers/STM32F0xx_HAL_Driver/Src/stm32f0xx_hal_cortex.o
LOAD ./Drivers/STM32F0xx_HAL_Driver/Src/stm32f0xx_hal_dma.o
LOAD ./Drivers/STM32F0xx_HAL_Driver/Src/stm32f0xx_hal_exti.o
LOAD ./Drivers/STM32F0xx_HAL_Driver/Src/stm32f0xx_hal_flash.o
LOAD ./Drivers/STM32F0xx_HAL_Driver/Src/stm32f0xx_hal_flash_ex.o
LOAD ./Drivers/STM32F0xx_HAL_Driver/Src/stm32f0xx_hal_gpio.o
LOAD ./Drivers/STM32F0xx_HAL_Driver/Src/stm32f0xx_hal_i2c.o
LOAD ./Drivers/STM32F0xx_HAL_Driver/Src/stm32f0xx_hal_i2c_ex.o
LOAD ./Drivers/STM32F0xx_HAL_Driver/Src/stm32f0xx_hal_pwr.o
LOAD ./Drivers/STM32F0xx_HAL_Driver/Src/stm32f0xx_hal_pwr_ex.o
LOAD ./Drivers/STM32F0xx_HAL_Driver/Src/stm32f0xx_hal_rcc.o
LOAD ./Drivers/STM32F0xx_HAL_Driver/Src/stm32f0xx_hal_rcc_ex.o
LOAD ./Drivers/STM32F0xx_HAL_Driver/Src/stm32f0xx_hal_tim.o
LOAD ./Drivers/STM32F0xx_HAL_Driver/Src/stm32f0xx_hal_tim_ex.o
LOAD ./Drivers/STM32F0xx_HAL_Driver/Src/stm32f0xx_hal_uart.o
LOAD ./Drivers/STM32F0xx_HAL_Driver/Src/stm32f0xx_hal_uart_ex.o
START GROUP
LOAD c:/appz/st/stm32cubeide_1.10.1/stm32cubeide/plugins/com.st.stm32cube.ide.mcu.externaltools.gnu-tools-for-stm32.10.3-2021.10.win32_1.0.0.202111181127/tools/bin/../lib/gcc/arm-none-eabi/10.3.1/../../../../arm-none-eabi/lib/thumb/v6-m/nofp\libc_nano.a
LOAD c:/appz/st/stm32cubeide_1.10.1/stm32cubeide/plugins/com.st.stm32cube.ide.mcu.externaltools.gnu-tools-for-stm32.10.3-2021.10.win32_1.0.0.202111181127/tools/bin/../lib/gcc/arm-none-eabi/10.3.1/../../../../arm-none-eabi/lib/thumb/v6-m/nofp\libm.a
END GROUP
START GROUP
LOAD c:/appz/st/stm32cubeide_1.10.1/stm32cubeide/plugins/com.st.stm32cube.ide.mcu.externaltools.gnu-tools-for-stm32.10.3-2021.10.win32_1.0.0.202111181127/tools/bin/../lib/gcc/arm-none-eabi/10.3.1/thumb/v6-m/nofp\libgcc.a
LOAD c:/appz/st/stm32cubeide_1.10.1/stm32cubeide/plugins/com.st.stm32cube.ide.mcu.externaltools.gnu-tools-for-stm32.10.3-2021.10.win32_1.0.0.202111181127/tools/bin/../lib/gcc/arm-none-eabi/10.3.1/../../../../arm-none-eabi/lib/thumb/v6-m/nofp\libc_nano.a
END GROUP
START GROUP
LOAD c:/appz/st/stm32cubeide_1.10.1/stm32cubeide/plugins/com.st.stm32cube.ide.mcu.externaltools.gnu-tools-for-stm32.10.3-2021.10.win32_1.0.0.202111181127/tools/bin/../lib/gcc/arm-none-eabi/10.3.1/thumb/v6-m/nofp\libgcc.a
LOAD c:/appz/st/stm32cubeide_1.10.1/stm32cubeide/plugins/com.st.stm32cube.ide.mcu.externaltools.gnu-tools-for-stm32.10.3-2021.10.win32_1.0.0.202111181127/tools/bin/../lib/gcc/arm-none-eabi/10.3.1/../../../../arm-none-eabi/lib/thumb/v6-m/nofp\libc_nano.a
LOAD c:/appz/st/stm32cubeide_1.10.1/stm32cubeide/plugins/com.st.stm32cube.ide.mcu.externaltools.gnu-tools-for-stm32.10.3-2021.10.win32_1.0.0.202111181127/tools/bin/../lib/gcc/arm-none-eabi/10.3.1/../../../../arm-none-eabi/lib/thumb/v6-m/nofp\libnosys.a
END GROUP
START GROUP
LOAD c:/appz/st/stm32cubeide_1.10.1/stm32cubeide/plugins/com.st.stm32cube.ide.mcu.externaltools.gnu-tools-for-stm32.10.3-2021.10.win32_1.0.0.202111181127/tools/bin/../lib/gcc/arm-none-eabi/10.3.1/thumb/v6-m/nofp\libgcc.a
LOAD c:/appz/st/stm32cubeide_1.10.1/stm32cubeide/plugins/com.st.stm32cube.ide.mcu.externaltools.gnu-tools-for-stm32.10.3-2021.10.win32_1.0.0.202111181127/tools/bin/../lib/gcc/arm-none-eabi/10.3.1/../../../../arm-none-eabi/lib/thumb/v6-m/nofp\libc_nano.a
LOAD c:/appz/st/stm32cubeide_1.10.1/stm32cubeide/plugins/com.st.stm32cube.ide.mcu.externaltools.gnu-tools-for-stm32.10.3-2021.10.win32_1.0.0.202111181127/tools/bin/../lib/gcc/arm-none-eabi/10.3.1/../../../../arm-none-eabi/lib/thumb/v6-m/nofp\libnosys.a
END GROUP
LOAD c:/appz/st/stm32cubeide_1.10.1/stm32cubeide/plugins/com.st.stm32cube.ide.mcu.externaltools.gnu-tools-for-stm32.10.3-2021.10.win32_1.0.0.202111181127/tools/bin/../lib/gcc/arm-none-eabi/10.3.1/thumb/v6-m/nofp/crtend.o
LOAD c:/appz/st/stm32cubeide_1.10.1/stm32cubeide/plugins/com.st.stm32cube.ide.mcu.externaltools.gnu-tools-for-stm32.10.3-2021.10.win32_1.0.0.202111181127/tools/bin/../lib/gcc/arm-none-eabi/10.3.1/thumb/v6-m/nofp/crtn.o
                0x0000000020002000                _estack = (ORIGIN (RAM) + LENGTH (RAM))
                0x0000000000000200                _Min_Heap_Size = 0x200
                0x0000000000000400                _Min_Stack_Size = 0x400

.isr_vector     0x0000000008000000       0xc0
                0x0000000008000000                . = ALIGN (0x4)
 *(.isr_vector)
 .isr_vector    0x0000000008000000       0xc0 ./Core/Startup/startup_stm32f030r8tx.o
                0x0000000008000000                g_pfnVectors
                0x00000000080000c0                . = ALIGN (0x4)

.text           0x00000000080000c0     0x22d8
                0x00000000080000c0                . = ALIGN (0x4)
 *(.text)
 .text          0x00000000080000c0       0x48 c:/appz/st/stm32cubeide_1.10.1/stm32cubeide/plugins/com.st.stm32cube.ide.mcu.externaltools.gnu-tools-for-stm32.10.3-2021.10.win32_1.0.0.202111181127/tools/bin/../lib/gcc/arm-none-eabi/10.3.1/thumb/v6-m/nofp/crtbegin.o
 .text          0x0000000008000108      0x114 c:/appz/st/stm32cubeide_1.10.1/stm32cubeide/plugins/com.st.stm32cube.ide.mcu.externaltools.gnu-tools-for-stm32.10.3-2021.10.win32_1.0.0.202111181127/tools/bin/../lib/gcc/arm-none-eabi/10.3.1/thumb/v6-m/nofp\libgcc.a(_udivsi3.o)
                0x0000000008000108                __aeabi_uidiv
                0x0000000008000108                __udivsi3
                0x0000000008000214                __aeabi_uidivmod
 .text          0x000000000800021c      0x1d4 c:/appz/st/stm32cubeide_1.10.1/stm32cubeide/plugins/com.st.stm32cube.ide.mcu.externaltools.gnu-tools-for-stm32.10.3-2021.10.win32_1.0.0.202111181127/tools/bin/../lib/gcc/arm-none-eabi/10.3.1/thumb/v6-m/nofp\libgcc.a(_divsi3.o)
                0x000000000800021c                __divsi3
                0x000000000800021c                __aeabi_idiv
                0x00000000080003e8                __aeabi_idivmod
 .text          0x00000000080003f0        0x4 c:/appz/st/stm32cubeide_1.10.1/stm32cubeide/plugins/com.st.stm32cube.ide.mcu.externaltools.gnu-tools-for-stm32.10.3-2021.10.win32_1.0.0.202111181127/tools/bin/../lib/gcc/arm-none-eabi/10.3.1/thumb/v6-m/nofp\libgcc.a(_dvmd_tls.o)
                0x00000000080003f0                __aeabi_idiv0
                0x00000000080003f0                __aeabi_ldiv0
 *(.text*)
 .text.OWInit   0x00000000080003f4       0x18 ./Core/Src/1wire.o
                0x00000000080003f4                OWInit
 .text.OWReset  0x000000000800040c       0xb4 ./Core/Src/1wire.o
                0x000000000800040c                OWReset
 .text.OWWriteBit
                0x00000000080004c0       0xd4 ./Core/Src/1wire.o
                0x00000000080004c0                OWWriteBit
 .text.OWReadBit
                0x0000000008000594       0xae ./Core/Src/1wire.o
                0x0000000008000594                OWReadBit
 .text.OWWriteByte
                0x0000000008000642       0x50 ./Core/Src/1wire.o
                0x0000000008000642                OWWriteByte
 .text.OWReadByte
                0x0000000008000692       0x3e ./Core/Src/1wire.o
                0x0000000008000692                OWReadByte
 .text.OWSendCmd
                0x00000000080006d0       0x68 ./Core/Src/1wire.o
                0x00000000080006d0                OWSendCmd
 .text.OWCRC    0x0000000008000738       0x7c ./Core/Src/1wire.o
                0x0000000008000738                OWCRC
 .text.OWConvertAll
                0x00000000080007b4       0x12 ./Core/Src/1wire.o
                0x00000000080007b4                OWConvertAll
 *fill*         0x00000000080007c6        0x2 
 .text.OWReadTemperature
                0x00000000080007c8       0xcc ./Core/Src/1wire.o
                0x00000000080007c8                OWReadTemperature
 .text.main     0x0000000008000894       0x54 ./Core/Src/main.o
                0x0000000008000894                main
 .text.SystemClock_Config
                0x00000000080008e8       0x94 ./Core/Src/main.o
                0x00000000080008e8                SystemClock_Config
 .text.MX_USART2_UART_Init
                0x000000000800097c       0x60 ./Core/Src/main.o
 .text.MX_GPIO_Init
                0x00000000080009dc      0x17c ./Core/Src/main.o
 .text.Error_Handler
                0x0000000008000b58        0xa ./Core/Src/main.o
                0x0000000008000b58                Error_Handler
 .text.sct_init
                0x0000000008000b62       0x10 ./Core/Src/sct.o
                0x0000000008000b62                sct_init
 *fill*         0x0000000008000b72        0x2 
 .text.sct_led  0x0000000008000b74       0x80 ./Core/Src/sct.o
                0x0000000008000b74                sct_led
 .text.sct_value
                0x0000000008000bf4       0xb4 ./Core/Src/sct.o
                0x0000000008000bf4                sct_value
 .text.HAL_MspInit
                0x0000000008000ca8       0x48 ./Core/Src/stm32f0xx_hal_msp.o
                0x0000000008000ca8                HAL_MspInit
 .text.HAL_UART_MspInit
                0x0000000008000cf0       0x98 ./Core/Src/stm32f0xx_hal_msp.o
                0x0000000008000cf0                HAL_UART_MspInit
 .text.NMI_Handler
                0x0000000008000d88        0x6 ./Core/Src/stm32f0xx_it.o
                0x0000000008000d88                NMI_Handler
 .text.HardFault_Handler
                0x0000000008000d8e        0x6 ./Core/Src/stm32f0xx_it.o
                0x0000000008000d8e                HardFault_Handler
 .text.SVC_Handler
                0x0000000008000d94        0xa ./Core/Src/stm32f0xx_it.o
                0x0000000008000d94                SVC_Handler
 .text.PendSV_Handler
                0x0000000008000d9e        0xa ./Core/Src/stm32f0xx_it.o
                0x0000000008000d9e                PendSV_Handler
 .text.SysTick_Handler
                0x0000000008000da8        0xe ./Core/Src/stm32f0xx_it.o
                0x0000000008000da8                SysTick_Handler
 .text.SystemInit
                0x0000000008000db6        0xa ./Core/Src/system_stm32f0xx.o
                0x0000000008000db6                SystemInit
 .text.Reset_Handler
                0x0000000008000dc0       0x50 ./Core/Startup/startup_stm32f030r8tx.o
                0x0000000008000dc0                Reset_Handler
 .text.Default_Handler
                0x0000000008000e10        0x2 ./Core/Startup/startup_stm32f030r8tx.o
                0x0000000008000e10                TIM1_CC_IRQHandler
                0x0000000008000e10                TIM6_IRQHandler
                0x0000000008000e10                I2C1_IRQHandler
                0x0000000008000e10                SPI1_IRQHandler
                0x0000000008000e10                EXTI2_3_IRQHandler
                0x0000000008000e10                ADC1_IRQHandler
                0x0000000008000e10                I2C2_IRQHandler
                0x0000000008000e10                TIM17_IRQHandler
                0x0000000008000e10                RTC_IRQHandler
                0x0000000008000e10                TIM16_IRQHandler
                0x0000000008000e10                TIM3_IRQHandler
                0x0000000008000e10                EXTI4_15_IRQHandler
                0x0000000008000e10                RCC_IRQHandler
                0x0000000008000e10                DMA1_Channel1_IRQHandler
                0x0000000008000e10                Default_Handler
                0x0000000008000e10                TIM14_IRQHandler
                0x0000000008000e10                DMA1_Channel4_5_IRQHandler
                0x0000000008000e10                TIM15_IRQHandler
                0x0000000008000e10                EXTI0_1_IRQHandler
                0x0000000008000e10                SPI2_IRQHandler
                0x0000000008000e10                WWDG_IRQHandler
                0x0000000008000e10                DMA1_Channel2_3_IRQHandler
                0x0000000008000e10                USART2_IRQHandler
                0x0000000008000e10                FLASH_IRQHandler
                0x0000000008000e10                USART1_IRQHandler
                0x0000000008000e10                TIM1_BRK_UP_TRG_COM_IRQHandler
 *fill*         0x0000000008000e12        0x2 
 .text.HAL_Init
                0x0000000008000e14       0x28 ./Drivers/STM32F0xx_HAL_Driver/Src/stm32f0xx_hal.o
                0x0000000008000e14                HAL_Init
 .text.HAL_InitTick
                0x0000000008000e3c       0x68 ./Drivers/STM32F0xx_HAL_Driver/Src/stm32f0xx_hal.o
                0x0000000008000e3c                HAL_InitTick
 .text.HAL_IncTick
                0x0000000008000ea4       0x24 ./Drivers/STM32F0xx_HAL_Driver/Src/stm32f0xx_hal.o
                0x0000000008000ea4                HAL_IncTick
 .text.HAL_GetTick
                0x0000000008000ec8       0x14 ./Drivers/STM32F0xx_HAL_Driver/Src/stm32f0xx_hal.o
                0x0000000008000ec8                HAL_GetTick
 .text.HAL_Delay
                0x0000000008000edc       0x48 ./Drivers/STM32F0xx_HAL_Driver/Src/stm32f0xx_hal.o
                0x0000000008000edc                HAL_Delay
 .text.__NVIC_SetPriority
                0x0000000008000f24       0xdc ./Drivers/STM32F0xx_HAL_Driver/Src/stm32f0xx_hal_cortex.o
 .text.SysTick_Config
                0x0000000008001000       0x48 ./Drivers/STM32F0xx_HAL_Driver/Src/stm32f0xx_hal_cortex.o
 .text.HAL_NVIC_SetPriority
                0x0000000008001048       0x2a ./Drivers/STM32F0xx_HAL_Driver/Src/stm32f0xx_hal_cortex.o
                0x0000000008001048                HAL_NVIC_SetPriority
 .text.HAL_SYSTICK_Config
                0x0000000008001072       0x1a ./Drivers/STM32F0xx_HAL_Driver/Src/stm32f0xx_hal_cortex.o
                0x0000000008001072                HAL_SYSTICK_Config
 .text.HAL_GPIO_Init
                0x000000000800108c      0x2e0 ./Drivers/STM32F0xx_HAL_Driver/Src/stm32f0xx_hal_gpio.o
                0x000000000800108c                HAL_GPIO_Init
 .text.HAL_GPIO_WritePin
                0x000000000800136c       0x3a ./Drivers/STM32F0xx_HAL_Driver/Src/stm32f0xx_hal_gpio.o
                0x000000000800136c                HAL_GPIO_WritePin
 *fill*         0x00000000080013a6        0x2 
 .text.HAL_RCC_OscConfig
                0x00000000080013a8      0x634 ./Drivers/STM32F0xx_HAL_Driver/Src/stm32f0xx_hal_rcc.o
                0x00000000080013a8                HAL_RCC_OscConfig
 .text.HAL_RCC_ClockConfig
                0x00000000080019dc      0x19c ./Drivers/STM32F0xx_HAL_Driver/Src/stm32f0xx_hal_rcc.o
                0x00000000080019dc                HAL_RCC_ClockConfig
 .text.HAL_RCC_GetSysClockFreq
                0x0000000008001b78       0xc8 ./Drivers/STM32F0xx_HAL_Driver/Src/stm32f0xx_hal_rcc.o
                0x0000000008001b78                HAL_RCC_GetSysClockFreq
 .text.HAL_RCC_GetHCLKFreq
                0x0000000008001c40       0x14 ./Drivers/STM32F0xx_HAL_Driver/Src/stm32f0xx_hal_rcc.o
                0x0000000008001c40                HAL_RCC_GetHCLKFreq
 .text.HAL_RCC_GetPCLK1Freq
                0x0000000008001c54       0x2c ./Drivers/STM32F0xx_HAL_Driver/Src/stm32f0xx_hal_rcc.o
                0x0000000008001c54                HAL_RCC_GetPCLK1Freq
 .text.HAL_UART_Init
                0x0000000008001c80       0xa8 ./Drivers/STM32F0xx_HAL_Driver/Src/stm32f0xx_hal_uart.o
                0x0000000008001c80                HAL_UART_Init
 .text.UART_SetConfig
                0x0000000008001d28      0x280 ./Drivers/STM32F0xx_HAL_Driver/Src/stm32f0xx_hal_uart.o
                0x0000000008001d28                UART_SetConfig
 .text.UART_AdvFeatureConfig
                0x0000000008001fa8      0x168 ./Drivers/STM32F0xx_HAL_Driver/Src/stm32f0xx_hal_uart.o
                0x0000000008001fa8                UART_AdvFeatureConfig
 .text.UART_CheckIdleState
                0x0000000008002110       0x90 ./Drivers/STM32F0xx_HAL_Driver/Src/stm32f0xx_hal_uart.o
                0x0000000008002110                UART_CheckIdleState
 .text.UART_WaitOnFlagUntilTimeout
                0x00000000080021a0      0x188 ./Drivers/STM32F0xx_HAL_Driver/Src/stm32f0xx_hal_uart.o
                0x00000000080021a0                UART_WaitOnFlagUntilTimeout
 .text.__libc_init_array
                0x0000000008002328       0x48 c:/appz/st/stm32cubeide_1.10.1/stm32cubeide/plugins/com.st.stm32cube.ide.mcu.externaltools.gnu-tools-for-stm32.10.3-2021.10.win32_1.0.0.202111181127/tools/bin/../lib/gcc/arm-none-eabi/10.3.1/../../../../arm-none-eabi/lib/thumb/v6-m/nofp\libc_nano.a(lib_a-init.o)
                0x0000000008002328                __libc_init_array
 .text.memset   0x0000000008002370       0x10 c:/appz/st/stm32cubeide_1.10.1/stm32cubeide/plugins/com.st.stm32cube.ide.mcu.externaltools.gnu-tools-for-stm32.10.3-2021.10.win32_1.0.0.202111181127/tools/bin/../lib/gcc/arm-none-eabi/10.3.1/../../../../arm-none-eabi/lib/thumb/v6-m/nofp\libc_nano.a(lib_a-memset.o)
                0x0000000008002370                memset
 *(.glue_7)
 .glue_7        0x0000000008002380        0x0 linker stubs
 *(.glue_7t)
 .glue_7t       0x0000000008002380        0x0 linker stubs
 *(.eh_frame)
 .eh_frame      0x0000000008002380        0x0 c:/appz/st/stm32cubeide_1.10.1/stm32cubeide/plugins/com.st.stm32cube.ide.mcu.externaltools.gnu-tools-for-stm32.10.3-2021.10.win32_1.0.0.202111181127/tools/bin/../lib/gcc/arm-none-eabi/10.3.1/thumb/v6-m/nofp/crtbegin.o
 *(.init)
 .init          0x0000000008002380        0x4 c:/appz/st/stm32cubeide_1.10.1/stm32cubeide/plugins/com.st.stm32cube.ide.mcu.externaltools.gnu-tools-for-stm32.10.3-2021.10.win32_1.0.0.202111181127/tools/bin/../lib/gcc/arm-none-eabi/10.3.1/thumb/v6-m/nofp/crti.o
                0x0000000008002380                _init
 .init          0x0000000008002384        0x8 c:/appz/st/stm32cubeide_1.10.1/stm32cubeide/plugins/com.st.stm32cube.ide.mcu.externaltools.gnu-tools-for-stm32.10.3-2021.10.win32_1.0.0.202111181127/tools/bin/../lib/gcc/arm-none-eabi/10.3.1/thumb/v6-m/nofp/crtn.o
 *(.fini)
 .fini          0x000000000800238c        0x4 c:/appz/st/stm32cubeide_1.10.1/stm32cubeide/plugins/com.st.stm32cube.ide.mcu.externaltools.gnu-tools-for-stm32.10.3-2021.10.win32_1.0.0.202111181127/tools/bin/../lib/gcc/arm-none-eabi/10.3.1/thumb/v6-m/nofp/crti.o
                0x000000000800238c                _fini
 .fini          0x0000000008002390        0x8 c:/appz/st/stm32cubeide_1.10.1/stm32cubeide/plugins/com.st.stm32cube.ide.mcu.externaltools.gnu-tools-for-stm32.10.3-2021.10.win32_1.0.0.202111181127/tools/bin/../lib/gcc/arm-none-eabi/10.3.1/thumb/v6-m/nofp/crtn.o
                0x0000000008002398                . = ALIGN (0x4)
                0x0000000008002398                _etext = .

.vfp11_veneer   0x0000000008002398        0x0
 .vfp11_veneer  0x0000000008002398        0x0 linker stubs

.v4_bx          0x0000000008002398        0x0
 .v4_bx         0x0000000008002398        0x0 linker stubs

.iplt           0x0000000008002398        0x0
 .iplt          0x0000000008002398        0x0 c:/appz/st/stm32cubeide_1.10.1/stm32cubeide/plugins/com.st.stm32cube.ide.mcu.externaltools.gnu-tools-for-stm32.10.3-2021.10.win32_1.0.0.202111181127/tools/bin/../lib/gcc/arm-none-eabi/10.3.1/thumb/v6-m/nofp/crtbegin.o

.rodata         0x0000000008002398       0xd8
                0x0000000008002398                . = ALIGN (0x4)
 *(.rodata)
 .rodata        0x0000000008002398       0x20 ./Drivers/STM32F0xx_HAL_Driver/Src/stm32f0xx_hal_rcc.o
 *(.rodata*)
 .rodata.reg_values.0
                0x00000000080023b8       0xa0 ./Core/Src/sct.o
 .rodata.AHBPrescTable
                0x0000000008002458       0x10 ./Core/Src/system_stm32f0xx.o
                0x0000000008002458                AHBPrescTable
 .rodata.APBPrescTable
                0x0000000008002468        0x8 ./Core/Src/system_stm32f0xx.o
                0x0000000008002468                APBPrescTable
                0x0000000008002470                . = ALIGN (0x4)

.rel.dyn        0x0000000008002470        0x0
 .rel.iplt      0x0000000008002470        0x0 c:/appz/st/stm32cubeide_1.10.1/stm32cubeide/plugins/com.st.stm32cube.ide.mcu.externaltools.gnu-tools-for-stm32.10.3-2021.10.win32_1.0.0.202111181127/tools/bin/../lib/gcc/arm-none-eabi/10.3.1/thumb/v6-m/nofp/crtbegin.o

.ARM.extab      0x0000000008002470        0x0
                0x0000000008002470                . = ALIGN (0x4)
 *(.ARM.extab* .gnu.linkonce.armextab.*)
                0x0000000008002470                . = ALIGN (0x4)

.ARM            0x0000000008002470        0x0
                0x0000000008002470                . = ALIGN (0x4)
                0x0000000008002470                __exidx_start = .
 *(.ARM.exidx*)
                0x0000000008002470                __exidx_end = .
                0x0000000008002470                . = ALIGN (0x4)

.preinit_array  0x0000000008002470        0x0
                0x0000000008002470                . = ALIGN (0x4)
                0x0000000008002470                PROVIDE (__preinit_array_start = .)
 *(.preinit_array*)
                0x0000000008002470                PROVIDE (__preinit_array_end = .)
                0x0000000008002470                . = ALIGN (0x4)

.init_array     0x0000000008002470        0x4
                0x0000000008002470                . = ALIGN (0x4)
                0x0000000008002470                PROVIDE (__init_array_start = .)
 *(SORT_BY_NAME(.init_array.*))
 *(.init_array*)
 .init_array    0x0000000008002470        0x4 c:/appz/st/stm32cubeide_1.10.1/stm32cubeide/plugins/com.st.stm32cube.ide.mcu.externaltools.gnu-tools-for-stm32.10.3-2021.10.win32_1.0.0.202111181127/tools/bin/../lib/gcc/arm-none-eabi/10.3.1/thumb/v6-m/nofp/crtbegin.o
                0x0000000008002474                PROVIDE (__init_array_end = .)
                0x0000000008002474                . = ALIGN (0x4)

.fini_array     0x0000000008002474        0x4
                0x0000000008002474                . = ALIGN (0x4)
                [!provide]                        PROVIDE (__fini_array_start = .)
 *(SORT_BY_NAME(.fini_array.*))
 *(.fini_array*)
 .fini_array    0x0000000008002474        0x4 c:/appz/st/stm32cubeide_1.10.1/stm32cubeide/plugins/com.st.stm32cube.ide.mcu.externaltools.gnu-tools-for-stm32.10.3-2021.10.win32_1.0.0.202111181127/tools/bin/../lib/gcc/arm-none-eabi/10.3.1/thumb/v6-m/nofp/crtbegin.o
                [!provide]                        PROVIDE (__fini_array_end = .)
                0x0000000008002478                . = ALIGN (0x4)
                0x0000000008002478                _sidata = LOADADDR (.data)

.data           0x0000000020000000        0xc load address 0x0000000008002478
                0x0000000020000000                . = ALIGN (0x4)
                0x0000000020000000                _sdata = .
 *(.data)
 *(.data*)
 .data.SystemCoreClock
                0x0000000020000000        0x4 ./Core/Src/system_stm32f0xx.o
                0x0000000020000000                SystemCoreClock
 .data.uwTickPrio
                0x0000000020000004        0x4 ./Drivers/STM32F0xx_HAL_Driver/Src/stm32f0xx_hal.o
                0x0000000020000004                uwTickPrio
 .data.uwTickFreq
                0x0000000020000008        0x1 ./Drivers/STM32F0xx_HAL_Driver/Src/stm32f0xx_hal.o
                0x0000000020000008                uwTickFreq
 *(.RamFunc)
 *(.RamFunc*)
                0x000000002000000c                . = ALIGN (0x4)
 *fill*         0x0000000020000009        0x3 
                0x000000002000000c                _edata = .

.igot.plt       0x000000002000000c        0x0 load address 0x0000000008002484
 .igot.plt      0x000000002000000c        0x0 c:/appz/st/stm32cubeide_1.10.1/stm32cubeide/plugins/com.st.stm32cube.ide.mcu.externaltools.gnu-tools-for-stm32.10.3-2021.10.win32_1.0.0.202111181127/tools/bin/../lib/gcc/arm-none-eabi/10.3.1/thumb/v6-m/nofp/crtbegin.o
                0x000000002000000c                . = ALIGN (0x4)

.bss            0x000000002000000c       0xa4 load address 0x0000000008002484
                0x000000002000000c                _sbss = .
                0x000000002000000c                __bss_start__ = _sbss
 *(.bss)
 .bss           0x000000002000000c       0x1c c:/appz/st/stm32cubeide_1.10.1/stm32cubeide/plugins/com.st.stm32cube.ide.mcu.externaltools.gnu-tools-for-stm32.10.3-2021.10.win32_1.0.0.202111181127/tools/bin/../lib/gcc/arm-none-eabi/10.3.1/thumb/v6-m/nofp/crtbegin.o
 *(.bss*)
 .bss.huart2    0x0000000020000028       0x84 ./Core/Src/main.o
                0x0000000020000028                huart2
 .bss.uwTick    0x00000000200000ac        0x4 ./Drivers/STM32F0xx_HAL_Driver/Src/stm32f0xx_hal.o
                0x00000000200000ac                uwTick
 *(COMMON)
                0x00000000200000b0                . = ALIGN (0x4)
                0x00000000200000b0                _ebss = .
                0x00000000200000b0                __bss_end__ = _ebss

._user_heap_stack
                0x00000000200000b0      0x600 load address 0x0000000008002484
                0x00000000200000b0                . = ALIGN (0x8)
                [!provide]                        PROVIDE (end = .)
                0x00000000200000b0                PROVIDE (_end = .)
                0x00000000200002b0                . = (. + _Min_Heap_Size)
 *fill*         0x00000000200000b0      0x200 
                0x00000000200006b0                . = (. + _Min_Stack_Size)
 *fill*         0x00000000200002b0      0x400 
                0x00000000200006b0                . = ALIGN (0x8)

/DISCARD/
 libc.a(*)
 libm.a(*)
 libgcc.a(*)

.ARM.attributes
                0x0000000000000000       0x28
 *(.ARM.attributes)
 .ARM.attributes
                0x0000000000000000       0x1e c:/appz/st/stm32cubeide_1.10.1/stm32cubeide/plugins/com.st.stm32cube.ide.mcu.externaltools.gnu-tools-for-stm32.10.3-2021.10.win32_1.0.0.202111181127/tools/bin/../lib/gcc/arm-none-eabi/10.3.1/thumb/v6-m/nofp/crti.o
 .ARM.attributes
                0x000000000000001e       0x2c c:/appz/st/stm32cubeide_1.10.1/stm32cubeide/plugins/com.st.stm32cube.ide.mcu.externaltools.gnu-tools-for-stm32.10.3-2021.10.win32_1.0.0.202111181127/tools/bin/../lib/gcc/arm-none-eabi/10.3.1/thumb/v6-m/nofp/crtbegin.o
 .ARM.attributes
                0x000000000000004a       0x2c ./Core/Src/1wire.o
 .ARM.attributes
                0x0000000000000076       0x2c ./Core/Src/main.o
 .ARM.attributes
                0x00000000000000a2       0x2c ./Core/Src/sct.o
 .ARM.attributes
                0x00000000000000ce       0x2c ./Core/Src/stm32f0xx_hal_msp.o
 .ARM.attributes
                0x00000000000000fa       0x2c ./Core/Src/stm32f0xx_it.o
 .ARM.attributes
                0x0000000000000126       0x2c ./Core/Src/system_stm32f0xx.o
 .ARM.attributes
                0x0000000000000152       0x21 ./Core/Startup/startup_stm32f030r8tx.o
 .ARM.attributes
                0x0000000000000173       0x2c ./Drivers/STM32F0xx_HAL_Driver/Src/stm32f0xx_hal.o
 .ARM.attributes
                0x000000000000019f       0x2c ./Drivers/STM32F0xx_HAL_Driver/Src/stm32f0xx_hal_cortex.o
 .ARM.attributes
                0x00000000000001cb       0x2c ./Drivers/STM32F0xx_HAL_Driver/Src/stm32f0xx_hal_gpio.o
 .ARM.attributes
                0x00000000000001f7       0x2c ./Drivers/STM32F0xx_HAL_Driver/Src/stm32f0xx_hal_rcc.o
 .ARM.attributes
                0x0000000000000223       0x2c ./Drivers/STM32F0xx_HAL_Driver/Src/stm32f0xx_hal_uart.o
 .ARM.attributes
                0x000000000000024f       0x2c c:/appz/st/stm32cubeide_1.10.1/stm32cubeide/plugins/com.st.stm32cube.ide.mcu.externaltools.gnu-tools-for-stm32.10.3-2021.10.win32_1.0.0.202111181127/tools/bin/../lib/gcc/arm-none-eabi/10.3.1/../../../../arm-none-eabi/lib/thumb/v6-m/nofp\libc_nano.a(lib_a-init.o)
 .ARM.attributes
                0x000000000000027b       0x2c c:/appz/st/stm32cubeide_1.10.1/stm32cubeide/plugins/com.st.stm32cube.ide.mcu.externaltools.gnu-tools-for-stm32.10.3-2021.10.win32_1.0.0.202111181127/tools/bin/../lib/gcc/arm-none-eabi/10.3.1/../../../../arm-none-eabi/lib/thumb/v6-m/nofp\libc_nano.a(lib_a-memset.o)
 .ARM.attributes
                0x00000000000002a7       0x1e c:/appz/st/stm32cubeide_1.10.1/stm32cubeide/plugins/com.st.stm32cube.ide.mcu.externaltools.gnu-tools-for-stm32.10.3-2021.10.win32_1.0.0.202111181127/tools/bin/../lib/gcc/arm-none-eabi/10.3.1/thumb/v6-m/nofp\libgcc.a(_udivsi3.o)
 .ARM.attributes
                0x00000000000002c5       0x1e c:/appz/st/stm32cubeide_1.10.1/stm32cubeide/plugins/com.st.stm32cube.ide.mcu.externaltools.gnu-tools-for-stm32.10.3-2021.10.win32_1.0.0.202111181127/tools/bin/../lib/gcc/arm-none-eabi/10.3.1/thumb/v6-m/nofp\libgcc.a(_divsi3.o)
 .ARM.attributes
                0x00000000000002e3       0x1e c:/appz/st/stm32cubeide_1.10.1/stm32cubeide/plugins/com.st.stm32cube.ide.mcu.externaltools.gnu-tools-for-stm32.10.3-2021.10.win32_1.0.0.202111181127/tools/bin/../lib/gcc/arm-none-eabi/10.3.1/thumb/v6-m/nofp\libgcc.a(_dvmd_tls.o)
 .ARM.attributes
                0x0000000000000301       0x1e c:/appz/st/stm32cubeide_1.10.1/stm32cubeide/plugins/com.st.stm32cube.ide.mcu.externaltools.gnu-tools-for-stm32.10.3-2021.10.win32_1.0.0.202111181127/tools/bin/../lib/gcc/arm-none-eabi/10.3.1/thumb/v6-m/nofp/crtn.o
OUTPUT(CV_6.elf elf32-littlearm)
LOAD linker stubs
LOAD c:/appz/st/stm32cubeide_1.10.1/stm32cubeide/plugins/com.st.stm32cube.ide.mcu.externaltools.gnu-tools-for-stm32.10.3-2021.10.win32_1.0.0.202111181127/tools/bin/../lib/gcc/arm-none-eabi/10.3.1/../../../../arm-none-eabi/lib/thumb/v6-m/nofp\libc.a
LOAD c:/appz/st/stm32cubeide_1.10.1/stm32cubeide/plugins/com.st.stm32cube.ide.mcu.externaltools.gnu-tools-for-stm32.10.3-2021.10.win32_1.0.0.202111181127/tools/bin/../lib/gcc/arm-none-eabi/10.3.1/../../../../arm-none-eabi/lib/thumb/v6-m/nofp\libm.a
LOAD c:/appz/st/stm32cubeide_1.10.1/stm32cubeide/plugins/com.st.stm32cube.ide.mcu.externaltools.gnu-tools-for-stm32.10.3-2021.10.win32_1.0.0.202111181127/tools/bin/../lib/gcc/arm-none-eabi/10.3.1/thumb/v6-m/nofp\libgcc.a

.debug_info     0x0000000000000000     0x78a3
 .debug_info    0x0000000000000000      0x5b2 ./Core/Src/1wire.o
 .debug_info    0x00000000000005b2      0xc01 ./Core/Src/main.o
 .debug_info    0x00000000000011b3      0x280 ./Core/Src/sct.o
 .debug_info    0x0000000000001433      0x92a ./Core/Src/stm32f0xx_hal_msp.o
 .debug_info    0x0000000000001d5d       0xda ./Core/Src/stm32f0xx_it.o
 .debug_info    0x0000000000001e37      0x269 ./Core/Src/system_stm32f0xx.o
 .debug_info    0x00000000000020a0       0x22 ./Core/Startup/startup_stm32f030r8tx.o
 .debug_info    0x00000000000020c2      0x6bb ./Drivers/STM32F0xx_HAL_Driver/Src/stm32f0xx_hal.o
 .debug_info    0x000000000000277d      0x6f9 ./Drivers/STM32F0xx_HAL_Driver/Src/stm32f0xx_hal_cortex.o
 .debug_info    0x0000000000002e76      0x613 ./Drivers/STM32F0xx_HAL_Driver/Src/stm32f0xx_hal_gpio.o
 .debug_info    0x0000000000003489      0x888 ./Drivers/STM32F0xx_HAL_Driver/Src/stm32f0xx_hal_rcc.o
 .debug_info    0x0000000000003d11     0x3b92 ./Drivers/STM32F0xx_HAL_Driver/Src/stm32f0xx_hal_uart.o

.debug_abbrev   0x0000000000000000     0x1487
 .debug_abbrev  0x0000000000000000      0x1db ./Core/Src/1wire.o
 .debug_abbrev  0x00000000000001db      0x275 ./Core/Src/main.o
 .debug_abbrev  0x0000000000000450      0x151 ./Core/Src/sct.o
 .debug_abbrev  0x00000000000005a1      0x194 ./Core/Src/stm32f0xx_hal_msp.o
 .debug_abbrev  0x0000000000000735       0x74 ./Core/Src/stm32f0xx_it.o
 .debug_abbrev  0x00000000000007a9      0x116 ./Core/Src/system_stm32f0xx.o
 .debug_abbrev  0x00000000000008bf       0x12 ./Core/Startup/startup_stm32f030r8tx.o
 .debug_abbrev  0x00000000000008d1      0x23f ./Drivers/STM32F0xx_HAL_Driver/Src/stm32f0xx_hal.o
 .debug_abbrev  0x0000000000000b10      0x283 ./Drivers/STM32F0xx_HAL_Driver/Src/stm32f0xx_hal_cortex.o
 .debug_abbrev  0x0000000000000d93      0x1bb ./Drivers/STM32F0xx_HAL_Driver/Src/stm32f0xx_hal_gpio.o
 .debug_abbrev  0x0000000000000f4e      0x283 ./Drivers/STM32F0xx_HAL_Driver/Src/stm32f0xx_hal_rcc.o
 .debug_abbrev  0x00000000000011d1      0x2b6 ./Drivers/STM32F0xx_HAL_Driver/Src/stm32f0xx_hal_uart.o

.debug_aranges  0x0000000000000000      0x620
 .debug_aranges
                0x0000000000000000       0x70 ./Core/Src/1wire.o
 .debug_aranges
                0x0000000000000070       0x40 ./Core/Src/main.o
 .debug_aranges
                0x00000000000000b0       0x30 ./Core/Src/sct.o
 .debug_aranges
                0x00000000000000e0       0x30 ./Core/Src/stm32f0xx_hal_msp.o
 .debug_aranges
                0x0000000000000110       0x40 ./Core/Src/stm32f0xx_it.o
 .debug_aranges
                0x0000000000000150       0x28 ./Core/Src/system_stm32f0xx.o
 .debug_aranges
                0x0000000000000178       0x28 ./Core/Startup/startup_stm32f030r8tx.o
 .debug_aranges
                0x00000000000001a0       0xd0 ./Drivers/STM32F0xx_HAL_Driver/Src/stm32f0xx_hal.o
 .debug_aranges
                0x0000000000000270       0xc0 ./Drivers/STM32F0xx_HAL_Driver/Src/stm32f0xx_hal_cortex.o
 .debug_aranges
                0x0000000000000330       0x58 ./Drivers/STM32F0xx_HAL_Driver/Src/stm32f0xx_hal_gpio.o
 .debug_aranges
                0x0000000000000388       0x80 ./Drivers/STM32F0xx_HAL_Driver/Src/stm32f0xx_hal_rcc.o
 .debug_aranges
                0x0000000000000408      0x218 ./Drivers/STM32F0xx_HAL_Driver/Src/stm32f0xx_hal_uart.o

.debug_ranges   0x0000000000000000      0x598
 .debug_ranges  0x0000000000000000       0x60 ./Core/Src/1wire.o
 .debug_ranges  0x0000000000000060       0x30 ./Core/Src/main.o
 .debug_ranges  0x0000000000000090       0x20 ./Core/Src/sct.o
 .debug_ranges  0x00000000000000b0       0x20 ./Core/Src/stm32f0xx_hal_msp.o
 .debug_ranges  0x00000000000000d0       0x30 ./Core/Src/stm32f0xx_it.o
 .debug_ranges  0x0000000000000100       0x18 ./Core/Src/system_stm32f0xx.o
 .debug_ranges  0x0000000000000118       0x20 ./Core/Startup/startup_stm32f030r8tx.o
 .debug_ranges  0x0000000000000138       0xc0 ./Drivers/STM32F0xx_HAL_Driver/Src/stm32f0xx_hal.o
 .debug_ranges  0x00000000000001f8       0xb0 ./Drivers/STM32F0xx_HAL_Driver/Src/stm32f0xx_hal_cortex.o
 .debug_ranges  0x00000000000002a8       0x48 ./Drivers/STM32F0xx_HAL_Driver/Src/stm32f0xx_hal_gpio.o
 .debug_ranges  0x00000000000002f0       0x70 ./Drivers/STM32F0xx_HAL_Driver/Src/stm32f0xx_hal_rcc.o
 .debug_ranges  0x0000000000000360      0x238 ./Drivers/STM32F0xx_HAL_Driver/Src/stm32f0xx_hal_uart.o

.debug_macro    0x0000000000000000     0xfcb0
 .debug_macro   0x0000000000000000      0x325 ./Core/Src/1wire.o
 .debug_macro   0x0000000000000325      0xa4e ./Core/Src/1wire.o
 .debug_macro   0x0000000000000d73       0x22 ./Core/Src/1wire.o
 .debug_macro   0x0000000000000d95       0x4c ./Core/Src/1wire.o
 .debug_macro   0x0000000000000de1       0x18 ./Core/Src/1wire.o
 .debug_macro   0x0000000000000df9       0x94 ./Core/Src/1wire.o
 .debug_macro   0x0000000000000e8d       0x3c ./Core/Src/1wire.o
 .debug_macro   0x0000000000000ec9       0x34 ./Core/Src/1wire.o
 .debug_macro   0x0000000000000efd       0x16 ./Core/Src/1wire.o
 .debug_macro   0x0000000000000f13       0x57 ./Core/Src/1wire.o
 .debug_macro   0x0000000000000f6a       0x97 ./Core/Src/1wire.o
 .debug_macro   0x0000000000001001      0x341 ./Core/Src/1wire.o
 .debug_macro   0x0000000000001342       0xfd ./Core/Src/1wire.o
 .debug_macro   0x000000000000143f       0x10 ./Core/Src/1wire.o
 .debug_macro   0x000000000000144f       0x16 ./Core/Src/1wire.o
 .debug_macro   0x0000000000001465       0x43 ./Core/Src/1wire.o
 .debug_macro   0x00000000000014a8       0x34 ./Core/Src/1wire.o
 .debug_macro   0x00000000000014dc       0x10 ./Core/Src/1wire.o
 .debug_macro   0x00000000000014ec       0x58 ./Core/Src/1wire.o
 .debug_macro   0x0000000000001544       0x71 ./Core/Src/1wire.o
 .debug_macro   0x00000000000015b5       0x1c ./Core/Src/1wire.o
 .debug_macro   0x00000000000015d1      0x12a ./Core/Src/1wire.o
 .debug_macro   0x00000000000016fb       0x10 ./Core/Src/1wire.o
 .debug_macro   0x000000000000170b       0x6a ./Core/Src/1wire.o
 .debug_macro   0x0000000000001775       0x1c ./Core/Src/1wire.o
 .debug_macro   0x0000000000001791       0x52 ./Core/Src/1wire.o
 .debug_macro   0x00000000000017e3       0x22 ./Core/Src/1wire.o
 .debug_macro   0x0000000000001805       0x10 ./Core/Src/1wire.o
 .debug_macro   0x0000000000001815       0x52 ./Core/Src/1wire.o
 .debug_macro   0x0000000000001867       0xd5 ./Core/Src/1wire.o
 .debug_macro   0x000000000000193c       0x1c ./Core/Src/1wire.o
 .debug_macro   0x0000000000001958       0x3d ./Core/Src/1wire.o
 .debug_macro   0x0000000000001995       0x16 ./Core/Src/1wire.o
 .debug_macro   0x00000000000019ab      0x145 ./Core/Src/1wire.o
 .debug_macro   0x0000000000001af0      0x103 ./Core/Src/1wire.o
 .debug_macro   0x0000000000001bf3      0x1df ./Core/Src/1wire.o
 .debug_macro   0x0000000000001dd2      0x12d ./Core/Src/1wire.o
 .debug_macro   0x0000000000001eff       0x2e ./Core/Src/1wire.o
 .debug_macro   0x0000000000001f2d       0x22 ./Core/Src/1wire.o
 .debug_macro   0x0000000000001f4f       0x1c ./Core/Src/1wire.o
 .debug_macro   0x0000000000001f6b       0x22 ./Core/Src/1wire.o
 .debug_macro   0x0000000000001f8d       0xaf ./Core/Src/1wire.o
 .debug_macro   0x000000000000203c      0x391 ./Core/Src/1wire.o
 .debug_macro   0x00000000000023cd     0x6f40 ./Core/Src/1wire.o
 .debug_macro   0x000000000000930d       0x66 ./Core/Src/1wire.o
 .debug_macro   0x0000000000009373     0x34a6 ./Core/Src/1wire.o
 .debug_macro   0x000000000000c819       0x4f ./Core/Src/1wire.o
 .debug_macro   0x000000000000c868      0x924 ./Core/Src/1wire.o
 .debug_macro   0x000000000000d18c      0x17f ./Core/Src/1wire.o
 .debug_macro   0x000000000000d30b      0x1af ./Core/Src/1wire.o
 .debug_macro   0x000000000000d4ba       0xd9 ./Core/Src/1wire.o
 .debug_macro   0x000000000000d593      0x1a0 ./Core/Src/1wire.o
 .debug_macro   0x000000000000d733      0x1ed ./Core/Src/1wire.o
 .debug_macro   0x000000000000d920       0x34 ./Core/Src/1wire.o
 .debug_macro   0x000000000000d954       0x43 ./Core/Src/1wire.o
 .debug_macro   0x000000000000d997       0x28 ./Core/Src/1wire.o
 .debug_macro   0x000000000000d9bf       0xb0 ./Core/Src/1wire.o
 .debug_macro   0x000000000000da6f      0x199 ./Core/Src/1wire.o
 .debug_macro   0x000000000000dc08      0x22c ./Core/Src/1wire.o
 .debug_macro   0x000000000000de34       0x61 ./Core/Src/1wire.o
 .debug_macro   0x000000000000de95       0xa5 ./Core/Src/1wire.o
 .debug_macro   0x000000000000df3a       0x4c ./Core/Src/1wire.o
 .debug_macro   0x000000000000df86       0x2b ./Core/Src/1wire.o
 .debug_macro   0x000000000000dfb1      0x55f ./Core/Src/1wire.o
 .debug_macro   0x000000000000e510       0x3e ./Core/Src/1wire.o
 .debug_macro   0x000000000000e54e       0xff ./Core/Src/1wire.o
 .debug_macro   0x000000000000e64d       0xb8 ./Core/Src/1wire.o
 .debug_macro   0x000000000000e705       0xb2 ./Core/Src/1wire.o
 .debug_macro   0x000000000000e7b7      0x1e0 ./Core/Src/main.o
 .debug_macro   0x000000000000e997       0x8e ./Core/Src/main.o
 .debug_macro   0x000000000000ea25       0x51 ./Core/Src/main.o
 .debug_macro   0x000000000000ea76      0x174 ./Core/Src/main.o
 .debug_macro   0x000000000000ebea       0x55 ./Core/Src/main.o
 .debug_macro   0x000000000000ec3f      0x1c1 ./Core/Src/sct.o
 .debug_macro   0x000000000000ee00       0xbe ./Core/Src/sct.o
 .debug_macro   0x000000000000eebe      0x1bd ./Core/Src/stm32f0xx_hal_msp.o
 .debug_macro   0x000000000000f07b      0x1c7 ./Core/Src/stm32f0xx_it.o
 .debug_macro   0x000000000000f242      0x1ae ./Core/Src/system_stm32f0xx.o
 .debug_macro   0x000000000000f3f0      0x1d2 ./Drivers/STM32F0xx_HAL_Driver/Src/stm32f0xx_hal.o
 .debug_macro   0x000000000000f5c2      0x1ae ./Drivers/STM32F0xx_HAL_Driver/Src/stm32f0xx_hal_cortex.o
 .debug_macro   0x000000000000f770      0x1b5 ./Drivers/STM32F0xx_HAL_Driver/Src/stm32f0xx_hal_gpio.o
 .debug_macro   0x000000000000f925      0x1c0 ./Drivers/STM32F0xx_HAL_Driver/Src/stm32f0xx_hal_rcc.o
 .debug_macro   0x000000000000fae5      0x1cb ./Drivers/STM32F0xx_HAL_Driver/Src/stm32f0xx_hal_uart.o

.debug_line     0x0000000000000000     0x8822
 .debug_line    0x0000000000000000      0xcb6 ./Core/Src/1wire.o
 .debug_line    0x0000000000000cb6      0x7f1 ./Core/Src/main.o
 .debug_line    0x00000000000014a7      0x743 ./Core/Src/sct.o
 .debug_line    0x0000000000001bea      0x707 ./Core/Src/stm32f0xx_hal_msp.o
 .debug_line    0x00000000000022f1      0x71f ./Core/Src/stm32f0xx_it.o
 .debug_line    0x0000000000002a10      0x72a ./Core/Src/system_stm32f0xx.o
 .debug_line    0x000000000000313a       0x89 ./Core/Startup/startup_stm32f030r8tx.o
 .debug_line    0x00000000000031c3      0x935 ./Drivers/STM32F0xx_HAL_Driver/Src/stm32f0xx_hal.o
 .debug_line    0x0000000000003af8      0x9e1 ./Drivers/STM32F0xx_HAL_Driver/Src/stm32f0xx_hal_cortex.o
 .debug_line    0x00000000000044d9      0xab2 ./Drivers/STM32F0xx_HAL_Driver/Src/stm32f0xx_hal_gpio.o
 .debug_line    0x0000000000004f8b      0xd21 ./Drivers/STM32F0xx_HAL_Driver/Src/stm32f0xx_hal_rcc.o
 .debug_line    0x0000000000005cac     0x2b76 ./Drivers/STM32F0xx_HAL_Driver/Src/stm32f0xx_hal_uart.o

.debug_str      0x0000000000000000    0x5ce84
 .debug_str     0x0000000000000000    0x5b3e4 ./Core/Src/1wire.o
                                      0x5b681 (size before relaxing)
 .debug_str     0x000000000005b3e4      0x699 ./Core/Src/main.o
                                      0x57f88 (size before relaxing)
 .debug_str     0x000000000005ba7d       0x25 ./Core/Src/sct.o
                                      0x5763e (size before relaxing)
 .debug_str     0x000000000005baa2       0x66 ./Core/Src/stm32f0xx_hal_msp.o
                                      0x57aac (size before relaxing)
 .debug_str     0x000000000005bb08       0x82 ./Core/Src/stm32f0xx_it.o
                                      0x575d2 (size before relaxing)
 .debug_str     0x000000000005bb8a       0x8b ./Core/Src/system_stm32f0xx.o
                                      0x573c8 (size before relaxing)
 .debug_str     0x000000000005bc15       0x36 ./Core/Startup/startup_stm32f030r8tx.o
                                         0x56 (size before relaxing)
 .debug_str     0x000000000005bc4b      0x4c0 ./Drivers/STM32F0xx_HAL_Driver/Src/stm32f0xx_hal.o
                                      0x57959 (size before relaxing)
 .debug_str     0x000000000005c10b      0x1be ./Drivers/STM32F0xx_HAL_Driver/Src/stm32f0xx_hal_cortex.o
                                      0x5774a (size before relaxing)
 .debug_str     0x000000000005c2c9      0x113 ./Drivers/STM32F0xx_HAL_Driver/Src/stm32f0xx_hal_gpio.o
                                      0x57569 (size before relaxing)
 .debug_str     0x000000000005c3dc      0x21a ./Drivers/STM32F0xx_HAL_Driver/Src/stm32f0xx_hal_rcc.o
                                      0x57804 (size before relaxing)
 .debug_str     0x000000000005c5f6      0x88e ./Drivers/STM32F0xx_HAL_Driver/Src/stm32f0xx_hal_uart.o
                                      0x580b9 (size before relaxing)

.comment        0x0000000000000000       0x50
 .comment       0x0000000000000000       0x50 ./Core/Src/1wire.o
                                         0x51 (size before relaxing)
 .comment       0x0000000000000050       0x51 ./Core/Src/main.o
 .comment       0x0000000000000050       0x51 ./Core/Src/sct.o
 .comment       0x0000000000000050       0x51 ./Core/Src/stm32f0xx_hal_msp.o
 .comment       0x0000000000000050       0x51 ./Core/Src/stm32f0xx_it.o
 .comment       0x0000000000000050       0x51 ./Core/Src/system_stm32f0xx.o
 .comment       0x0000000000000050       0x51 ./Drivers/STM32F0xx_HAL_Driver/Src/stm32f0xx_hal.o
 .comment       0x0000000000000050       0x51 ./Drivers/STM32F0xx_HAL_Driver/Src/stm32f0xx_hal_cortex.o
 .comment       0x0000000000000050       0x51 ./Drivers/STM32F0xx_HAL_Driver/Src/stm32f0xx_hal_gpio.o
 .comment       0x0000000000000050       0x51 ./Drivers/STM32F0xx_HAL_Driver/Src/stm32f0xx_hal_rcc.o
 .comment       0x0000000000000050       0x51 ./Drivers/STM32F0xx_HAL_Driver/Src/stm32f0xx_hal_uart.o

.debug_frame    0x0000000000000000     0x1464
 .debug_frame   0x0000000000000000      0x170 ./Core/Src/1wire.o
 .debug_frame   0x0000000000000170       0xa8 ./Core/Src/main.o
 .debug_frame   0x0000000000000218       0x6c ./Core/Src/sct.o
 .debug_frame   0x0000000000000284       0x70 ./Core/Src/stm32f0xx_hal_msp.o
 .debug_frame   0x00000000000002f4       0x9c ./Core/Src/stm32f0xx_it.o
 .debug_frame   0x0000000000000390       0x4c ./Core/Src/system_stm32f0xx.o
 .debug_frame   0x00000000000003dc      0x2a4 ./Drivers/STM32F0xx_HAL_Driver/Src/stm32f0xx_hal.o
 .debug_frame   0x0000000000000680      0x2a0 ./Drivers/STM32F0xx_HAL_Driver/Src/stm32f0xx_hal_cortex.o
 .debug_frame   0x0000000000000920      0x110 ./Drivers/STM32F0xx_HAL_Driver/Src/stm32f0xx_hal_gpio.o
 .debug_frame   0x0000000000000a30      0x198 ./Drivers/STM32F0xx_HAL_Driver/Src/stm32f0xx_hal_rcc.o
 .debug_frame   0x0000000000000bc8      0x810 ./Drivers/STM32F0xx_HAL_Driver/Src/stm32f0xx_hal_uart.o
 .debug_frame   0x00000000000013d8       0x2c c:/appz/st/stm32cubeide_1.10.1/stm32cubeide/plugins/com.st.stm32cube.ide.mcu.externaltools.gnu-tools-for-stm32.10.3-2021.10.win32_1.0.0.202111181127/tools/bin/../lib/gcc/arm-none-eabi/10.3.1/../../../../arm-none-eabi/lib/thumb/v6-m/nofp\libc_nano.a(lib_a-init.o)
 .debug_frame   0x0000000000001404       0x20 c:/appz/st/stm32cubeide_1.10.1/stm32cubeide/plugins/com.st.stm32cube.ide.mcu.externaltools.gnu-tools-for-stm32.10.3-2021.10.win32_1.0.0.202111181127/tools/bin/../lib/gcc/arm-none-eabi/10.3.1/../../../../arm-none-eabi/lib/thumb/v6-m/nofp\libc_nano.a(lib_a-memset.o)
 .debug_frame   0x0000000000001424       0x20 c:/appz/st/stm32cubeide_1.10.1/stm32cubeide/plugins/com.st.stm32cube.ide.mcu.externaltools.gnu-tools-for-stm32.10.3-2021.10.win32_1.0.0.202111181127/tools/bin/../lib/gcc/arm-none-eabi/10.3.1/thumb/v6-m/nofp\libgcc.a(_udivsi3.o)
 .debug_frame   0x0000000000001444       0x20 c:/appz/st/stm32cubeide_1.10.1/stm32cubeide/plugins/com.st.stm32cube.ide.mcu.externaltools.gnu-tools-for-stm32.10.3-2021.10.win32_1.0.0.202111181127/tools/bin/../lib/gcc/arm-none-eabi/10.3.1/thumb/v6-m/nofp\libgcc.a(_divsi3.o)
