../drivers/fsl_powerquad_math.c:22:6:PQ_VectorLnF32	16	static
../drivers/fsl_powerquad_math.c:47:6:PQ_VectorInvF32	16	static
../drivers/fsl_powerquad_math.c:72:6:PQ_VectorSqrtF32	16	static
../drivers/fsl_powerquad_math.c:97:6:PQ_VectorInvSqrtF32	16	static
../drivers/fsl_powerquad_math.c:122:6:PQ_VectorEtoxF32	16	static
../drivers/fsl_powerquad_math.c:147:6:PQ_VectorEtonxF32	16	static
../drivers/fsl_powerquad_math.c:172:6:PQ_VectorSinF32	16	static
../drivers/fsl_powerquad_math.c:197:6:PQ_VectorCosF32	16	static
../drivers/fsl_powerquad_math.c:222:6:PQ_VectorLnFixed32	16	static
../drivers/fsl_powerquad_math.c:244:6:PQ_VectorInvFixed32	16	static
../drivers/fsl_powerquad_math.c:266:6:PQ_VectorSqrtFixed32	16	static
../drivers/fsl_powerquad_math.c:288:6:PQ_VectorInvSqrtFixed32	16	static
../drivers/fsl_powerquad_math.c:310:6:PQ_VectorEtoxFixed32	16	static
../drivers/fsl_powerquad_math.c:332:6:PQ_VectorEtonxFixed32	16	static
../drivers/fsl_powerquad_math.c:354:6:PQ_VectorSinQ31	20	static
../drivers/fsl_powerquad_math.c:449:6:PQ_VectorCosQ31	20	static
../drivers/fsl_powerquad_math.c:544:6:PQ_VectorLnFixed16	16	static
../drivers/fsl_powerquad_math.c:566:6:PQ_VectorInvFixed16	16	static
../drivers/fsl_powerquad_math.c:588:6:PQ_VectorSqrtFixed16	16	static
../drivers/fsl_powerquad_math.c:610:6:PQ_VectorInvSqrtFixed16	16	static
../drivers/fsl_powerquad_math.c:632:6:PQ_VectorEtoxFixed16	16	static
../drivers/fsl_powerquad_math.c:654:6:PQ_VectorEtonxFixed16	16	static
../drivers/fsl_powerquad_math.c:676:6:PQ_VectorSinQ15	20	static
../drivers/fsl_powerquad_math.c:772:6:PQ_VectorCosQ15	20	static
../drivers/fsl_powerquad_math.c:868:9:PQ_ArctanFixed	0	static
../drivers/fsl_powerquad_math.c:879:9:PQ_ArctanhFixed	0	static
