14:33:33 **** Incremental Build of configuration Debug for project lpcxpresso55s69_hello_world_ns ****
make -r -j4 all 
make[1]: Nothing to be done for 'main-build'.
Performing post-build steps
arm-none-eabi-size "lpcxpresso55s69_hello_world_ns.axf"; # arm-none-eabi-objcopy -v -O binary "lpcxpresso55s69_hello_world_ns.axf" "lpcxpresso55s69_hello_world_ns.bin" ; # checksum -p LPC55S69 -d "lpcxpresso55s69_hello_world_ns.bin";
   text	   data	    bss	    dec	    hex	filename
   4380	      0	   8284	  12664	   3178	lpcxpresso55s69_hello_world_ns.axf
 

14:33:33 Build Finished. 0 errors, 0 warnings. (took 268ms)

