Archive member included to satisfy reference by file (symbol)

c:/appz/nxp/mcuxpressoide_11.6.0_8187/ide/plugins/com.nxp.mcuxpresso.tools.win32_11.6.0.202112161359/tools/bin/../lib/gcc/arm-none-eabi/10.3.1/../../../../arm-none-eabi/lib/thumb/v8-m.main+fp/hard\libcr_nohost_nf.a(_cr__main.o)
                              ./startup/startup_lpc55s69_cm33_core0.o (__main)
c:/appz/nxp/mcuxpressoide_11.6.0_8187/ide/plugins/com.nxp.mcuxpresso.tools.win32_11.6.0.202112161359/tools/bin/../lib/gcc/arm-none-eabi/10.3.1/../../../../arm-none-eabi/lib/thumb/v8-m.main+fp/hard\libcr_c.a(memcpy.o)
                              ./utilities/fsl_debug_console.o (memcpy)
c:/appz/nxp/mcuxpressoide_11.6.0_8187/ide/plugins/com.nxp.mcuxpresso.tools.win32_11.6.0.202112161359/tools/bin/../lib/gcc/arm-none-eabi/10.3.1/../../../../arm-none-eabi/lib/thumb/v8-m.main+fp/hard\libcr_c.a(memset.o)
                              ./drivers/fsl_clock.o (memset)
c:/appz/nxp/mcuxpressoide_11.6.0_8187/ide/plugins/com.nxp.mcuxpresso.tools.win32_11.6.0.202112161359/tools/bin/../lib/gcc/arm-none-eabi/10.3.1/../../../../arm-none-eabi/lib/thumb/v8-m.main+fp/hard\libcr_c.a(alloc.o)
                              ./drivers/fsl_common.o (malloc)
c:/appz/nxp/mcuxpressoide_11.6.0_8187/ide/plugins/com.nxp.mcuxpresso.tools.win32_11.6.0.202112161359/tools/bin/../lib/gcc/arm-none-eabi/10.3.1/../../../../arm-none-eabi/lib/thumb/v8-m.main+fp/hard\libcr_c.a(errno.o)
                              ./utilities/fsl_str.o (errno)
c:/appz/nxp/mcuxpressoide_11.6.0_8187/ide/plugins/com.nxp.mcuxpresso.tools.win32_11.6.0.202112161359/tools/bin/../lib/gcc/arm-none-eabi/10.3.1/../../../../arm-none-eabi/lib/thumb/v8-m.main+fp/hard\libcr_c.a(initio.o)
                              c:/appz/nxp/mcuxpressoide_11.6.0_8187/ide/plugins/com.nxp.mcuxpresso.tools.win32_11.6.0.202112161359/tools/bin/../lib/gcc/arm-none-eabi/10.3.1/../../../../arm-none-eabi/lib/thumb/v8-m.main+fp/hard\libcr_nohost_nf.a(_cr__main.o) (_initio)
c:/appz/nxp/mcuxpressoide_11.6.0_8187/ide/plugins/com.nxp.mcuxpresso.tools.win32_11.6.0.202112161359/tools/bin/../lib/gcc/arm-none-eabi/10.3.1/../../../../arm-none-eabi/lib/thumb/v8-m.main+fp/hard\libcr_c.a(modf.o)
                              ./utilities/fsl_debug_console.o (modf)
c:/appz/nxp/mcuxpressoide_11.6.0_8187/ide/plugins/com.nxp.mcuxpresso.tools.win32_11.6.0.202112161359/tools/bin/../lib/gcc/arm-none-eabi/10.3.1/../../../../arm-none-eabi/lib/thumb/v8-m.main+fp/hard\libcr_c.a(pow.o)
                              ./utilities/fsl_debug_console.o (pow)
c:/appz/nxp/mcuxpressoide_11.6.0_8187/ide/plugins/com.nxp.mcuxpresso.tools.win32_11.6.0.202112161359/tools/bin/../lib/gcc/arm-none-eabi/10.3.1/../../../../arm-none-eabi/lib/thumb/v8-m.main+fp/hard\libcr_c.a(scanf.o)
                              ./utilities/fsl_str.o (strtoul)
c:/appz/nxp/mcuxpressoide_11.6.0_8187/ide/plugins/com.nxp.mcuxpresso.tools.win32_11.6.0.202112161359/tools/bin/../lib/gcc/arm-none-eabi/10.3.1/../../../../arm-none-eabi/lib/thumb/v8-m.main+fp/hard\libcr_c.a(setvbuf.o)
                              c:/appz/nxp/mcuxpressoide_11.6.0_8187/ide/plugins/com.nxp.mcuxpresso.tools.win32_11.6.0.202112161359/tools/bin/../lib/gcc/arm-none-eabi/10.3.1/../../../../arm-none-eabi/lib/thumb/v8-m.main+fp/hard\libcr_c.a(initio.o) (setvbuf)
c:/appz/nxp/mcuxpressoide_11.6.0_8187/ide/plugins/com.nxp.mcuxpresso.tools.win32_11.6.0.202112161359/tools/bin/../lib/gcc/arm-none-eabi/10.3.1/../../../../arm-none-eabi/lib/thumb/v8-m.main+fp/hard\libcr_c.a(strlen.o)
                              ./utilities/fsl_debug_console.o (strlen)
c:/appz/nxp/mcuxpressoide_11.6.0_8187/ide/plugins/com.nxp.mcuxpresso.tools.win32_11.6.0.202112161359/tools/bin/../lib/gcc/arm-none-eabi/10.3.1/../../../../arm-none-eabi/lib/thumb/v8-m.main+fp/hard\libcr_c.a(ungetc.o)
                              c:/appz/nxp/mcuxpressoide_11.6.0_8187/ide/plugins/com.nxp.mcuxpresso.tools.win32_11.6.0.202112161359/tools/bin/../lib/gcc/arm-none-eabi/10.3.1/../../../../arm-none-eabi/lib/thumb/v8-m.main+fp/hard\libcr_c.a(scanf.o) (ungetc)
c:/appz/nxp/mcuxpressoide_11.6.0_8187/ide/plugins/com.nxp.mcuxpresso.tools.win32_11.6.0.202112161359/tools/bin/../lib/gcc/arm-none-eabi/10.3.1/../../../../arm-none-eabi/lib/thumb/v8-m.main+fp/hard\libcr_c.a(__fillbuf.o)
                              c:/appz/nxp/mcuxpressoide_11.6.0_8187/ide/plugins/com.nxp.mcuxpresso.tools.win32_11.6.0.202112161359/tools/bin/../lib/gcc/arm-none-eabi/10.3.1/../../../../arm-none-eabi/lib/thumb/v8-m.main+fp/hard\libcr_c.a(scanf.o) (__filbuf)
c:/appz/nxp/mcuxpressoide_11.6.0_8187/ide/plugins/com.nxp.mcuxpresso.tools.win32_11.6.0.202112161359/tools/bin/../lib/gcc/arm-none-eabi/10.3.1/../../../../arm-none-eabi/lib/thumb/v8-m.main+fp/hard\libcr_c.a(__init_alloc.o)
[...]
Memory Configuration

Name             Origin             Length             Attributes
PROGRAM_FLASH    0x00000000         0x0009d800         xr
SRAM             0x20000000         0x00040000         xrw
SRAMX            0x04000000         0x00008000         xrw
USB_RAM          0x40100000         0x00004000         xrw
SRAM4            0x20040000         0x00004000         xrw
*default*        0x00000000         0xffffffff

Linker script and memory map

LOAD ./utilities/fsl_assert.o
LOAD ./utilities/fsl_debug_console.o
LOAD ./utilities/fsl_str.o
LOAD ./startup/boot_multicore_slave.o
LOAD ./startup/startup_lpc55s69_cm33_core0.o
LOAD ./source/hello_world.o
LOAD ./source/semihost_hardfault.o
LOAD ./drivers/fsl_clock.o
LOAD ./drivers/fsl_common.o
LOAD ./drivers/fsl_common_arm.o
LOAD ./drivers/fsl_ctimer.o
LOAD ./drivers/fsl_flexcomm.o
LOAD ./drivers/fsl_gpio.o
LOAD ./drivers/fsl_i2c.o
LOAD ./drivers/fsl_power.o
LOAD ./drivers/fsl_powerquad_basic.o
LOAD ./drivers/fsl_powerquad_data.o
LOAD ./drivers/fsl_powerquad_filter.o
LOAD ./drivers/fsl_powerquad_math.o
LOAD ./drivers/fsl_powerquad_matrix.o
LOAD ./drivers/fsl_powerquad_transform.o
LOAD ./drivers/fsl_reset.o
LOAD ./drivers/fsl_usart.o
LOAD ./device/system_LPC55S69_cm33_core0.o
LOAD ./component/uart/fsl_adapter_usart.o
LOAD ./component/serial_manager/fsl_component_serial_manager.o
LOAD ./component/serial_manager/fsl_component_serial_port_uart.o
LOAD ./component/lists/fsl_component_generic_list.o
LOAD ./board/board.o
LOAD ./board/clock_config.o
LOAD ./board/peripherals.o
LOAD ./board/pin_mux.o
START GROUP
LOAD c:/appz/nxp/mcuxpressoide_11.6.0_8187/ide/plugins/com.nxp.mcuxpresso.tools.win32_11.6.0.202112161359/tools/bin/../lib/gcc/arm-none-eabi/10.3.1/../../../../arm-none-eabi/lib/thumb/v8-m.main+fp/hard\libcr_nohost_nf.a
LOAD c:/appz/nxp/mcuxpressoide_11.6.0_8187/ide/plugins/com.nxp.mcuxpresso.tools.win32_11.6.0.202112161359/tools/bin/../lib/gcc/arm-none-eabi/10.3.1/../../../../arm-none-eabi/lib/thumb/v8-m.main+fp/hard\libcr_c.a
LOAD c:/appz/nxp/mcuxpressoide_11.6.0_8187/ide/plugins/com.nxp.mcuxpresso.tools.win32_11.6.0.202112161359/tools/bin/../lib/gcc/arm-none-eabi/10.3.1/thumb/v8-m.main+fp/hard\libcr_eabihelpers.a
LOAD c:/appz/nxp/mcuxpressoide_11.6.0_8187/ide/plugins/com.nxp.mcuxpresso.tools.win32_11.6.0.202112161359/tools/bin/../lib/gcc/arm-none-eabi/10.3.1/thumb/v8-m.main+fp/hard\libgcc.a
END GROUP
                0x00000000                __base_PROGRAM_FLASH = 0x0
                0x00000000                __base_Flash = 0x0
                0x0009d800                __top_PROGRAM_FLASH = 0x9d800
                0x0009d800                __top_Flash = 0x9d800
                0x20000000                __base_SRAM = 0x20000000
                0x20000000                __base_RAM = 0x20000000
                0x20040000                __top_SRAM = 0x20040000
                0x20040000                __top_RAM = 0x20040000
                0x04000000                __base_SRAMX = 0x4000000
                0x04000000                __base_RAM2 = 0x4000000
                0x04008000                __top_SRAMX = 0x4008000
                0x04008000                __top_RAM2 = 0x4008000
                0x40100000                __base_USB_RAM = 0x40100000
                0x40100000                __base_RAM3 = 0x40100000
                0x40104000                __top_USB_RAM = 0x40104000
                0x40104000                __top_RAM3 = 0x40104000
                0x20040000                __base_SRAM4 = 0x20040000
                0x20040000                __base_RAM4 = 0x20040000
                0x20044000                __top_SRAM4 = 0x20044000
                0x20044000                __top_RAM4 = 0x20044000

.text           0x00000000     0x563c
 FILL mask 0xff
                0x00000000                __vectors_start__ = ABSOLUTE (.)
 *(SORT_BY_ALIGNMENT(.isr_vector))
 .isr_vector    0x00000000      0x130 ./startup/startup_lpc55s69_cm33_core0.o
                0x00000000                g_pfnVectors
                0x00000000                __Vectors
                0x00000130                . = ALIGN (0x4)
                0x00000130                __section_table_start = .
                0x00000130                __data_section_table = .
                0x00000130        0x4 LONG 0x563c LOADADDR (.data)
                0x00000134        0x4 LONG 0x20000000 ADDR (.data)
                0x00000138        0x4 LONG 0xc SIZEOF (.data)
                0x0000013c        0x4 LONG 0x563c LOADADDR (.data_RAM2)
                0x00000140        0x4 LONG 0x4000000 ADDR (.data_RAM2)
                0x00000144        0x4 LONG 0x0 SIZEOF (.data_RAM2)
                0x00000148        0x4 LONG 0x563c LOADADDR (.data_RAM3)
                0x0000014c        0x4 LONG 0x40100000 ADDR (.data_RAM3)
                0x00000150        0x4 LONG 0x0 SIZEOF (.data_RAM3)
                0x00000154        0x4 LONG 0x563c LOADADDR (.data_RAM4)
                0x00000158        0x4 LONG 0x20040000 ADDR (.data_RAM4)
                0x0000015c        0x4 LONG 0x0 SIZEOF (.data_RAM4)
                0x00000160                __data_section_table_end = .
                0x00000160                __bss_section_table = .
                0x00000160        0x4 LONG 0x2000000c ADDR (.bss)
                0x00000164        0x4 LONG 0x53c SIZEOF (.bss)
                0x00000168        0x4 LONG 0x4000000 ADDR (.bss_RAM2)
                0x0000016c        0x4 LONG 0x0 SIZEOF (.bss_RAM2)
                0x00000170        0x4 LONG 0x40100000 ADDR (.bss_RAM3)
                0x00000174        0x4 LONG 0x0 SIZEOF (.bss_RAM3)
                0x00000178        0x4 LONG 0x20040000 ADDR (.bss_RAM4)
                0x0000017c        0x4 LONG 0x0 SIZEOF (.bss_RAM4)
                0x00000180                __bss_section_table_end = .
                0x00000180                __section_table_end = .
 *(SORT_BY_ALIGNMENT(.after_vectors*))
 .after_vectors.reset
                0x00000180       0x68 ./startup/startup_lpc55s69_cm33_core0.o
                0x00000180                ResetISR
 .after_vectors.init_data
                0x000001e8       0x1e ./startup/startup_lpc55s69_cm33_core0.o
                0x000001e8                data_init
 .after_vectors.init_bss
                0x00000206       0x12 ./startup/startup_lpc55s69_cm33_core0.o
                0x00000206                bss_init
 .after_vectors
                0x00000218       0x16 ./startup/startup_lpc55s69_cm33_core0.o
                0x00000218                NMI_Handler
                0x0000021c                MemManage_Handler
                0x0000021e                BusFault_Handler
                0x00000220                UsageFault_Handler
                0x00000222                SecureFault_Handler
                0x00000224                SVC_Handler
                0x00000226                DebugMon_Handler
                0x00000228                PendSV_Handler
                0x0000022a                SysTick_Handler
                0x0000022c                Reserved56_DriverIRQHandler
                0x0000022c                PIN_INT0_DriverIRQHandler
                0x0000022c                PIN_INT2_DriverIRQHandler
                0x0000022c                PIN_INT3_DriverIRQHandler
                0x0000022c                IntDefaultHandler
                0x0000022c                USB0_DriverIRQHandler
                0x0000022c                CASER_DriverIRQHandler
                0x0000022c                MRT0_DriverIRQHandler
                0x0000022c                UTICK0_DriverIRQHandler
                0x0000022c                Reserved41_DriverIRQHandler
                0x0000022c                PIN_INT4_DriverIRQHandler
                0x0000022c                PIN_INT5_DriverIRQHandler
                0x0000022c                SEC_GPIO_INT0_IRQ0_DriverIRQHandler
                0x0000022c                GINT1_DriverIRQHandler
                0x0000022c                PIN_INT7_DriverIRQHandler
                0x0000022c                Reserved55_DriverIRQHandler
                0x0000022c                SEC_VIO_DriverIRQHandler
                0x0000022c                USB0_NEEDCLK_DriverIRQHandler
                0x0000022c                Reserved42_DriverIRQHandler
                0x0000022c                PIN_INT6_DriverIRQHandler
                0x0000022c                PQ_DriverIRQHandler
                0x0000022c                MAILBOX_DriverIRQHandler
                0x0000022c                PIN_INT1_DriverIRQHandler
                0x0000022c                Reserved61_DriverIRQHandler
                0x0000022c                SEC_GPIO_INT0_IRQ1_DriverIRQHandler
                0x0000022c                PUF_DriverIRQHandler
                0x0000022c                RTC_DriverIRQHandler
                0x0000022c                DMA0_DriverIRQHandler
                0x0000022c                Reserved39_DriverIRQHandler
                0x0000022c                USB1_DriverIRQHandler
                0x0000022c                Reserved60_DriverIRQHandler
                0x0000022c                DMA1_DriverIRQHandler
                0x0000022c                ADC0_DriverIRQHandler
                0x0000022c                USB1_NEEDCLK_DriverIRQHandler
                0x0000022c                Reserved59_DriverIRQHandler
                0x0000022c                SDIO_DriverIRQHandler
                0x0000022c                GINT0_DriverIRQHandler
                0x0000022c                USB1_PHY_DriverIRQHandler
                0x0000022c                ACMP_DriverIRQHandler
                0x0000022c                Reserved57_DriverIRQHandler
                0x0000022c                HASHCRYPT_DriverIRQHandler
                0x0000022c                Reserved46_DriverIRQHandler
                0x0000022c                WDT_BOD_DriverIRQHandler
                0x0000022c                SCT0_DriverIRQHandler
                0x0000022c                PLU_DriverIRQHandler
                0x0000022c                OS_EVENT_DriverIRQHandler
                0x0000022c                SEC_HYPERVISOR_CALL_DriverIRQHandler
 *(SORT_BY_ALIGNMENT(.text*))
 *fill*         0x0000022e        0x2 ff
 .text.DbgConsole_ConvertFloatRadixNumToString
                0x00000230      0x2a0 ./utilities/fsl_debug_console.o
 .text.Generate_sin_table_float
                0x000004d0       0xe0 ./source/hello_world.o
                0x000004d0                Generate_sin_table_float
 .text.pow      0x000005b0      0x564 c:/appz/nxp/mcuxpressoide_11.6.0_8187/ide/plugins/com.nxp.mcuxpresso.tools.win32_11.6.0.202112161359/tools/bin/../lib/gcc/arm-none-eabi/10.3.1/../../../../arm-none-eabi/lib/thumb/v8-m.main+fp/hard\libcr_c.a(pow.o)
                0x000005b0                pow
 *fill*         0x00000b14        0x4 ff
 .text.frexp    0x00000b18       0x68 c:/appz/nxp/mcuxpressoide_11.6.0_8187/ide/plugins/com.nxp.mcuxpresso.tools.win32_11.6.0.202112161359/tools/bin/../lib/gcc/arm-none-eabi/10.3.1/../../../../arm-none-eabi/lib/thumb/v8-m.main+fp/hard\libcr_c.a(frexp.o)
                0x00000b18                frexp
 .text.ldexp    0x00000b80       0x5c c:/appz/nxp/mcuxpressoide_11.6.0_8187/ide/plugins/com.nxp.mcuxpresso.tools.win32_11.6.0.202112161359/tools/bin/../lib/gcc/arm-none-eabi/10.3.1/../../../../arm-none-eabi/lib/thumb/v8-m.main+fp/hard\libcr_c.a(ldexp.o)
                0x00000b80                ldexp
 .text.__assertion_failed
                0x00000bdc       0x18 ./utilities/fsl_assert.o
                0x00000bdc                __assertion_failed
 .text.DbgConsole_Init
                0x00000bf4       0x74 ./utilities/fsl_debug_console.o
                0x00000bf4                DbgConsole_Init
 .text.DbgConsole_Vprintf
                0x00000c68       0x3c ./utilities/fsl_debug_console.o
                0x00000c68                DbgConsole_Vprintf
 .text.DbgConsole_Putchar
                0x00000ca4       0x30 ./utilities/fsl_debug_console.o
                0x00000ca4                DbgConsole_Putchar
 .text.DbgConsole_Scanf
                0x00000cd4       0xb0 ./utilities/fsl_debug_console.o
                0x00000cd4                DbgConsole_Scanf
 .text.DbgConsole_Getchar
                0x00000d84       0x3c ./utilities/fsl_debug_console.o
                0x00000d84                DbgConsole_Getchar
 .text.DbgConsole_PrintfFormattedData
                0x00000dc0      0x428 ./utilities/fsl_debug_console.o
 .text.DbgConsole_ScanfFormattedData
                0x000011e8      0x624 ./utilities/fsl_debug_console.o
 .text.POWER_SetBodVbatLevel
                0x0000180c       0x58 ./source/hello_world.o
 .text.TimerIRQ
                0x00001864       0x4c ./source/hello_world.o
                0x00001864                TimerIRQ
 .text.main     0x000018b0      0x11c ./source/hello_world.o
                0x000018b0                main
 .text.POWER_EnablePD
                0x000019cc       0x20 ./drivers/fsl_clock.o
 .text.POWER_DisablePD
                0x000019ec       0x20 ./drivers/fsl_clock.o
 .text.CLOCK_AttachClk
                0x00001a0c       0x98 ./drivers/fsl_clock.o
                0x00001a0c                CLOCK_AttachClk
 .text.CLOCK_SetClkDiv
                0x00001aa4       0x80 ./drivers/fsl_clock.o
                0x00001aa4                CLOCK_SetClkDiv
 .text.CLOCK_SetupFROClocking
                0x00001b24       0x80 ./drivers/fsl_clock.o
                0x00001b24                CLOCK_SetupFROClocking
 .text.CLOCK_SetFLASHAccessCyclesForFreq
                0x00001ba4      0x148 ./drivers/fsl_clock.o
                0x00001ba4                CLOCK_SetFLASHAccessCyclesForFreq
 .text.CLOCK_SetupExtClocking
                0x00001cec       0x50 ./drivers/fsl_clock.o
                0x00001cec                CLOCK_SetupExtClocking
 .text.CLOCK_GetFro1MFreq
                0x00001d3c       0x28 ./drivers/fsl_clock.o
                0x00001d3c                CLOCK_GetFro1MFreq
 .text.CLOCK_GetExtClkFreq
                0x00001d64       0x2c ./drivers/fsl_clock.o
                0x00001d64                CLOCK_GetExtClkFreq
 .text.CLOCK_GetOsc32KFreq
                0x00001d90       0x58 ./drivers/fsl_clock.o
                0x00001d90                CLOCK_GetOsc32KFreq
 .text.CLOCK_GetPLL0InClockRate
                0x00001de8       0x64 ./drivers/fsl_clock.o
                0x00001de8                CLOCK_GetPLL0InClockRate
 .text.CLOCK_SetPLL0Freq
                0x00001e4c      0x12c ./drivers/fsl_clock.o
                0x00001e4c                CLOCK_SetPLL0Freq
 .text.SDK_DelayAtLeastUs
                0x00001f78       0x8c ./drivers/fsl_common_arm.o
                0x00001f78                SDK_DelayAtLeastUs
 .text.__NVIC_EnableIRQ
                0x00002004       0x3c ./drivers/fsl_ctimer.o
 .text.CTIMER_GetInstance
                0x00002040       0x54 ./drivers/fsl_ctimer.o
 .text.CTIMER_Init
                0x00002094       0x74 ./drivers/fsl_ctimer.o
                0x00002094                CTIMER_Init
 .text.CTIMER_SetupMatch
                0x00002108      0x11c ./drivers/fsl_ctimer.o
                0x00002108                CTIMER_SetupMatch
 .text.CTIMER_RegisterCallBack
                0x00002224       0x3c ./drivers/fsl_ctimer.o
                0x00002224                CTIMER_RegisterCallBack
 .text.CTIMER_GenericIRQHandler
                0x00002260       0xb4 ./drivers/fsl_ctimer.o
 .text.FLEXCOMM_GetInstance
                0x00002314       0x50 ./drivers/fsl_flexcomm.o
                0x00002314                FLEXCOMM_GetInstance
 .text.FLEXCOMM_Init
                0x00002364       0x50 ./drivers/fsl_flexcomm.o
                0x00002364                FLEXCOMM_Init
 .text.FLEXCOMM0_DriverIRQHandler
                0x000023b4       0x5c ./drivers/fsl_flexcomm.o
                0x000023b4                FLEXCOMM0_DriverIRQHandler
 .text.FLEXCOMM1_DriverIRQHandler
                0x00002410       0x5c ./drivers/fsl_flexcomm.o
                0x00002410                FLEXCOMM1_DriverIRQHandler
 .text.FLEXCOMM2_DriverIRQHandler
                0x0000246c       0x5c ./drivers/fsl_flexcomm.o
                0x0000246c                FLEXCOMM2_DriverIRQHandler
 .text.FLEXCOMM3_DriverIRQHandler
                0x000024c8       0x5c ./drivers/fsl_flexcomm.o
                0x000024c8                FLEXCOMM3_DriverIRQHandler
 .text.FLEXCOMM4_DriverIRQHandler
                0x00002524       0x5c ./drivers/fsl_flexcomm.o
                0x00002524                FLEXCOMM4_DriverIRQHandler
 .text.FLEXCOMM5_DriverIRQHandler
                0x00002580       0x5c ./drivers/fsl_flexcomm.o
                0x00002580                FLEXCOMM5_DriverIRQHandler
 .text.FLEXCOMM6_DriverIRQHandler
                0x000025dc       0x5c ./drivers/fsl_flexcomm.o
                0x000025dc                FLEXCOMM6_DriverIRQHandler
 .text.FLEXCOMM7_DriverIRQHandler
                0x00002638       0x5c ./drivers/fsl_flexcomm.o
                0x00002638                FLEXCOMM7_DriverIRQHandler
 .text.FLEXCOMM8_DriverIRQHandler
                0x00002694       0x5c ./drivers/fsl_flexcomm.o
                0x00002694                FLEXCOMM8_DriverIRQHandler
 .text.lowpower_set_system_voltage
                0x000026f0      0x154 ./drivers/fsl_power.o
 .text.lowpower_set_dcdc_power_profile
                0x00002844       0xec ./drivers/fsl_power.o
 .text.lowpower_get_part_process_corner
                0x00002930       0x94 ./drivers/fsl_power.o
 .text.POWER_SetVoltageForFreq
                0x000029c4       0x50 ./drivers/fsl_power.o
                0x000029c4                POWER_SetVoltageForFreq
 .text.PQ_Init  0x00002a14       0x2c ./drivers/fsl_powerquad_basic.o
                0x00002a14                PQ_Init
 .text.RESET_SetPeripheralReset
                0x00002a40       0x5c ./drivers/fsl_reset.o
                0x00002a40                RESET_SetPeripheralReset
 .text.RESET_ClearPeripheralReset
                0x00002a9c       0x60 ./drivers/fsl_reset.o
                0x00002a9c                RESET_ClearPeripheralReset
 .text.USART_Init
                0x00002afc      0x1cc ./drivers/fsl_usart.o
                0x00002afc                USART_Init
 .text.USART_GetDefaultConfig
                0x00002cc8       0x80 ./drivers/fsl_usart.o
                0x00002cc8                USART_GetDefaultConfig
 .text.USART_SetBaudRate
                0x00002d48      0x174 ./drivers/fsl_usart.o
                0x00002d48                USART_SetBaudRate
 .text.USART_WriteBlocking
                0x00002ebc       0x8c ./drivers/fsl_usart.o
                0x00002ebc                USART_WriteBlocking
 .text.USART_ReadBlocking
                0x00002f48      0x104 ./drivers/fsl_usart.o
                0x00002f48                USART_ReadBlocking
 .text.SystemInit
                0x0000304c       0x64 ./device/system_LPC55S69_cm33_core0.o
                0x0000304c                SystemInit
 .text.HAL_UartInitCommon
                0x000030b0      0x110 ./component/uart/fsl_adapter_usart.o
 .text.HAL_UartReceiveBlocking
                0x000031c0       0x6c ./component/uart/fsl_adapter_usart.o
                0x000031c0                HAL_UartReceiveBlocking
 .text.HAL_UartSendBlocking
                0x0000322c       0x64 ./component/uart/fsl_adapter_usart.o
                0x0000322c                HAL_UartSendBlocking
 .text.BOARD_InitDebugConsole
                0x00003290       0x38 ./board/board.o
                0x00003290                BOARD_InitDebugConsole
 .text.POWER_DisablePD
                0x000032c8       0x20 ./board/clock_config.o
 .text.BOARD_BootClockPLL150M
                0x000032e8       0xf0 ./board/clock_config.o
                0x000032e8                BOARD_BootClockPLL150M
 .text.CTIMER1_init
                0x000033d8       0x34 ./board/peripherals.o
 .text.CTIMER2_init
                0x0000340c       0x2c ./board/peripherals.o
 .text.BOARD_InitPins
                0x00003438       0x6c ./board/pin_mux.o
                0x00003438                BOARD_InitPins
 .text._initio  0x000034a4       0x78 c:/appz/nxp/mcuxpressoide_11.6.0_8187/ide/plugins/com.nxp.mcuxpresso.tools.win32_11.6.0.202112161359/tools/bin/../lib/gcc/arm-none-eabi/10.3.1/../../../../arm-none-eabi/lib/thumb/v8-m.main+fp/hard\libcr_c.a(initio.o)
                0x000034a4                _initio
 .text.modf     0x0000351c       0x8c c:/appz/nxp/mcuxpressoide_11.6.0_8187/ide/plugins/com.nxp.mcuxpresso.tools.win32_11.6.0.202112161359/tools/bin/../lib/gcc/arm-none-eabi/10.3.1/../../../../arm-none-eabi/lib/thumb/v8-m.main+fp/hard\libcr_c.a(modf.o)
                0x0000351c                modf
 .text._Cwritebuf
                0x000035a8       0x6c c:/appz/nxp/mcuxpressoide_11.6.0_8187/ide/plugins/com.nxp.mcuxpresso.tools.win32_11.6.0.202112161359/tools/bin/../lib/gcc/arm-none-eabi/10.3.1/../../../../arm-none-eabi/lib/thumb/v8-m.main+fp/hard\libcr_c.a(_writebuf.o)
                0x000035a8                _Cwritebuf
 .text.fflush   0x00003614       0x3c c:/appz/nxp/mcuxpressoide_11.6.0_8187/ide/plugins/com.nxp.mcuxpresso.tools.win32_11.6.0.202112161359/tools/bin/../lib/gcc/arm-none-eabi/10.3.1/../../../../arm-none-eabi/lib/thumb/v8-m.main+fp/hard\libcr_c.a(fflush.o)
                0x00003614                fflush
 .text.fseek    0x00003650       0xfc c:/appz/nxp/mcuxpressoide_11.6.0_8187/ide/plugins/com.nxp.mcuxpresso.tools.win32_11.6.0.202112161359/tools/bin/../lib/gcc/arm-none-eabi/10.3.1/../../../../arm-none-eabi/lib/thumb/v8-m.main+fp/hard\libcr_c.a(fseek.o)
                0x00003650                fseek
 .text.ftell    0x0000374c       0x44 c:/appz/nxp/mcuxpressoide_11.6.0_8187/ide/plugins/com.nxp.mcuxpresso.tools.win32_11.6.0.202112161359/tools/bin/../lib/gcc/arm-none-eabi/10.3.1/../../../../arm-none-eabi/lib/thumb/v8-m.main+fp/hard\libcr_c.a(ftell.o)
                0x0000374c                ftell
 .text.__aeabi_dmul
                0x00003790       0xfc c:/appz/nxp/mcuxpressoide_11.6.0_8187/ide/plugins/com.nxp.mcuxpresso.tools.win32_11.6.0.202112161359/tools/bin/../lib/gcc/arm-none-eabi/10.3.1/thumb/v8-m.main+fp/hard\libcr_eabihelpers.a(double.o)
                0x00003790                __aeabi_dmul
 .text.__aeabi_ddiv
                0x0000388c      0x13c c:/appz/nxp/mcuxpressoide_11.6.0_8187/ide/plugins/com.nxp.mcuxpresso.tools.win32_11.6.0.202112161359/tools/bin/../lib/gcc/arm-none-eabi/10.3.1/thumb/v8-m.main+fp/hard\libcr_eabihelpers.a(double.o)
                0x0000388c                __aeabi_ddiv
 .text.__aeabi_dsub
                0x000039c8      0x1ac c:/appz/nxp/mcuxpressoide_11.6.0_8187/ide/plugins/com.nxp.mcuxpresso.tools.win32_11.6.0.202112161359/tools/bin/../lib/gcc/arm-none-eabi/10.3.1/thumb/v8-m.main+fp/hard\libcr_eabihelpers.a(double.o)
                0x000039c8                __aeabi_dsub
 .text.__aeabi_dadd
                0x00003b74      0x118 c:/appz/nxp/mcuxpressoide_11.6.0_8187/ide/plugins/com.nxp.mcuxpresso.tools.win32_11.6.0.202112161359/tools/bin/../lib/gcc/arm-none-eabi/10.3.1/thumb/v8-m.main+fp/hard\libcr_eabihelpers.a(double.o)
                0x00003b74                __aeabi_dadd
 .text.__aeabi_d2f
                0x00003c8c       0x58 c:/appz/nxp/mcuxpressoide_11.6.0_8187/ide/plugins/com.nxp.mcuxpresso.tools.win32_11.6.0.202112161359/tools/bin/../lib/gcc/arm-none-eabi/10.3.1/thumb/v8-m.main+fp/hard\libcr_eabihelpers.a(double.o)
                0x00003c8c                __aeabi_d2f
 .text.__aeabi_f2d
                0x00003ce4       0x38 c:/appz/nxp/mcuxpressoide_11.6.0_8187/ide/plugins/com.nxp.mcuxpresso.tools.win32_11.6.0.202112161359/tools/bin/../lib/gcc/arm-none-eabi/10.3.1/thumb/v8-m.main+fp/hard\libcr_eabihelpers.a(float.o)
                0x00003ce4                __aeabi_f2d
 .text.DbgConsole_Printf
                0x00003d1c       0x2c ./utilities/fsl_debug_console.o
                0x00003d1c                DbgConsole_Printf
 .text.DbgConsole_ScanIgnoreWhiteSpace
                0x00003d48       0x60 ./utilities/fsl_debug_console.o
 .text.DbgConsole_PrintfPaddingCharacter
                0x00003da8       0x40 ./utilities/fsl_debug_console.o
 .text.DbgConsole_ConvertRadixNumToString
                0x00003de8       0xc2 ./utilities/fsl_debug_console.o
 .text.WDT_BOD_IRQHandler
                0x00003eaa        0x8 ./startup/startup_lpc55s69_cm33_core0.o
                0x00003eaa                WDT_BOD_IRQHandler
 .text.DMA0_IRQHandler
                0x00003eb2        0x8 ./startup/startup_lpc55s69_cm33_core0.o
                0x00003eb2                DMA0_IRQHandler
 .text.GINT0_IRQHandler
                0x00003eba        0x8 ./startup/startup_lpc55s69_cm33_core0.o
                0x00003eba                GINT0_IRQHandler
 .text.GINT1_IRQHandler
                0x00003ec2        0x8 ./startup/startup_lpc55s69_cm33_core0.o
                0x00003ec2                GINT1_IRQHandler
 .text.PIN_INT0_IRQHandler
                0x00003eca        0x8 ./startup/startup_lpc55s69_cm33_core0.o
                0x00003eca                PIN_INT0_IRQHandler
 .text.PIN_INT1_IRQHandler
                0x00003ed2        0x8 ./startup/startup_lpc55s69_cm33_core0.o
                0x00003ed2                PIN_INT1_IRQHandler
 .text.PIN_INT2_IRQHandler
                0x00003eda        0x8 ./startup/startup_lpc55s69_cm33_core0.o
                0x00003eda                PIN_INT2_IRQHandler
 .text.PIN_INT3_IRQHandler
                0x00003ee2        0x8 ./startup/startup_lpc55s69_cm33_core0.o
                0x00003ee2                PIN_INT3_IRQHandler
 .text.UTICK0_IRQHandler
                0x00003eea        0x8 ./startup/startup_lpc55s69_cm33_core0.o
                0x00003eea                UTICK0_IRQHandler
 .text.MRT0_IRQHandler
                0x00003ef2        0x8 ./startup/startup_lpc55s69_cm33_core0.o
                0x00003ef2                MRT0_IRQHandler
 .text.CTIMER0_IRQHandler
                0x00003efa        0x8 ./startup/startup_lpc55s69_cm33_core0.o
                0x00003efa                CTIMER0_IRQHandler
 .text.CTIMER1_IRQHandler
                0x00003f02        0x8 ./startup/startup_lpc55s69_cm33_core0.o
                0x00003f02                CTIMER1_IRQHandler
 .text.SCT0_IRQHandler
                0x00003f0a        0x8 ./startup/startup_lpc55s69_cm33_core0.o
                0x00003f0a                SCT0_IRQHandler
 .text.CTIMER3_IRQHandler
                0x00003f12        0x8 ./startup/startup_lpc55s69_cm33_core0.o
                0x00003f12                CTIMER3_IRQHandler
 .text.FLEXCOMM0_IRQHandler
                0x00003f1a        0x8 ./startup/startup_lpc55s69_cm33_core0.o
                0x00003f1a                FLEXCOMM0_IRQHandler
 .text.FLEXCOMM1_IRQHandler
                0x00003f22        0x8 ./startup/startup_lpc55s69_cm33_core0.o
                0x00003f22                FLEXCOMM1_IRQHandler
 .text.FLEXCOMM2_IRQHandler
                0x00003f2a        0x8 ./startup/startup_lpc55s69_cm33_core0.o
                0x00003f2a                FLEXCOMM2_IRQHandler
 .text.FLEXCOMM3_IRQHandler
                0x00003f32        0x8 ./startup/startup_lpc55s69_cm33_core0.o
                0x00003f32                FLEXCOMM3_IRQHandler
 .text.FLEXCOMM4_IRQHandler
                0x00003f3a        0x8 ./startup/startup_lpc55s69_cm33_core0.o
                0x00003f3a                FLEXCOMM4_IRQHandler
 .text.FLEXCOMM5_IRQHandler
                0x00003f42        0x8 ./startup/startup_lpc55s69_cm33_core0.o
                0x00003f42                FLEXCOMM5_IRQHandler
 .text.FLEXCOMM6_IRQHandler
                0x00003f4a        0x8 ./startup/startup_lpc55s69_cm33_core0.o
                0x00003f4a                FLEXCOMM6_IRQHandler
 .text.FLEXCOMM7_IRQHandler
                0x00003f52        0x8 ./startup/startup_lpc55s69_cm33_core0.o
                0x00003f52                FLEXCOMM7_IRQHandler
 .text.ADC0_IRQHandler
                0x00003f5a        0x8 ./startup/startup_lpc55s69_cm33_core0.o
                0x00003f5a                ADC0_IRQHandler
 .text.Reserved39_IRQHandler
                0x00003f62        0x8 ./startup/startup_lpc55s69_cm33_core0.o
                0x00003f62                Reserved39_IRQHandler
 .text.ACMP_IRQHandler
                0x00003f6a        0x8 ./startup/startup_lpc55s69_cm33_core0.o
                0x00003f6a                ACMP_IRQHandler
 .text.Reserved41_IRQHandler
                0x00003f72        0x8 ./startup/startup_lpc55s69_cm33_core0.o
                0x00003f72                Reserved41_IRQHandler
 .text.Reserved42_IRQHandler
                0x00003f7a        0x8 ./startup/startup_lpc55s69_cm33_core0.o
                0x00003f7a                Reserved42_IRQHandler
 .text.USB0_NEEDCLK_IRQHandler
                0x00003f82        0x8 ./startup/startup_lpc55s69_cm33_core0.o
                0x00003f82                USB0_NEEDCLK_IRQHandler
 .text.USB0_IRQHandler
                0x00003f8a        0x8 ./startup/startup_lpc55s69_cm33_core0.o
                0x00003f8a                USB0_IRQHandler
 .text.RTC_IRQHandler
                0x00003f92        0x8 ./startup/startup_lpc55s69_cm33_core0.o
                0x00003f92                RTC_IRQHandler
 .text.Reserved46_IRQHandler
                0x00003f9a        0x8 ./startup/startup_lpc55s69_cm33_core0.o
                0x00003f9a                Reserved46_IRQHandler
 .text.MAILBOX_IRQHandler
                0x00003fa2        0x8 ./startup/startup_lpc55s69_cm33_core0.o
                0x00003fa2                MAILBOX_IRQHandler
 .text.PIN_INT4_IRQHandler
                0x00003faa        0x8 ./startup/startup_lpc55s69_cm33_core0.o
                0x00003faa                PIN_INT4_IRQHandler
 .text.PIN_INT5_IRQHandler
                0x00003fb2        0x8 ./startup/startup_lpc55s69_cm33_core0.o
                0x00003fb2                PIN_INT5_IRQHandler
 .text.PIN_INT6_IRQHandler
                0x00003fba        0x8 ./startup/startup_lpc55s69_cm33_core0.o
                0x00003fba                PIN_INT6_IRQHandler
 .text.PIN_INT7_IRQHandler
                0x00003fc2        0x8 ./startup/startup_lpc55s69_cm33_core0.o
                0x00003fc2                PIN_INT7_IRQHandler
 .text.CTIMER2_IRQHandler
                0x00003fca        0x8 ./startup/startup_lpc55s69_cm33_core0.o
                0x00003fca                CTIMER2_IRQHandler
 .text.CTIMER4_IRQHandler
                0x00003fd2        0x8 ./startup/startup_lpc55s69_cm33_core0.o
                0x00003fd2                CTIMER4_IRQHandler
 .text.OS_EVENT_IRQHandler
                0x00003fda        0x8 ./startup/startup_lpc55s69_cm33_core0.o
                0x00003fda                OS_EVENT_IRQHandler
 .text.Reserved55_IRQHandler
                0x00003fe2        0x8 ./startup/startup_lpc55s69_cm33_core0.o
                0x00003fe2                Reserved55_IRQHandler
 .text.Reserved56_IRQHandler
                0x00003fea        0x8 ./startup/startup_lpc55s69_cm33_core0.o
                0x00003fea                Reserved56_IRQHandler
 .text.Reserved57_IRQHandler
                0x00003ff2        0x8 ./startup/startup_lpc55s69_cm33_core0.o
                0x00003ff2                Reserved57_IRQHandler
 .text.SDIO_IRQHandler
                0x00003ffa        0x8 ./startup/startup_lpc55s69_cm33_core0.o
                0x00003ffa                SDIO_IRQHandler
 .text.Reserved59_IRQHandler
                0x00004002        0x8 ./startup/startup_lpc55s69_cm33_core0.o
                0x00004002                Reserved59_IRQHandler
 .text.Reserved60_IRQHandler
                0x0000400a        0x8 ./startup/startup_lpc55s69_cm33_core0.o
                0x0000400a                Reserved60_IRQHandler
 .text.Reserved61_IRQHandler
                0x00004012        0x8 ./startup/startup_lpc55s69_cm33_core0.o
                0x00004012                Reserved61_IRQHandler
 .text.USB1_PHY_IRQHandler
                0x0000401a        0x8 ./startup/startup_lpc55s69_cm33_core0.o
                0x0000401a                USB1_PHY_IRQHandler
 .text.USB1_IRQHandler
                0x00004022        0x8 ./startup/startup_lpc55s69_cm33_core0.o
                0x00004022                USB1_IRQHandler
 .text.USB1_NEEDCLK_IRQHandler
                0x0000402a        0x8 ./startup/startup_lpc55s69_cm33_core0.o
                0x0000402a                USB1_NEEDCLK_IRQHandler
 .text.SEC_HYPERVISOR_CALL_IRQHandler
                0x00004032        0x8 ./startup/startup_lpc55s69_cm33_core0.o
                0x00004032                SEC_HYPERVISOR_CALL_IRQHandler
 .text.SEC_GPIO_INT0_IRQ0_IRQHandler
                0x0000403a        0x8 ./startup/startup_lpc55s69_cm33_core0.o
                0x0000403a                SEC_GPIO_INT0_IRQ0_IRQHandler
 .text.SEC_GPIO_INT0_IRQ1_IRQHandler
                0x00004042        0x8 ./startup/startup_lpc55s69_cm33_core0.o
                0x00004042                SEC_GPIO_INT0_IRQ1_IRQHandler
 .text.PLU_IRQHandler
                0x0000404a        0x8 ./startup/startup_lpc55s69_cm33_core0.o
                0x0000404a                PLU_IRQHandler
 .text.SEC_VIO_IRQHandler
                0x00004052        0x8 ./startup/startup_lpc55s69_cm33_core0.o
                0x00004052                SEC_VIO_IRQHandler
 .text.HASHCRYPT_IRQHandler
                0x0000405a        0x8 ./startup/startup_lpc55s69_cm33_core0.o
                0x0000405a                HASHCRYPT_IRQHandler
 .text.CASER_IRQHandler
                0x00004062        0x8 ./startup/startup_lpc55s69_cm33_core0.o
                0x00004062                CASER_IRQHandler
 .text.PUF_IRQHandler
                0x0000406a        0x8 ./startup/startup_lpc55s69_cm33_core0.o
                0x0000406a                PUF_IRQHandler
 .text.PQ_IRQHandler
                0x00004072        0x8 ./startup/startup_lpc55s69_cm33_core0.o
                0x00004072                PQ_IRQHandler
 .text.DMA1_IRQHandler
                0x0000407a        0x8 ./startup/startup_lpc55s69_cm33_core0.o
                0x0000407a                DMA1_IRQHandler
 .text.FLEXCOMM8_IRQHandler
                0x00004082        0x8 ./startup/startup_lpc55s69_cm33_core0.o
                0x00004082                FLEXCOMM8_IRQHandler
 .text.CTIMER_StartTimer
                0x0000408a       0x20 ./source/hello_world.o
 .text.PQ_SinF32
                0x000040aa       0x34 ./source/hello_world.o
 .text.strcmp_safe
                0x000040de       0x66 ./source/hello_world.o
                0x000040de                strcmp_safe
 .text.HardFault_Handler
                0x00004144       0x2c ./source/semihost_hardfault.o
                0x00004144                HardFault_Handler
 .text.CLOCK_IsPLL0Locked
                0x00004170       0x24 ./drivers/fsl_clock.o
 .text.findPll0PreDiv
                0x00004194       0x3e ./drivers/fsl_clock.o
 .text.DelayLoop
                0x000041d2       0x20 ./drivers/fsl_common_arm.o
 .text.CLOCK_EnableClock
                0x000041f2       0x30 ./drivers/fsl_ctimer.o
 .text.EnableIRQ
                0x00004222       0x32 ./drivers/fsl_ctimer.o
 .text.CTIMER_GetStatusFlags
                0x00004254       0x18 ./drivers/fsl_ctimer.o
 .text.CTIMER_ClearStatusFlags
                0x0000426c       0x1c ./drivers/fsl_ctimer.o
 .text.CTIMER0_DriverIRQHandler
                0x00004288        0xe ./drivers/fsl_ctimer.o
                0x00004288                CTIMER0_DriverIRQHandler
 .text.CTIMER1_DriverIRQHandler
                0x00004296        0xe ./drivers/fsl_ctimer.o
                0x00004296                CTIMER1_DriverIRQHandler
 .text.CTIMER2_DriverIRQHandler
                0x000042a4        0xe ./drivers/fsl_ctimer.o
                0x000042a4                CTIMER2_DriverIRQHandler
 .text.CTIMER3_DriverIRQHandler
                0x000042b2        0xe ./drivers/fsl_ctimer.o
                0x000042b2                CTIMER3_DriverIRQHandler
 .text.CTIMER4_DriverIRQHandler
                0x000042c0        0xe ./drivers/fsl_ctimer.o
                0x000042c0                CTIMER4_DriverIRQHandler
 .text.CLOCK_EnableClock
                0x000042ce       0x30 ./drivers/fsl_flexcomm.o
 .text.FLEXCOMM_PeripheralIsPresent
                0x000042fe       0x64 ./drivers/fsl_flexcomm.o
 .text.FLEXCOMM_SetPeriph
                0x00004362       0x74 ./drivers/fsl_flexcomm.o
 .text.lowpower_set_voltage_for_process
                0x000043d6       0xaa ./drivers/fsl_power.o
 .text.CLOCK_EnableClock
                0x00004480       0x30 ./drivers/fsl_powerquad_basic.o
 .text.RESET_PeripheralReset
                0x000044b0       0x1c ./drivers/fsl_reset.o
                0x000044b0                RESET_PeripheralReset
 .text.USART_EnableContinuousSCLK
                0x000044cc       0x38 ./drivers/fsl_usart.o
 .text.SystemInitHook
                0x00004504        0xe ./device/system_LPC55S69_cm33_core0.o
                0x00004504                SystemInitHook
 .text.HAL_UartGetStatus
                0x00004512       0x22 ./component/uart/fsl_adapter_usart.o
 .text.HAL_UartInit
                0x00004534       0x36 ./component/uart/fsl_adapter_usart.o
                0x00004534                HAL_UartInit
 .text.BOARD_InitBootClocks
                0x0000456a        0xc ./board/clock_config.o
                0x0000456a                BOARD_InitBootClocks
 .text.CTIMER_StartTimer
                0x00004576       0x20 ./board/peripherals.o
 .text.BOARD_InitPeripherals
                0x00004596       0x10 ./board/peripherals.o
                0x00004596                BOARD_InitPeripherals
 .text.BOARD_InitBootPeripherals
                0x000045a6        0xc ./board/peripherals.o
                0x000045a6                BOARD_InitBootPeripherals
 .text.CLOCK_EnableClock
                0x000045b2       0x30 ./board/pin_mux.o
 .text.IOCON_PinMuxSet
                0x000045e2       0x2e ./board/pin_mux.o
 .text.BOARD_InitBootPins
                0x00004610        0xc ./board/pin_mux.o
                0x00004610                BOARD_InitBootPins
 .text.__main   0x0000461c        0xe c:/appz/nxp/mcuxpressoide_11.6.0_8187/ide/plugins/com.nxp.mcuxpresso.tools.win32_11.6.0.202112161359/tools/bin/../lib/gcc/arm-none-eabi/10.3.1/../../../../arm-none-eabi/lib/thumb/v8-m.main+fp/hard\libcr_nohost_nf.a(_cr__main.o)
                0x0000461c                __main
 .text.memcpy   0x0000462a        0x4 c:/appz/nxp/mcuxpressoide_11.6.0_8187/ide/plugins/com.nxp.mcuxpresso.tools.win32_11.6.0.202112161359/tools/bin/../lib/gcc/arm-none-eabi/10.3.1/../../../../arm-none-eabi/lib/thumb/v8-m.main+fp/hard\libcr_c.a(memcpy.o)
                0x0000462a                memcpy
 .text.memset   0x0000462e        0x4 c:/appz/nxp/mcuxpressoide_11.6.0_8187/ide/plugins/com.nxp.mcuxpresso.tools.win32_11.6.0.202112161359/tools/bin/../lib/gcc/arm-none-eabi/10.3.1/../../../../arm-none-eabi/lib/thumb/v8-m.main+fp/hard\libcr_c.a(memset.o)
                0x0000462e                memset
 .text.free     0x00004632       0x30 c:/appz/nxp/mcuxpressoide_11.6.0_8187/ide/plugins/com.nxp.mcuxpresso.tools.win32_11.6.0.202112161359/tools/bin/../lib/gcc/arm-none-eabi/10.3.1/../../../../arm-none-eabi/lib/thumb/v8-m.main+fp/hard\libcr_c.a(alloc.o)
                0x00004632                free
 .text.setvbuf  0x00004662       0x3e c:/appz/nxp/mcuxpressoide_11.6.0_8187/ide/plugins/com.nxp.mcuxpresso.tools.win32_11.6.0.202112161359/tools/bin/../lib/gcc/arm-none-eabi/10.3.1/../../../../arm-none-eabi/lib/thumb/v8-m.main+fp/hard\libcr_c.a(setvbuf.o)
                0x00004662                setvbuf
 .text.strlen   0x000046a0       0x48 c:/appz/nxp/mcuxpressoide_11.6.0_8187/ide/plugins/com.nxp.mcuxpresso.tools.win32_11.6.0.202112161359/tools/bin/../lib/gcc/arm-none-eabi/10.3.1/../../../../arm-none-eabi/lib/thumb/v8-m.main+fp/hard\libcr_c.a(strlen.o)
                0x000046a0                strlen
 .text._deferredlazyseek
                0x000046e8       0x40 c:/appz/nxp/mcuxpressoide_11.6.0_8187/ide/plugins/com.nxp.mcuxpresso.tools.win32_11.6.0.202112161359/tools/bin/../lib/gcc/arm-none-eabi/10.3.1/../../../../arm-none-eabi/lib/thumb/v8-m.main+fp/hard\libcr_c.a(_deferredlazyseek.o)
                0x000046e8                _deferredlazyseek
 .text._fdopen  0x00004728       0x68 c:/appz/nxp/mcuxpressoide_11.6.0_8187/ide/plugins/com.nxp.mcuxpresso.tools.win32_11.6.0.202112161359/tools/bin/../lib/gcc/arm-none-eabi/10.3.1/../../../../arm-none-eabi/lib/thumb/v8-m.main+fp/hard\libcr_c.a(_fdopen.o)
                0x00004728                _fdopen
 .text._fflush  0x00004790       0x52 c:/appz/nxp/mcuxpressoide_11.6.0_8187/ide/plugins/com.nxp.mcuxpresso.tools.win32_11.6.0.202112161359/tools/bin/../lib/gcc/arm-none-eabi/10.3.1/../../../../arm-none-eabi/lib/thumb/v8-m.main+fp/hard\libcr_c.a(_fflush.o)
                0x00004790                _fflush
 .text.fclose   0x000047e2       0x58 c:/appz/nxp/mcuxpressoide_11.6.0_8187/ide/plugins/com.nxp.mcuxpresso.tools.win32_11.6.0.202112161359/tools/bin/../lib/gcc/arm-none-eabi/10.3.1/../../../../arm-none-eabi/lib/thumb/v8-m.main+fp/hard\libcr_c.a(fclose.o)
                0x000047e2                fclose
 .text.remove   0x0000483a       0x14 c:/appz/nxp/mcuxpressoide_11.6.0_8187/ide/plugins/com.nxp.mcuxpresso.tools.win32_11.6.0.202112161359/tools/bin/../lib/gcc/arm-none-eabi/10.3.1/../../../../arm-none-eabi/lib/thumb/v8-m.main+fp/hard\libcr_c.a(remove.o)
                0x0000483a                remove
 .text._do_fflush
                0x0000484e       0x40 c:/appz/nxp/mcuxpressoide_11.6.0_8187/ide/plugins/com.nxp.mcuxpresso.tools.win32_11.6.0.202112161359/tools/bin/../lib/gcc/arm-none-eabi/10.3.1/../../../../arm-none-eabi/lib/thumb/v8-m.main+fp/hard\libcr_c.a(_do_fflush.o)
                0x0000484e                _do_fflush
 .text.__aeabi_division_uldivmod
                0x0000488e      0x174 c:/appz/nxp/mcuxpressoide_11.6.0_8187/ide/plugins/com.nxp.mcuxpresso.tools.win32_11.6.0.202112161359/tools/bin/../lib/gcc/arm-none-eabi/10.3.1/thumb/v8-m.main+fp/hard\libcr_eabihelpers.a(division_64.o)
                0x0000488e                __aeabi_uldivmod
                0x00004892                __bhs_ldivmod1
 .text.__aeabi_division_idiv0
                0x00004a02        0x2 c:/appz/nxp/mcuxpressoide_11.6.0_8187/ide/plugins/com.nxp.mcuxpresso.tools.win32_11.6.0.202112161359/tools/bin/../lib/gcc/arm-none-eabi/10.3.1/thumb/v8-m.main+fp/hard\libcr_eabihelpers.a(division_idiv0.o)
                0x00004a02                __aeabi_idiv0
 .text.__aeabi_d2iz
                0x00004a04       0x40 c:/appz/nxp/mcuxpressoide_11.6.0_8187/ide/plugins/com.nxp.mcuxpresso.tools.win32_11.6.0.202112161359/tools/bin/../lib/gcc/arm-none-eabi/10.3.1/thumb/v8-m.main+fp/hard\libcr_eabihelpers.a(double.o)
                0x00004a04                __aeabi_d2iz
 .text.__aeabi_d2lz
                0x00004a44       0x74 c:/appz/nxp/mcuxpressoide_11.6.0_8187/ide/plugins/com.nxp.mcuxpresso.tools.win32_11.6.0.202112161359/tools/bin/../lib/gcc/arm-none-eabi/10.3.1/thumb/v8-m.main+fp/hard\libcr_eabihelpers.a(double.o)
                0x00004a44                __aeabi_d2lz
 .text.__bhs_ui2d
                0x00004ab8       0x46 c:/appz/nxp/mcuxpressoide_11.6.0_8187/ide/plugins/com.nxp.mcuxpresso.tools.win32_11.6.0.202112161359/tools/bin/../lib/gcc/arm-none-eabi/10.3.1/thumb/v8-m.main+fp/hard\libcr_eabihelpers.a(double.o)
                0x00004ab8                __bhs_ui2d
 .text.__bhs_ul2d
                0x00004afe       0x8a c:/appz/nxp/mcuxpressoide_11.6.0_8187/ide/plugins/com.nxp.mcuxpresso.tools.win32_11.6.0.202112161359/tools/bin/../lib/gcc/arm-none-eabi/10.3.1/thumb/v8-m.main+fp/hard\libcr_eabihelpers.a(double.o)
                0x00004afe                __bhs_ul2d
 .text.__aeabi_i2d
                0x00004b88       0x12 c:/appz/nxp/mcuxpressoide_11.6.0_8187/ide/plugins/com.nxp.mcuxpresso.tools.win32_11.6.0.202112161359/tools/bin/../lib/gcc/arm-none-eabi/10.3.1/thumb/v8-m.main+fp/hard\libcr_eabihelpers.a(double.o)
                0x00004b88                __aeabi_i2d
 .text.__aeabi_ui2d
                0x00004b9a        0x8 c:/appz/nxp/mcuxpressoide_11.6.0_8187/ide/plugins/com.nxp.mcuxpresso.tools.win32_11.6.0.202112161359/tools/bin/../lib/gcc/arm-none-eabi/10.3.1/thumb/v8-m.main+fp/hard\libcr_eabihelpers.a(double.o)
                0x00004b9a                __aeabi_ui2d
 .text.__aeabi_l2d
                0x00004ba2       0x1c c:/appz/nxp/mcuxpressoide_11.6.0_8187/ide/plugins/com.nxp.mcuxpresso.tools.win32_11.6.0.202112161359/tools/bin/../lib/gcc/arm-none-eabi/10.3.1/thumb/v8-m.main+fp/hard\libcr_eabihelpers.a(double.o)
                0x00004ba2                __aeabi_l2d
 .text.__aeabi_dcmpeq
                0x00004bbe       0x30 c:/appz/nxp/mcuxpressoide_11.6.0_8187/ide/plugins/com.nxp.mcuxpresso.tools.win32_11.6.0.202112161359/tools/bin/../lib/gcc/arm-none-eabi/10.3.1/thumb/v8-m.main+fp/hard\libcr_eabihelpers.a(double.o)
                0x00004bbe                __aeabi_dcmpeq
 .text.__aeabi_dcmplt
                0x00004bee       0x56 c:/appz/nxp/mcuxpressoide_11.6.0_8187/ide/plugins/com.nxp.mcuxpresso.tools.win32_11.6.0.202112161359/tools/bin/../lib/gcc/arm-none-eabi/10.3.1/thumb/v8-m.main+fp/hard\libcr_eabihelpers.a(double.o)
                0x00004bee                __aeabi_dcmplt
 .text.__aeabi_dcmpgt
                0x00004c44       0x56 c:/appz/nxp/mcuxpressoide_11.6.0_8187/ide/plugins/com.nxp.mcuxpresso.tools.win32_11.6.0.202112161359/tools/bin/../lib/gcc/arm-none-eabi/10.3.1/thumb/v8-m.main+fp/hard\libcr_eabihelpers.a(double.o)
                0x00004c44                __aeabi_dcmpgt
 .text.__aeabi_dcmple
                0x00004c9a       0x56 c:/appz/nxp/mcuxpressoide_11.6.0_8187/ide/plugins/com.nxp.mcuxpresso.tools.win32_11.6.0.202112161359/tools/bin/../lib/gcc/arm-none-eabi/10.3.1/thumb/v8-m.main+fp/hard\libcr_eabihelpers.a(double.o)
                0x00004c9a                __aeabi_dcmple
 .text.__aeabi_dcmpge
                0x00004cf0       0x56 c:/appz/nxp/mcuxpressoide_11.6.0_8187/ide/plugins/com.nxp.mcuxpresso.tools.win32_11.6.0.202112161359/tools/bin/../lib/gcc/arm-none-eabi/10.3.1/thumb/v8-m.main+fp/hard\libcr_eabihelpers.a(double.o)
                0x00004cf0                __aeabi_dcmpge
 .text.__aeabi_memcpy
                0x00004d46       0x34 c:/appz/nxp/mcuxpressoide_11.6.0_8187/ide/plugins/com.nxp.mcuxpresso.tools.win32_11.6.0.202112161359/tools/bin/../lib/gcc/arm-none-eabi/10.3.1/thumb/v8-m.main+fp/hard\libcr_eabihelpers.a(memcpy.o)
                0x00004d46                __aeabi_memcpy
                0x00004d50                __aeabi_memcpy8
                0x00004d50                __aeabi_memcpy4
 .text.__aeabi_memset_lowlevel
                0x00004d7a       0x32 c:/appz/nxp/mcuxpressoide_11.6.0_8187/ide/plugins/com.nxp.mcuxpresso.tools.win32_11.6.0.202112161359/tools/bin/../lib/gcc/arm-none-eabi/10.3.1/thumb/v8-m.main+fp/hard\libcr_eabihelpers.a(memcpy.o)
                0x00004d7a                __aeabi_lowlevel_memset
 .text.__sys_close
                0x00004dac        0x6 c:/appz/nxp/mcuxpressoide_11.6.0_8187/ide/plugins/com.nxp.mcuxpresso.tools.win32_11.6.0.202112161359/tools/bin/../lib/gcc/arm-none-eabi/10.3.1/../../../../arm-none-eabi/lib/thumb/v8-m.main+fp/hard\libcr_nohost_nf.a(__sys_close.o)
                0x00004dac                __sys_close
 .text.__sys_flen
                0x00004db2        0x6 c:/appz/nxp/mcuxpressoide_11.6.0_8187/ide/plugins/com.nxp.mcuxpresso.tools.win32_11.6.0.202112161359/tools/bin/../lib/gcc/arm-none-eabi/10.3.1/../../../../arm-none-eabi/lib/thumb/v8-m.main+fp/hard\libcr_nohost_nf.a(__sys_flen.o)
                0x00004db2                __sys_flen
 .text.__sys_istty
                0x00004db8        0x6 c:/appz/nxp/mcuxpressoide_11.6.0_8187/ide/plugins/com.nxp.mcuxpresso.tools.win32_11.6.0.202112161359/tools/bin/../lib/gcc/arm-none-eabi/10.3.1/../../../../arm-none-eabi/lib/thumb/v8-m.main+fp/hard\libcr_nohost_nf.a(__sys_istty.o)
                0x00004db8                __sys_istty
 .text.__sys_remove
                0x00004dbe        0x6 c:/appz/nxp/mcuxpressoide_11.6.0_8187/ide/plugins/com.nxp.mcuxpresso.tools.win32_11.6.0.202112161359/tools/bin/../lib/gcc/arm-none-eabi/10.3.1/../../../../arm-none-eabi/lib/thumb/v8-m.main+fp/hard\libcr_nohost_nf.a(__sys_remove.o)
                0x00004dbe                __sys_remove
 .text.__sys_seek
                0x00004dc4        0x6 c:/appz/nxp/mcuxpressoide_11.6.0_8187/ide/plugins/com.nxp.mcuxpresso.tools.win32_11.6.0.202112161359/tools/bin/../lib/gcc/arm-none-eabi/10.3.1/../../../../arm-none-eabi/lib/thumb/v8-m.main+fp/hard\libcr_nohost_nf.a(__sys_seek.o)
                0x00004dc4                __sys_seek
 .text.__sys_tmpnam
                0x00004dca        0x6 c:/appz/nxp/mcuxpressoide_11.6.0_8187/ide/plugins/com.nxp.mcuxpresso.tools.win32_11.6.0.202112161359/tools/bin/../lib/gcc/arm-none-eabi/10.3.1/../../../../arm-none-eabi/lib/thumb/v8-m.main+fp/hard\libcr_nohost_nf.a(__sys_tmpnam.o)
                0x00004dca                __sys_tmpnam
 .text.__sys_write
                0x00004dd0        0x4 c:/appz/nxp/mcuxpressoide_11.6.0_8187/ide/plugins/com.nxp.mcuxpresso.tools.win32_11.6.0.202112161359/tools/bin/../lib/gcc/arm-none-eabi/10.3.1/../../../../arm-none-eabi/lib/thumb/v8-m.main+fp/hard\libcr_nohost_nf.a(__sys_write.o)
                0x00004dd0                __sys_write
 *(SORT_BY_ALIGNMENT(.rodata) SORT_BY_ALIGNMENT(.rodata.*) SORT_BY_ALIGNMENT(.constdata) SORT_BY_ALIGNMENT(.constdata.*))
 *fill*         0x00004dd4        0x4 ff
 .rodata.a1.1   0x00004dd8       0x88 c:/appz/nxp/mcuxpressoide_11.6.0_8187/ide/plugins/com.nxp.mcuxpresso.tools.win32_11.6.0.202112161359/tools/bin/../lib/gcc/arm-none-eabi/10.3.1/../../../../arm-none-eabi/lib/thumb/v8-m.main+fp/hard\libcr_c.a(pow.o)
 .rodata.a2.0   0x00004e60       0x40 c:/appz/nxp/mcuxpressoide_11.6.0_8187/ide/plugins/com.nxp.mcuxpresso.tools.win32_11.6.0.202112161359/tools/bin/../lib/gcc/arm-none-eabi/10.3.1/../../../../arm-none-eabi/lib/thumb/v8-m.main+fp/hard\libcr_c.a(pow.o)
 .rodata.__assertion_failed.str1.4
                0x00004ea0       0x14 ./utilities/fsl_assert.o
 .rodata.main.str1.4
                0x00004eb4       0x75 ./source/hello_world.o
 *fill*         0x00004f29        0x3 ff
 .rodata        0x00004f2c       0x14 ./source/hello_world.o
 .rodata.SDK_DelayAtLeastUs.str1.4
                0x00004f40       0x2b ./drivers/fsl_common_arm.o
 *fill*         0x00004f6b        0x1 ff
 .rodata.s_ctimerBases
                0x00004f6c       0x14 ./drivers/fsl_ctimer.o
 .rodata.s_ctimerClocks
                0x00004f80        0xa ./drivers/fsl_ctimer.o
 *fill*         0x00004f8a        0x2 ff
 .rodata.s_ctimerResets
                0x00004f8c       0x14 ./drivers/fsl_ctimer.o
 .rodata.s_ctimerIRQ
                0x00004fa0        0x5 ./drivers/fsl_ctimer.o
 *fill*         0x00004fa5        0x3 ff
 .rodata.CTIMER_GetInstance.str1.4
                0x00004fa8       0x2e ./drivers/fsl_ctimer.o
 *fill*         0x00004fd6        0x2 ff
 .rodata.CTIMER_Init.str1.4
                0x00004fd8       0x22 ./drivers/fsl_ctimer.o
 *fill*         0x00004ffa        0x2 ff
 .rodata.s_flexcommBaseAddrs
                0x00004ffc       0x24 ./drivers/fsl_flexcomm.o
 .rodata.s_flexcommClocks
                0x00005020       0x12 ./drivers/fsl_flexcomm.o
 *fill*         0x00005032        0x2 ff
 .rodata.s_flexcommResets
                0x00005034       0x24 ./drivers/fsl_flexcomm.o
 .rodata.FLEXCOMM_GetInstance.str1.4
                0x00005058       0x42 ./drivers/fsl_flexcomm.o
 *fill*         0x0000509a        0x2 ff
 .rodata.FLEXCOMM0_DriverIRQHandler.str1.4
                0x0000509c       0x3c ./drivers/fsl_flexcomm.o
 .rodata.FLEXCOMM1_DriverIRQHandler.str1.4
                0x000050d8       0x3c ./drivers/fsl_flexcomm.o
 .rodata.FLEXCOMM2_DriverIRQHandler.str1.4
                0x00005114       0x3c ./drivers/fsl_flexcomm.o
 .rodata.FLEXCOMM3_DriverIRQHandler.str1.4
                0x00005150       0x3c ./drivers/fsl_flexcomm.o
 .rodata.FLEXCOMM4_DriverIRQHandler.str1.4
                0x0000518c       0x3c ./drivers/fsl_flexcomm.o
 .rodata.FLEXCOMM5_DriverIRQHandler.str1.4
                0x000051c8       0x3c ./drivers/fsl_flexcomm.o
 .rodata.FLEXCOMM6_DriverIRQHandler.str1.4
                0x00005204       0x3c ./drivers/fsl_flexcomm.o
 .rodata.FLEXCOMM7_DriverIRQHandler.str1.4
                0x00005240       0x3c ./drivers/fsl_flexcomm.o
 .rodata.FLEXCOMM8_DriverIRQHandler.str1.4
                0x0000527c       0x3c ./drivers/fsl_flexcomm.o
 .rodata.RESET_SetPeripheralReset.str1.4
                0x000052b8       0x1e ./drivers/fsl_reset.o
 *fill*         0x000052d6        0x2 ff
 .rodata.RESET_ClearPeripheralReset.str1.4
                0x000052d8       0x1e ./drivers/fsl_reset.o
 *fill*         0x000052f6        0x2 ff
 .rodata.USART_Init.str1.4
                0x000052f8       0x4f ./drivers/fsl_usart.o
 *fill*         0x00005347        0x1 ff
 .rodata.USART_GetDefaultConfig.str1.4
                0x00005348       0x21 ./drivers/fsl_usart.o
 *fill*         0x00005369        0x3 ff
 .rodata.USART_SetBaudRate.str1.4
                0x0000536c       0x53 ./drivers/fsl_usart.o
 *fill*         0x000053bf        0x1 ff
 .rodata.USART_WriteBlocking.str1.4
                0x000053c0       0x36 ./drivers/fsl_usart.o
 *fill*         0x000053f6        0x2 ff
 .rodata.USART_ReadBlocking.str1.4
                0x000053f8       0x36 ./drivers/fsl_usart.o
 *fill*         0x0000542e        0x2 ff
 .rodata.s_UsartAdapterBase
                0x00005430       0x20 ./component/uart/fsl_adapter_usart.o
 .rodata.HAL_UartInitCommon.str1.4
                0x00005450       0xeb ./component/uart/fsl_adapter_usart.o
 *fill*         0x0000553b        0x1 ff
 .rodata.HAL_UartReceiveBlocking.str1.4
                0x0000553c       0x65 ./component/uart/fsl_adapter_usart.o
 *fill*         0x000055a1        0x3 ff
 .rodata.HAL_UartSendBlocking.str1.4
                0x000055a4       0x65 ./component/uart/fsl_adapter_usart.o
 *fill*         0x00005609        0x3 ff
 .rodata.CTIMER1_config
                0x0000560c        0x8 ./board/peripherals.o
                0x0000560c                CTIMER1_config
 .rodata.CTIMER1_Match_0_config
                0x00005614        0xc ./board/peripherals.o
                0x00005614                CTIMER1_Match_0_config
 .rodata.CTIMER2_config
                0x00005620        0x8 ./board/peripherals.o
                0x00005620                CTIMER2_config
 .rodata.CTIMER2_Match_0_config
                0x00005628        0xc ./board/peripherals.o
                0x00005628                CTIMER2_Match_0_config
 .rodata.__num_Ciob_streams
                0x00005634        0x4 c:/appz/nxp/mcuxpressoide_11.6.0_8187/ide/plugins/com.nxp.mcuxpresso.tools.win32_11.6.0.202112161359/tools/bin/../lib/gcc/arm-none-eabi/10.3.1/../../../../arm-none-eabi/lib/thumb/v8-m.main+fp/hard\libcr_nohost_nf.a(__ciob.o)
                0x00005634                __num_Ciob_streams
 .rodata._initio.str1.1
                0x00005638        0x4 c:/appz/nxp/mcuxpressoide_11.6.0_8187/ide/plugins/com.nxp.mcuxpresso.tools.win32_11.6.0.202112161359/tools/bin/../lib/gcc/arm-none-eabi/10.3.1/../../../../arm-none-eabi/lib/thumb/v8-m.main+fp/hard\libcr_c.a(initio.o)
                0x0000563c                . = ALIGN (0x4)
                0x0000563c                _etext = .

.glue_7         0x0000563c        0x0
 .glue_7        0x0000563c        0x0 linker stubs

.glue_7t        0x0000563c        0x0
 .glue_7t       0x0000563c        0x0 linker stubs

.vfp11_veneer   0x0000563c        0x0
 .vfp11_veneer  0x0000563c        0x0 linker stubs

.v4_bx          0x0000563c        0x0
 .v4_bx         0x0000563c        0x0 linker stubs

.iplt           0x0000563c        0x0
 .iplt          0x0000563c        0x0 ./utilities/fsl_assert.o

.rel.dyn        0x0000563c        0x0
 .rel.iplt      0x0000563c        0x0 ./utilities/fsl_assert.o

.m_usb_data
 *(SORT_BY_ALIGNMENT(m_usb_global))

.data_RAM2      0x04000000        0x0 load address 0x0000563c
 FILL mask 0xff
                [!provide]                PROVIDE (__start_data_RAM2 = .)
                [!provide]                PROVIDE (__start_data_SRAMX = .)
 *(SORT_BY_ALIGNMENT(.ramfunc.$RAM2))
 *(SORT_BY_ALIGNMENT(.ramfunc.$SRAMX))
 *(SORT_BY_ALIGNMENT(.data.$RAM2))
 *(SORT_BY_ALIGNMENT(.data.$SRAMX))
 *(SORT_BY_ALIGNMENT(.data.$RAM2.*))
 *(SORT_BY_ALIGNMENT(.data.$SRAMX.*))
                0x04000000                . = ALIGN (0x4)
                [!provide]                PROVIDE (__end_data_RAM2 = .)
                [!provide]                PROVIDE (__end_data_SRAMX = .)

.data_RAM3      0x40100000        0x0 load address 0x0000563c
 FILL mask 0xff
                [!provide]                PROVIDE (__start_data_RAM3 = .)
                [!provide]                PROVIDE (__start_data_USB_RAM = .)
 *(SORT_BY_ALIGNMENT(.ramfunc.$RAM3))
 *(SORT_BY_ALIGNMENT(.ramfunc.$USB_RAM))
 *(SORT_BY_ALIGNMENT(.data.$RAM3))
 *(SORT_BY_ALIGNMENT(.data.$USB_RAM))
 *(SORT_BY_ALIGNMENT(.data.$RAM3.*))
 *(SORT_BY_ALIGNMENT(.data.$USB_RAM.*))
                0x40100000                . = ALIGN (0x4)
                [!provide]                PROVIDE (__end_data_RAM3 = .)
                [!provide]                PROVIDE (__end_data_USB_RAM = .)

.data_RAM4      0x20040000        0x0 load address 0x0000563c
 FILL mask 0xff
                [!provide]                PROVIDE (__start_data_RAM4 = .)
                [!provide]                PROVIDE (__start_data_SRAM4 = .)
 *(SORT_BY_ALIGNMENT(.ramfunc.$RAM4))
 *(SORT_BY_ALIGNMENT(.ramfunc.$SRAM4))
 *(SORT_BY_ALIGNMENT(.data.$RAM4))
 *(SORT_BY_ALIGNMENT(.data.$SRAM4))
 *(SORT_BY_ALIGNMENT(.data.$RAM4.*))
 *(SORT_BY_ALIGNMENT(.data.$SRAM4.*))
                0x20040000                . = ALIGN (0x4)
                [!provide]                PROVIDE (__end_data_RAM4 = .)
                [!provide]                PROVIDE (__end_data_SRAM4 = .)

.uninit_RESERVED
                0x20000000        0x0
                0x20000000                _start_uninit_RESERVED = .
 *(SORT_BY_ALIGNMENT(.bss.$RESERVED*))
                0x20000000                . = ALIGN (0x4)
                0x20000000                _end_uninit_RESERVED = .

.data           0x20000000        0xc load address 0x0000563c
 FILL mask 0xff
                0x20000000                _data = .
                [!provide]                PROVIDE (__start_data_RAM = .)
                [!provide]                PROVIDE (__start_data_SRAM = .)
 *(SORT_BY_ALIGNMENT(vtable))
 *(SORT_BY_ALIGNMENT(.ramfunc*))
 *(SORT_BY_ALIGNMENT(CodeQuickAccess))
 *(SORT_BY_ALIGNMENT(DataQuickAccess))
 *(SORT_BY_ALIGNMENT(RamFunction))
 *(SORT_BY_ALIGNMENT(.data*))
 .data.s_Ext_Clk_Freq
                0x20000000        0x4 ./drivers/fsl_clock.o
 .data.SystemCoreClock
                0x20000004        0x4 ./device/system_LPC55S69_cm33_core0.o
                0x20000004                SystemCoreClock
 .data.CTIMER1_callback
                0x20000008        0x4 ./board/peripherals.o
                0x20000008                CTIMER1_callback
                0x2000000c                . = ALIGN (0x4)
                0x2000000c                _edata = .
                [!provide]                PROVIDE (__end_data_RAM = .)
                [!provide]                PROVIDE (__end_data_SRAM = .)

.igot.plt       0x2000000c        0x0 load address 0x00005648
 .igot.plt      0x2000000c        0x0 ./utilities/fsl_assert.o

.bss_RAM2       0x04000000        0x0
                [!provide]                PROVIDE (__start_bss_RAM2 = .)
                [!provide]                PROVIDE (__start_bss_SRAMX = .)
 *(SORT_BY_ALIGNMENT(.bss.$RAM2))
 *(SORT_BY_ALIGNMENT(.bss.$SRAMX))
 *(SORT_BY_ALIGNMENT(.bss.$RAM2.*))
 *(SORT_BY_ALIGNMENT(.bss.$SRAMX.*))
                0x04000000                . = ALIGN ((. != 0x0)?0x4:0x1)
                [!provide]                PROVIDE (__end_bss_RAM2 = .)
                [!provide]                PROVIDE (__end_bss_SRAMX = .)

.bss_RAM3       0x40100000        0x0
                [!provide]                PROVIDE (__start_bss_RAM3 = .)
                [!provide]                PROVIDE (__start_bss_USB_RAM = .)
 *(SORT_BY_ALIGNMENT(.bss.$RAM3))
 *(SORT_BY_ALIGNMENT(.bss.$USB_RAM))
 *(SORT_BY_ALIGNMENT(.bss.$RAM3.*))
 *(SORT_BY_ALIGNMENT(.bss.$USB_RAM.*))
                0x40100000                . = ALIGN ((. != 0x0)?0x4:0x1)
                [!provide]                PROVIDE (__end_bss_RAM3 = .)
                [!provide]                PROVIDE (__end_bss_USB_RAM = .)

.bss_RAM4       0x20040000        0x0
                [!provide]                PROVIDE (__start_bss_RAM4 = .)
                [!provide]                PROVIDE (__start_bss_SRAM4 = .)
 *(SORT_BY_ALIGNMENT(.bss.$RAM4))
 *(SORT_BY_ALIGNMENT(.bss.$SRAM4))
 *(SORT_BY_ALIGNMENT(.bss.$RAM4.*))
 *(SORT_BY_ALIGNMENT(.bss.$SRAM4.*))
                0x20040000                . = ALIGN ((. != 0x0)?0x4:0x1)
                [!provide]                PROVIDE (__end_bss_RAM4 = .)
                [!provide]                PROVIDE (__end_bss_SRAM4 = .)

.bss            0x2000000c      0x53c
                0x2000000c                _bss = .
                [!provide]                PROVIDE (__start_bss_RAM = .)
                [!provide]                PROVIDE (__start_bss_SRAM = .)
 *(SORT_BY_ALIGNMENT(.bss*))
 .bss.s_debugConsole
                0x2000000c       0x14 ./utilities/fsl_debug_console.o
 .bss.Sample_f  0x20000020        0x4 ./source/hello_world.o
                0x20000020                Sample_f
 .bss.index     0x20000024        0x4 ./source/hello_world.o
                0x20000024                index
 .bss.SinTable_f
                0x20000028      0x400 ./source/hello_world.o
                0x20000028                SinTable_f
 .bss.s_Pll0_Freq
                0x20000428        0x4 ./drivers/fsl_clock.o
 .bss.s_ctimerCallback
                0x2000042c       0x14 ./drivers/fsl_ctimer.o
 .bss.ctimerCallbackType
                0x20000440        0x5 ./drivers/fsl_ctimer.o
 *fill*         0x20000445        0x3 
 .bss.s_flexcommIrqHandler
                0x20000448       0x24 ./drivers/fsl_flexcomm.o
 .bss.s_flexcommHandle
                0x2000046c       0x24 ./drivers/fsl_flexcomm.o
 .bss.errno     0x20000490        0x4 c:/appz/nxp/mcuxpressoide_11.6.0_8187/ide/plugins/com.nxp.mcuxpresso.tools.win32_11.6.0.202112161359/tools/bin/../lib/gcc/arm-none-eabi/10.3.1/../../../../arm-none-eabi/lib/thumb/v8-m.main+fp/hard\libcr_c.a(errno.o)
                0x20000490                errno
 .bss.__Ciob    0x20000494       0xb4 c:/appz/nxp/mcuxpressoide_11.6.0_8187/ide/plugins/com.nxp.mcuxpresso.tools.win32_11.6.0.202112161359/tools/bin/../lib/gcc/arm-none-eabi/10.3.1/../../../../arm-none-eabi/lib/thumb/v8-m.main+fp/hard\libcr_nohost_nf.a(__ciob.o)
                0x20000494                __Ciob
 *(SORT_BY_ALIGNMENT(COMMON))
                0x20000548                . = ALIGN (0x4)
                0x20000548                _ebss = .
                [!provide]                PROVIDE (__end_bss_RAM = .)
                [!provide]                PROVIDE (__end_bss_SRAM = .)
                [!provide]                PROVIDE (end = .)

.noinit_RAM2    0x04000000        0x0
                [!provide]                PROVIDE (__start_noinit_RAM2 = .)
                [!provide]                PROVIDE (__start_noinit_SRAMX = .)
 *(SORT_BY_ALIGNMENT(.noinit.$RAM2))
 *(SORT_BY_ALIGNMENT(.noinit.$SRAMX))
 *(SORT_BY_ALIGNMENT(.noinit.$RAM2.*))
 *(SORT_BY_ALIGNMENT(.noinit.$SRAMX.*))
                0x04000000                . = ALIGN (0x4)
                [!provide]                PROVIDE (__end_noinit_RAM2 = .)
                [!provide]                PROVIDE (__end_noinit_SRAMX = .)

.noinit_RAM3    0x40100000        0x0
                [!provide]                PROVIDE (__start_noinit_RAM3 = .)
                [!provide]                PROVIDE (__start_noinit_USB_RAM = .)
 *(SORT_BY_ALIGNMENT(.noinit.$RAM3))
 *(SORT_BY_ALIGNMENT(.noinit.$USB_RAM))
 *(SORT_BY_ALIGNMENT(.noinit.$RAM3.*))
 *(SORT_BY_ALIGNMENT(.noinit.$USB_RAM.*))
                0x40100000                . = ALIGN (0x4)
                [!provide]                PROVIDE (__end_noinit_RAM3 = .)
                [!provide]                PROVIDE (__end_noinit_USB_RAM = .)

.noinit_RAM4    0x20040000        0x0
                [!provide]                PROVIDE (__start_noinit_RAM4 = .)
                [!provide]                PROVIDE (__start_noinit_SRAM4 = .)
 *(SORT_BY_ALIGNMENT(.noinit.$RAM4))
 *(SORT_BY_ALIGNMENT(.noinit.$SRAM4))
 *(SORT_BY_ALIGNMENT(.noinit.$RAM4.*))
 *(SORT_BY_ALIGNMENT(.noinit.$SRAM4.*))
                0x20040000                . = ALIGN (0x4)
                [!provide]                PROVIDE (__end_noinit_RAM4 = .)
                [!provide]                PROVIDE (__end_noinit_SRAM4 = .)

.noinit         0x20000548        0x0
                0x20000548                _noinit = .
                [!provide]                PROVIDE (__start_noinit_RAM = .)
                [!provide]                PROVIDE (__start_noinit_SRAM = .)
 *(SORT_BY_ALIGNMENT(.noinit*))
                0x20000548                . = ALIGN (0x4)
                0x20000548                _end_noinit = .
                [!provide]                PROVIDE (__end_noinit_RAM = .)
                [!provide]                PROVIDE (__end_noinit_SRAM = .)

.ARM.extab
 *(SORT_BY_ALIGNMENT(.ARM.extab*) SORT_BY_ALIGNMENT(.gnu.linkonce.armextab.*))

.ARM.exidx      0x00005648        0x0
                0x00005648                __exidx_start = .
 *(SORT_BY_ALIGNMENT(.ARM.exidx*) SORT_BY_ALIGNMENT(.gnu.linkonce.armexidx.*))
                0x00005648                __exidx_end = .
                0x00001000                _HeapSize = 0x1000

.heap           0x20000548     0x1000
                0x20000548                _pvHeapStart = .
                0x20001548                . = (. + _HeapSize)
 *fill*         0x20000548     0x1000 
                0x20001548                . = ALIGN (0x4)
                0x20001548                _pvHeapLimit = .
                0x00001000                _StackSize = 0x1000

.heap2stackfill
                0x20001548     0x1000
                0x20002548                . = (. + _StackSize)
 *fill*         0x20001548     0x1000 

.stack          0x2003f000        0x0
                0x2003f000                _vStackBase = .
                0x2003f000                . = ALIGN (0x4)
                0x20040000                _vStackTop = (. + _StackSize)
                [!provide]                PROVIDE (__valid_user_code_checksum = (0x0 - ((((((_vStackTop + (ResetISR + 0x1)) + (NMI_Handler + 0x1)) + (HardFault_Handler + 0x1)) + (DEFINED (MemManage_Handler)?MemManage_Handler:0x0 + 0x1)) + (DEFINED (BusFault_Handler)?BusFault_Handler:0x0 + 0x1)) + (DEFINED (UsageFault_Handler)?UsageFault_Handler:0x0 + 0x1))))
                0x00000000                _image_start = LOADADDR (.text)
                0x00005648                _image_end = (LOADADDR (.data) + SIZEOF (.data))
                0x00005648                _image_size = (_image_end - _image_start)
OUTPUT(lpcxpresso55s69_hello_world.axf elf32-littlearm)
LOAD linker stubs

.debug_info     0x00000000    0x16791
 .debug_info    0x00000000       0xaa ./utilities/fsl_assert.o
 .debug_info    0x000000aa      0xe63 ./utilities/fsl_debug_console.o
 .debug_info    0x00000f0d      0x707 ./startup/startup_lpc55s69_cm33_core0.o
 .debug_info    0x00001614     0x21fd ./source/hello_world.o
 .debug_info    0x00003811       0x3c ./source/semihost_hardfault.o
 .debug_info    0x0000384d     0x334d ./drivers/fsl_clock.o
 .debug_info    0x00006b9a       0xf5 ./drivers/fsl_common_arm.o
 .debug_info    0x00006c8f     0x227a ./drivers/fsl_ctimer.o
 .debug_info    0x00008f09     0x1afd ./drivers/fsl_flexcomm.o
 .debug_info    0x0000aa06     0x2a66 ./drivers/fsl_power.o
 .debug_info    0x0000d46c     0x1520 ./drivers/fsl_powerquad_basic.o
 .debug_info    0x0000e98c      0xee3 ./drivers/fsl_reset.o
 .debug_info    0x0000f86f     0x17d1 ./drivers/fsl_usart.o
 .debug_info    0x00011040     0x14be ./device/system_LPC55S69_cm33_core0.o
 .debug_info    0x000124fe      0xc65 ./component/uart/fsl_adapter_usart.o
 .debug_info    0x00013163      0x828 ./board/board.o
 .debug_info    0x0001398b     0x16e1 ./board/clock_config.o
 .debug_info    0x0001506c      0x79b ./board/peripherals.o
 .debug_info    0x00015807      0xf8a ./board/pin_mux.o

.debug_abbrev   0x00000000     0x2557
 .debug_abbrev  0x00000000       0x66 ./utilities/fsl_assert.o
 .debug_abbrev  0x00000066      0x260 ./utilities/fsl_debug_console.o
 .debug_abbrev  0x000002c6      0x165 ./startup/startup_lpc55s69_cm33_core0.o
 .debug_abbrev  0x0000042b      0x2f3 ./source/hello_world.o
 .debug_abbrev  0x0000071e       0x31 ./source/semihost_hardfault.o
 .debug_abbrev  0x0000074f      0x374 ./drivers/fsl_clock.o
 .debug_abbrev  0x00000ac3       0x92 ./drivers/fsl_common_arm.o
 .debug_abbrev  0x00000b55      0x382 ./drivers/fsl_ctimer.o
 .debug_abbrev  0x00000ed7      0x2c0 ./drivers/fsl_flexcomm.o
 .debug_abbrev  0x00001197      0x335 ./drivers/fsl_power.o
 .debug_abbrev  0x000014cc      0x1ea ./drivers/fsl_powerquad_basic.o
 .debug_abbrev  0x000016b6      0x15a ./drivers/fsl_reset.o
 .debug_abbrev  0x00001810      0x30b ./drivers/fsl_usart.o
 .debug_abbrev  0x00001b1b      0x216 ./device/system_LPC55S69_cm33_core0.o
 .debug_abbrev  0x00001d31      0x1e0 ./component/uart/fsl_adapter_usart.o
 .debug_abbrev  0x00001f11       0xd1 ./board/board.o
 .debug_abbrev  0x00001fe2      0x1ea ./board/clock_config.o
 .debug_abbrev  0x000021cc      0x1b2 ./board/peripherals.o
 .debug_abbrev  0x0000237e      0x1d9 ./board/pin_mux.o

.debug_aranges  0x00000000      0xb48
 .debug_aranges
                0x00000000       0x20 ./utilities/fsl_assert.o
 .debug_aranges
                0x00000020       0x80 ./utilities/fsl_debug_console.o
 .debug_aranges
                0x000000a0      0x268 ./startup/startup_lpc55s69_cm33_core0.o
 .debug_aranges
                0x00000308       0x50 ./source/hello_world.o
 .debug_aranges
                0x00000358       0x20 ./source/semihost_hardfault.o
 .debug_aranges
                0x00000378      0x228 ./drivers/fsl_clock.o
 .debug_aranges
                0x000005a0       0x28 ./drivers/fsl_common_arm.o
 .debug_aranges
                0x000005c8       0xe0 ./drivers/fsl_ctimer.o
 .debug_aranges
                0x000006a8       0x90 ./drivers/fsl_flexcomm.o
 .debug_aranges
                0x00000738       0xc8 ./drivers/fsl_power.o
 .debug_aranges
                0x00000800       0x50 ./drivers/fsl_powerquad_basic.o
 .debug_aranges
                0x00000850       0x30 ./drivers/fsl_reset.o
 .debug_aranges
                0x00000880       0xf8 ./drivers/fsl_usart.o
 .debug_aranges
                0x00000978       0x88 ./device/system_LPC55S69_cm33_core0.o
 .debug_aranges
                0x00000a00       0x58 ./component/uart/fsl_adapter_usart.o
 .debug_aranges
                0x00000a58       0x28 ./board/board.o
 .debug_aranges
                0x00000a80       0x50 ./board/clock_config.o
 .debug_aranges
                0x00000ad0       0x40 ./board/peripherals.o
 .debug_aranges
                0x00000b10       0x38 ./board/pin_mux.o

.debug_ranges   0x00000000      0xa18
 .debug_ranges  0x00000000       0x10 ./utilities/fsl_assert.o
 .debug_ranges  0x00000010       0x70 ./utilities/fsl_debug_console.o
 .debug_ranges  0x00000080      0x258 ./startup/startup_lpc55s69_cm33_core0.o
 .debug_ranges  0x000002d8       0x40 ./source/hello_world.o
 .debug_ranges  0x00000318       0x10 ./source/semihost_hardfault.o
 .debug_ranges  0x00000328      0x218 ./drivers/fsl_clock.o
 .debug_ranges  0x00000540       0x18 ./drivers/fsl_common_arm.o
 .debug_ranges  0x00000558       0xd0 ./drivers/fsl_ctimer.o
 .debug_ranges  0x00000628       0x80 ./drivers/fsl_flexcomm.o
 .debug_ranges  0x000006a8       0xb8 ./drivers/fsl_power.o
 .debug_ranges  0x00000760       0x40 ./drivers/fsl_powerquad_basic.o
 .debug_ranges  0x000007a0       0x20 ./drivers/fsl_reset.o
 .debug_ranges  0x000007c0       0xe8 ./drivers/fsl_usart.o
 .debug_ranges  0x000008a8       0x78 ./device/system_LPC55S69_cm33_core0.o
 .debug_ranges  0x00000920       0x48 ./component/uart/fsl_adapter_usart.o
 .debug_ranges  0x00000968       0x18 ./board/board.o
 .debug_ranges  0x00000980       0x40 ./board/clock_config.o
 .debug_ranges  0x000009c0       0x30 ./board/peripherals.o
 .debug_ranges  0x000009f0       0x28 ./board/pin_mux.o

.debug_macro    0x00000000    0x174f5
 .debug_macro   0x00000000      0x14d ./utilities/fsl_assert.o
 .debug_macro   0x0000014d      0xac0 ./utilities/fsl_assert.o
 .debug_macro   0x00000c0d       0x10 ./utilities/fsl_assert.o
 .debug_macro   0x00000c1d       0x1c ./utilities/fsl_assert.o
 .debug_macro   0x00000c39       0x22 ./utilities/fsl_assert.o
 .debug_macro   0x00000c5b      0x12e ./utilities/fsl_assert.o
 .debug_macro   0x00000d89      0x5b3 ./utilities/fsl_assert.o
 .debug_macro   0x0000133c       0x22 ./utilities/fsl_assert.o
 .debug_macro   0x0000135e       0x10 ./utilities/fsl_assert.o
 .debug_macro   0x0000136e       0x46 ./utilities/fsl_assert.o
 .debug_macro   0x000013b4       0x1c ./utilities/fsl_assert.o
 .debug_macro   0x000013d0       0x29 ./utilities/fsl_assert.o
 .debug_macro   0x000013f9       0xfb ./utilities/fsl_assert.o
 .debug_macro   0x000014f4     0x167e ./utilities/fsl_assert.o
 .debug_macro   0x00002b72       0x5e ./utilities/fsl_assert.o
 .debug_macro   0x00002bd0       0x2e ./utilities/fsl_assert.o
 .debug_macro   0x00002bfe    0x116c8 ./utilities/fsl_assert.o
 .debug_macro   0x000142c6      0x44a ./utilities/fsl_assert.o
 .debug_macro   0x00014710       0x7a ./utilities/fsl_assert.o
 .debug_macro   0x0001478a       0xa8 ./utilities/fsl_assert.o
 .debug_macro   0x00014832      0x2ca ./utilities/fsl_assert.o
 .debug_macro   0x00014afc       0x16 ./utilities/fsl_assert.o
 .debug_macro   0x00014b12       0xee ./utilities/fsl_assert.o
 .debug_macro   0x00014c00       0x1c ./utilities/fsl_assert.o
 .debug_macro   0x00014c1c       0x1c ./utilities/fsl_assert.o
 .debug_macro   0x00014c38       0x34 ./utilities/fsl_assert.o
 .debug_macro   0x00014c6c      0x173 ./utilities/fsl_debug_console.o
 .debug_macro   0x00014ddf       0x16 ./utilities/fsl_debug_console.o
 .debug_macro   0x00014df5       0x10 ./utilities/fsl_debug_console.o
 .debug_macro   0x00014e05       0x28 ./utilities/fsl_debug_console.o
 .debug_macro   0x00014e2d       0xc4 ./utilities/fsl_debug_console.o
 .debug_macro   0x00014ef1       0x16 ./utilities/fsl_debug_console.o
 .debug_macro   0x00014f07       0x46 ./utilities/fsl_debug_console.o
 .debug_macro   0x00014f4d       0x29 ./startup/startup_lpc55s69_cm33_core0.o
 .debug_macro   0x00014f76      0x1f6 ./source/hello_world.o
 .debug_macro   0x0001516c       0x46 ./source/hello_world.o
 .debug_macro   0x000151b2       0x35 ./source/hello_world.o
 .debug_macro   0x000151e7       0x10 ./source/hello_world.o
 .debug_macro   0x000151f7       0xfe ./source/hello_world.o
 .debug_macro   0x000152f5      0x1f0 ./source/hello_world.o
 .debug_macro   0x000154e5       0x10 ./source/hello_world.o
 .debug_macro   0x000154f5       0x46 ./source/hello_world.o
 .debug_macro   0x0001553b      0x304 ./source/hello_world.o
 .debug_macro   0x0001583f       0x34 ./source/hello_world.o
 .debug_macro   0x00015873      0x38d ./source/hello_world.o
 .debug_macro   0x00015c00       0x11 ./source/semihost_hardfault.o
 .debug_macro   0x00015c11      0x1db ./drivers/fsl_clock.o
 .debug_macro   0x00015dec      0x13c ./drivers/fsl_common_arm.o
 .debug_macro   0x00015f28      0x14c ./drivers/fsl_ctimer.o
 .debug_macro   0x00016074      0x145 ./drivers/fsl_flexcomm.o
 .debug_macro   0x000161b9       0x10 ./drivers/fsl_flexcomm.o
 .debug_macro   0x000161c9      0x410 ./drivers/fsl_power.o
 .debug_macro   0x000165d9      0x16a ./drivers/fsl_powerquad_basic.o
 .debug_macro   0x00016743       0x2e ./drivers/fsl_powerquad_basic.o
 .debug_macro   0x00016771      0x13c ./drivers/fsl_reset.o
 .debug_macro   0x000168ad      0x154 ./drivers/fsl_usart.o
 .debug_macro   0x00016a01       0x1c ./drivers/fsl_usart.o
 .debug_macro   0x00016a1d       0xc1 ./device/system_LPC55S69_cm33_core0.o
 .debug_macro   0x00016ade      0x151 ./component/uart/fsl_adapter_usart.o
 .debug_macro   0x00016c2f       0x22 ./component/uart/fsl_adapter_usart.o
 .debug_macro   0x00016c51      0x181 ./board/board.o
 .debug_macro   0x00016dd2      0x15c ./board/clock_config.o
 .debug_macro   0x00016f2e      0x2fe ./board/clock_config.o
 .debug_macro   0x0001722c       0x2f ./board/clock_config.o
 .debug_macro   0x0001725b      0x152 ./board/peripherals.o
 .debug_macro   0x000173ad      0x148 ./board/pin_mux.o

.debug_line     0x00000000     0x8d39
 .debug_line    0x00000000      0x3a2 ./utilities/fsl_assert.o
 .debug_line    0x000003a2      0xd60 ./utilities/fsl_debug_console.o
 .debug_line    0x00001102      0x6b1 ./startup/startup_lpc55s69_cm33_core0.o
 .debug_line    0x000017b3      0x6ff ./source/hello_world.o
 .debug_line    0x00001eb2       0x59 ./source/semihost_hardfault.o
 .debug_line    0x00001f0b     0x175c ./drivers/fsl_clock.o
 .debug_line    0x00003667      0x379 ./drivers/fsl_common_arm.o
 .debug_line    0x000039e0      0x8ed ./drivers/fsl_ctimer.o
 .debug_line    0x000042cd      0x61b ./drivers/fsl_flexcomm.o
 .debug_line    0x000048e8      0xe8c ./drivers/fsl_power.o
 .debug_line    0x00005774      0x562 ./drivers/fsl_powerquad_basic.o
 .debug_line    0x00005cd6      0x3d2 ./drivers/fsl_reset.o
 .debug_line    0x000060a8      0xf73 ./drivers/fsl_usart.o
 .debug_line    0x0000701b      0x6af ./device/system_LPC55S69_cm33_core0.o
 .debug_line    0x000076ca      0x571 ./component/uart/fsl_adapter_usart.o
 .debug_line    0x00007c3b      0x42f ./board/board.o
 .debug_line    0x0000806a      0x4a9 ./board/clock_config.o
 .debug_line    0x00008513      0x407 ./board/peripherals.o
 .debug_line    0x0000891a      0x41f ./board/pin_mux.o

.debug_str      0x00000000    0xc962e
 .debug_str     0x00000000    0xb2e7b ./utilities/fsl_assert.o
                              0xb2eff (size before relaxing)
 .debug_str     0x000b2e7b     0x17ec ./utilities/fsl_debug_console.o
                              0xb4763 (size before relaxing)
 .debug_str     0x000b4667      0x680 ./startup/startup_lpc55s69_cm33_core0.o
                               0x34dd (size before relaxing)
 .debug_str     0x000b4ce7     0xe286 ./source/hello_world.o
                              0xc20d1 (size before relaxing)
 .debug_str     0x000c2f6d       0x1f ./source/semihost_hardfault.o
                               0x2e1f (size before relaxing)
 .debug_str     0x000c2f8c     0x1c4c ./drivers/fsl_clock.o
                              0xb7b78 (size before relaxing)
 .debug_str     0x000c4bd8       0x82 ./drivers/fsl_common_arm.o
                              0xb2db3 (size before relaxing)
 .debug_str     0x000c4c5a     0x10ea ./drivers/fsl_ctimer.o
                              0xb5722 (size before relaxing)
 .debug_str     0x000c5d44      0x345 ./drivers/fsl_flexcomm.o
                              0xb5226 (size before relaxing)
 .debug_str     0x000c6089     0x2157 ./drivers/fsl_power.o
                              0xb809f (size before relaxing)
 .debug_str     0x000c81e0      0x1a2 ./drivers/fsl_powerquad_basic.o
                              0xbdd67 (size before relaxing)
 .debug_str     0x000c8382       0xae ./drivers/fsl_reset.o
                              0xb3b45 (size before relaxing)
 .debug_str     0x000c8430      0xd80 ./drivers/fsl_usart.o
                              0xb4beb (size before relaxing)
 .debug_str     0x000c91b0      0x12f ./device/system_LPC55S69_cm33_core0.o
                              0xb0eaf (size before relaxing)
 .debug_str     0x000c92df      0x10a ./component/uart/fsl_adapter_usart.o
                              0xb431d (size before relaxing)
 .debug_str     0x000c93e9       0x54 ./board/board.o
                              0xb58b0 (size before relaxing)
 .debug_str     0x000c943d       0xac ./board/clock_config.o
                              0xb5b32 (size before relaxing)
 .debug_str     0x000c94e9       0xbe ./board/peripherals.o
                              0xb3c8b (size before relaxing)
 .debug_str     0x000c95a7       0x87 ./board/pin_mux.o
                              0xb4113 (size before relaxing)

.comment        0x00000000       0x49
 .comment       0x00000000       0x49 ./utilities/fsl_assert.o
                                 0x4a (size before relaxing)
 .comment       0x00000049       0x4a ./utilities/fsl_debug_console.o
 .comment       0x00000049       0x4a ./startup/startup_lpc55s69_cm33_core0.o
 .comment       0x00000049       0x4a ./source/hello_world.o
 .comment       0x00000049       0x4a ./source/semihost_hardfault.o
 .comment       0x00000049       0x4a ./drivers/fsl_clock.o
 .comment       0x00000049       0x4a ./drivers/fsl_common_arm.o
 .comment       0x00000049       0x4a ./drivers/fsl_ctimer.o
 .comment       0x00000049       0x4a ./drivers/fsl_flexcomm.o
 .comment       0x00000049       0x4a ./drivers/fsl_power.o
 .comment       0x00000049       0x4a ./drivers/fsl_powerquad_basic.o
 .comment       0x00000049       0x4a ./drivers/fsl_reset.o
 .comment       0x00000049       0x4a ./drivers/fsl_usart.o
 .comment       0x00000049       0x4a ./device/system_LPC55S69_cm33_core0.o
 .comment       0x00000049       0x4a ./component/uart/fsl_adapter_usart.o
 .comment       0x00000049       0x4a ./board/board.o
 .comment       0x00000049       0x4a ./board/clock_config.o
 .comment       0x00000049       0x4a ./board/peripherals.o
 .comment       0x00000049       0x4a ./board/pin_mux.o
 .comment       0x00000049       0x4a c:/appz/nxp/mcuxpressoide_11.6.0_8187/ide/plugins/com.nxp.mcuxpresso.tools.win32_11.6.0.202112161359/tools/bin/../lib/gcc/arm-none-eabi/10.3.1/../../../../arm-none-eabi/lib/thumb/v8-m.main+fp/hard\libcr_nohost_nf.a(_cr__main.o)
 .comment       0x00000049       0x4a c:/appz/nxp/mcuxpressoide_11.6.0_8187/ide/plugins/com.nxp.mcuxpresso.tools.win32_11.6.0.202112161359/tools/bin/../lib/gcc/arm-none-eabi/10.3.1/../../../../arm-none-eabi/lib/thumb/v8-m.main+fp/hard\libcr_c.a(memcpy.o)
 .comment       0x00000049       0x4a c:/appz/nxp/mcuxpressoide_11.6.0_8187/ide/plugins/com.nxp.mcuxpresso.tools.win32_11.6.0.202112161359/tools/bin/../lib/gcc/arm-none-eabi/10.3.1/../../../../arm-none-eabi/lib/thumb/v8-m.main+fp/hard\libcr_c.a(memset.o)
 .comment       0x00000049       0x4a c:/appz/nxp/mcuxpressoide_11.6.0_8187/ide/plugins/com.nxp.mcuxpresso.tools.win32_11.6.0.202112161359/tools/bin/../lib/gcc/arm-none-eabi/10.3.1/../../../../arm-none-eabi/lib/thumb/v8-m.main+fp/hard\libcr_c.a(alloc.o)
 .comment       0x00000049       0x4a c:/appz/nxp/mcuxpressoide_11.6.0_8187/ide/plugins/com.nxp.mcuxpresso.tools.win32_11.6.0.202112161359/tools/bin/../lib/gcc/arm-none-eabi/10.3.1/../../../../arm-none-eabi/lib/thumb/v8-m.main+fp/hard\libcr_c.a(errno.o)
 .comment       0x00000049       0x4a c:/appz/nxp/mcuxpressoide_11.6.0_8187/ide/plugins/com.nxp.mcuxpresso.tools.win32_11.6.0.202112161359/tools/bin/../lib/gcc/arm-none-eabi/10.3.1/../../../../arm-none-eabi/lib/thumb/v8-m.main+fp/hard\libcr_c.a(initio.o)
 .comment       0x00000049       0x4a c:/appz/nxp/mcuxpressoide_11.6.0_8187/ide/plugins/com.nxp.mcuxpresso.tools.win32_11.6.0.202112161359/tools/bin/../lib/gcc/arm-none-eabi/10.3.1/../../../../arm-none-eabi/lib/thumb/v8-m.main+fp/hard\libcr_c.a(modf.o)
 .comment       0x00000049       0x4a c:/appz/nxp/mcuxpressoide_11.6.0_8187/ide/plugins/com.nxp.mcuxpresso.tools.win32_11.6.0.202112161359/tools/bin/../lib/gcc/arm-none-eabi/10.3.1/../../../../arm-none-eabi/lib/thumb/v8-m.main+fp/hard\libcr_c.a(pow.o)
 .comment       0x00000049       0x4a c:/appz/nxp/mcuxpressoide_11.6.0_8187/ide/plugins/com.nxp.mcuxpresso.tools.win32_11.6.0.202112161359/tools/bin/../lib/gcc/arm-none-eabi/10.3.1/../../../../arm-none-eabi/lib/thumb/v8-m.main+fp/hard\libcr_c.a(setvbuf.o)
 .comment       0x00000049       0x4a c:/appz/nxp/mcuxpressoide_11.6.0_8187/ide/plugins/com.nxp.mcuxpresso.tools.win32_11.6.0.202112161359/tools/bin/../lib/gcc/arm-none-eabi/10.3.1/../../../../arm-none-eabi/lib/thumb/v8-m.main+fp/hard\libcr_c.a(strlen.o)
 .comment       0x00000049       0x4a c:/appz/nxp/mcuxpressoide_11.6.0_8187/ide/plugins/com.nxp.mcuxpresso.tools.win32_11.6.0.202112161359/tools/bin/../lib/gcc/arm-none-eabi/10.3.1/../../../../arm-none-eabi/lib/thumb/v8-m.main+fp/hard\libcr_c.a(_deferredlazyseek.o)
 .comment       0x00000049       0x4a c:/appz/nxp/mcuxpressoide_11.6.0_8187/ide/plugins/com.nxp.mcuxpresso.tools.win32_11.6.0.202112161359/tools/bin/../lib/gcc/arm-none-eabi/10.3.1/../../../../arm-none-eabi/lib/thumb/v8-m.main+fp/hard\libcr_c.a(_fdopen.o)
 .comment       0x00000049       0x4a c:/appz/nxp/mcuxpressoide_11.6.0_8187/ide/plugins/com.nxp.mcuxpresso.tools.win32_11.6.0.202112161359/tools/bin/../lib/gcc/arm-none-eabi/10.3.1/../../../../arm-none-eabi/lib/thumb/v8-m.main+fp/hard\libcr_c.a(_fflush.o)
 .comment       0x00000049       0x4a c:/appz/nxp/mcuxpressoide_11.6.0_8187/ide/plugins/com.nxp.mcuxpresso.tools.win32_11.6.0.202112161359/tools/bin/../lib/gcc/arm-none-eabi/10.3.1/../../../../arm-none-eabi/lib/thumb/v8-m.main+fp/hard\libcr_c.a(_writebuf.o)
 .comment       0x00000049       0x4a c:/appz/nxp/mcuxpressoide_11.6.0_8187/ide/plugins/com.nxp.mcuxpresso.tools.win32_11.6.0.202112161359/tools/bin/../lib/gcc/arm-none-eabi/10.3.1/../../../../arm-none-eabi/lib/thumb/v8-m.main+fp/hard\libcr_c.a(fclose.o)
 .comment       0x00000049       0x4a c:/appz/nxp/mcuxpressoide_11.6.0_8187/ide/plugins/com.nxp.mcuxpresso.tools.win32_11.6.0.202112161359/tools/bin/../lib/gcc/arm-none-eabi/10.3.1/../../../../arm-none-eabi/lib/thumb/v8-m.main+fp/hard\libcr_c.a(fflush.o)
 .comment       0x00000049       0x4a c:/appz/nxp/mcuxpressoide_11.6.0_8187/ide/plugins/com.nxp.mcuxpresso.tools.win32_11.6.0.202112161359/tools/bin/../lib/gcc/arm-none-eabi/10.3.1/../../../../arm-none-eabi/lib/thumb/v8-m.main+fp/hard\libcr_c.a(frexp.o)
 .comment       0x00000049       0x4a c:/appz/nxp/mcuxpressoide_11.6.0_8187/ide/plugins/com.nxp.mcuxpresso.tools.win32_11.6.0.202112161359/tools/bin/../lib/gcc/arm-none-eabi/10.3.1/../../../../arm-none-eabi/lib/thumb/v8-m.main+fp/hard\libcr_c.a(fseek.o)
 .comment       0x00000049       0x4a c:/appz/nxp/mcuxpressoide_11.6.0_8187/ide/plugins/com.nxp.mcuxpresso.tools.win32_11.6.0.202112161359/tools/bin/../lib/gcc/arm-none-eabi/10.3.1/../../../../arm-none-eabi/lib/thumb/v8-m.main+fp/hard\libcr_c.a(ftell.o)
 .comment       0x00000049       0x4a c:/appz/nxp/mcuxpressoide_11.6.0_8187/ide/plugins/com.nxp.mcuxpresso.tools.win32_11.6.0.202112161359/tools/bin/../lib/gcc/arm-none-eabi/10.3.1/../../../../arm-none-eabi/lib/thumb/v8-m.main+fp/hard\libcr_c.a(ldexp.o)
 .comment       0x00000049       0x4a c:/appz/nxp/mcuxpressoide_11.6.0_8187/ide/plugins/com.nxp.mcuxpresso.tools.win32_11.6.0.202112161359/tools/bin/../lib/gcc/arm-none-eabi/10.3.1/../../../../arm-none-eabi/lib/thumb/v8-m.main+fp/hard\libcr_c.a(remove.o)
 .comment       0x00000049       0x4a c:/appz/nxp/mcuxpressoide_11.6.0_8187/ide/plugins/com.nxp.mcuxpresso.tools.win32_11.6.0.202112161359/tools/bin/../lib/gcc/arm-none-eabi/10.3.1/../../../../arm-none-eabi/lib/thumb/v8-m.main+fp/hard\libcr_c.a(_do_fflush.o)
 .comment       0x00000049       0x4a c:/appz/nxp/mcuxpressoide_11.6.0_8187/ide/plugins/com.nxp.mcuxpresso.tools.win32_11.6.0.202112161359/tools/bin/../lib/gcc/arm-none-eabi/10.3.1/thumb/v8-m.main+fp/hard\libcr_eabihelpers.a(double.o)
 .comment       0x00000049       0x4a c:/appz/nxp/mcuxpressoide_11.6.0_8187/ide/plugins/com.nxp.mcuxpresso.tools.win32_11.6.0.202112161359/tools/bin/../lib/gcc/arm-none-eabi/10.3.1/thumb/v8-m.main+fp/hard\libcr_eabihelpers.a(float.o)
 .comment       0x00000049       0x4a c:/appz/nxp/mcuxpressoide_11.6.0_8187/ide/plugins/com.nxp.mcuxpresso.tools.win32_11.6.0.202112161359/tools/bin/../lib/gcc/arm-none-eabi/10.3.1/../../../../arm-none-eabi/lib/thumb/v8-m.main+fp/hard\libcr_nohost_nf.a(__ciob.o)
 .comment       0x00000049       0x4a c:/appz/nxp/mcuxpressoide_11.6.0_8187/ide/plugins/com.nxp.mcuxpresso.tools.win32_11.6.0.202112161359/tools/bin/../lib/gcc/arm-none-eabi/10.3.1/../../../../arm-none-eabi/lib/thumb/v8-m.main+fp/hard\libcr_nohost_nf.a(__sys_close.o)
 .comment       0x00000049       0x4a c:/appz/nxp/mcuxpressoide_11.6.0_8187/ide/plugins/com.nxp.mcuxpresso.tools.win32_11.6.0.202112161359/tools/bin/../lib/gcc/arm-none-eabi/10.3.1/../../../../arm-none-eabi/lib/thumb/v8-m.main+fp/hard\libcr_nohost_nf.a(__sys_flen.o)
 .comment       0x00000049       0x4a c:/appz/nxp/mcuxpressoide_11.6.0_8187/ide/plugins/com.nxp.mcuxpresso.tools.win32_11.6.0.202112161359/tools/bin/../lib/gcc/arm-none-eabi/10.3.1/../../../../arm-none-eabi/lib/thumb/v8-m.main+fp/hard\libcr_nohost_nf.a(__sys_istty.o)
 .comment       0x00000049       0x4a c:/appz/nxp/mcuxpressoide_11.6.0_8187/ide/plugins/com.nxp.mcuxpresso.tools.win32_11.6.0.202112161359/tools/bin/../lib/gcc/arm-none-eabi/10.3.1/../../../../arm-none-eabi/lib/thumb/v8-m.main+fp/hard\libcr_nohost_nf.a(__sys_remove.o)
 .comment       0x00000049       0x4a c:/appz/nxp/mcuxpressoide_11.6.0_8187/ide/plugins/com.nxp.mcuxpresso.tools.win32_11.6.0.202112161359/tools/bin/../lib/gcc/arm-none-eabi/10.3.1/../../../../arm-none-eabi/lib/thumb/v8-m.main+fp/hard\libcr_nohost_nf.a(__sys_seek.o)
 .comment       0x00000049       0x4a c:/appz/nxp/mcuxpressoide_11.6.0_8187/ide/plugins/com.nxp.mcuxpresso.tools.win32_11.6.0.202112161359/tools/bin/../lib/gcc/arm-none-eabi/10.3.1/../../../../arm-none-eabi/lib/thumb/v8-m.main+fp/hard\libcr_nohost_nf.a(__sys_tmpnam.o)
 .comment       0x00000049       0x4a c:/appz/nxp/mcuxpressoide_11.6.0_8187/ide/plugins/com.nxp.mcuxpresso.tools.win32_11.6.0.202112161359/tools/bin/../lib/gcc/arm-none-eabi/10.3.1/../../../../arm-none-eabi/lib/thumb/v8-m.main+fp/hard\libcr_nohost_nf.a(__sys_write.o)

.ARM.attributes
                0x00000000       0x38
 .ARM.attributes
                0x00000000       0x3a ./utilities/fsl_assert.o
 .ARM.attributes
                0x0000003a       0x3a ./utilities/fsl_debug_console.o
 .ARM.attributes
                0x00000074       0x3a ./startup/startup_lpc55s69_cm33_core0.o
 .ARM.attributes
                0x000000ae       0x3a ./source/hello_world.o
 .ARM.attributes
                0x000000e8       0x3a ./source/semihost_hardfault.o
 .ARM.attributes
                0x00000122       0x3a ./drivers/fsl_clock.o
 .ARM.attributes
                0x0000015c       0x3a ./drivers/fsl_common_arm.o
 .ARM.attributes
                0x00000196       0x3a ./drivers/fsl_ctimer.o
 .ARM.attributes
                0x000001d0       0x3a ./drivers/fsl_flexcomm.o
 .ARM.attributes
                0x0000020a       0x3a ./drivers/fsl_power.o
 .ARM.attributes
                0x00000244       0x3a ./drivers/fsl_powerquad_basic.o
 .ARM.attributes
                0x0000027e       0x3a ./drivers/fsl_reset.o
 .ARM.attributes
                0x000002b8       0x3a ./drivers/fsl_usart.o
 .ARM.attributes
                0x000002f2       0x3a ./device/system_LPC55S69_cm33_core0.o
 .ARM.attributes
                0x0000032c       0x3a ./component/uart/fsl_adapter_usart.o
 .ARM.attributes
                0x00000366       0x3a ./board/board.o
 .ARM.attributes
                0x000003a0       0x3a ./board/clock_config.o
 .ARM.attributes
                0x000003da       0x3a ./board/peripherals.o
 .ARM.attributes
                0x00000414       0x3a ./board/pin_mux.o
 .ARM.attributes
                0x0000044e       0x3a c:/appz/nxp/mcuxpressoide_11.6.0_8187/ide/plugins/com.nxp.mcuxpresso.tools.win32_11.6.0.202112161359/tools/bin/../lib/gcc/arm-none-eabi/10.3.1/../../../../arm-none-eabi/lib/thumb/v8-m.main+fp/hard\libcr_nohost_nf.a(_cr__main.o)
 .ARM.attributes
                0x00000488       0x3a c:/appz/nxp/mcuxpressoide_11.6.0_8187/ide/plugins/com.nxp.mcuxpresso.tools.win32_11.6.0.202112161359/tools/bin/../lib/gcc/arm-none-eabi/10.3.1/../../../../arm-none-eabi/lib/thumb/v8-m.main+fp/hard\libcr_c.a(memcpy.o)
 .ARM.attributes
                0x000004c2       0x3a c:/appz/nxp/mcuxpressoide_11.6.0_8187/ide/plugins/com.nxp.mcuxpresso.tools.win32_11.6.0.202112161359/tools/bin/../lib/gcc/arm-none-eabi/10.3.1/../../../../arm-none-eabi/lib/thumb/v8-m.main+fp/hard\libcr_c.a(memset.o)
 .ARM.attributes
                0x000004fc       0x3a c:/appz/nxp/mcuxpressoide_11.6.0_8187/ide/plugins/com.nxp.mcuxpresso.tools.win32_11.6.0.202112161359/tools/bin/../lib/gcc/arm-none-eabi/10.3.1/../../../../arm-none-eabi/lib/thumb/v8-m.main+fp/hard\libcr_c.a(alloc.o)
 .ARM.attributes
                0x00000536       0x3a c:/appz/nxp/mcuxpressoide_11.6.0_8187/ide/plugins/com.nxp.mcuxpresso.tools.win32_11.6.0.202112161359/tools/bin/../lib/gcc/arm-none-eabi/10.3.1/../../../../arm-none-eabi/lib/thumb/v8-m.main+fp/hard\libcr_c.a(errno.o)
 .ARM.attributes
                0x00000570       0x3a c:/appz/nxp/mcuxpressoide_11.6.0_8187/ide/plugins/com.nxp.mcuxpresso.tools.win32_11.6.0.202112161359/tools/bin/../lib/gcc/arm-none-eabi/10.3.1/../../../../arm-none-eabi/lib/thumb/v8-m.main+fp/hard\libcr_c.a(initio.o)
 .ARM.attributes
                0x000005aa       0x3a c:/appz/nxp/mcuxpressoide_11.6.0_8187/ide/plugins/com.nxp.mcuxpresso.tools.win32_11.6.0.202112161359/tools/bin/../lib/gcc/arm-none-eabi/10.3.1/../../../../arm-none-eabi/lib/thumb/v8-m.main+fp/hard\libcr_c.a(modf.o)
 .ARM.attributes
                0x000005e4       0x3a c:/appz/nxp/mcuxpressoide_11.6.0_8187/ide/plugins/com.nxp.mcuxpresso.tools.win32_11.6.0.202112161359/tools/bin/../lib/gcc/arm-none-eabi/10.3.1/../../../../arm-none-eabi/lib/thumb/v8-m.main+fp/hard\libcr_c.a(pow.o)
 .ARM.attributes
                0x0000061e       0x3a c:/appz/nxp/mcuxpressoide_11.6.0_8187/ide/plugins/com.nxp.mcuxpresso.tools.win32_11.6.0.202112161359/tools/bin/../lib/gcc/arm-none-eabi/10.3.1/../../../../arm-none-eabi/lib/thumb/v8-m.main+fp/hard\libcr_c.a(setvbuf.o)
 .ARM.attributes
                0x00000658       0x3a c:/appz/nxp/mcuxpressoide_11.6.0_8187/ide/plugins/com.nxp.mcuxpresso.tools.win32_11.6.0.202112161359/tools/bin/../lib/gcc/arm-none-eabi/10.3.1/../../../../arm-none-eabi/lib/thumb/v8-m.main+fp/hard\libcr_c.a(strlen.o)
 .ARM.attributes
                0x00000692       0x3a c:/appz/nxp/mcuxpressoide_11.6.0_8187/ide/plugins/com.nxp.mcuxpresso.tools.win32_11.6.0.202112161359/tools/bin/../lib/gcc/arm-none-eabi/10.3.1/../../../../arm-none-eabi/lib/thumb/v8-m.main+fp/hard\libcr_c.a(_deferredlazyseek.o)
 .ARM.attributes