14:20:22 **** Incremental Build of configuration Debug for project CV_1 ****
make -j4 all 
arm-none-eabi-gcc "../Src/main.c" -mcpu=cortex-m0 -std=gnu11 -g3 -DDEBUG -DSTM32F030x8 -DSTM32F030R8Tx -DSTM32 -DSTM32F0 -DNUCLEO_F030R8 -c -I../Inc -I"C:/Temp/xtomes07/MKS/CV_1/CMSIS/Device/ST/STM32F0xx/Include" -I"C:/Temp/xtomes07/MKS/CV_1/CMSIS/Include" -O0 -ffunction-sections -fdata-sections -Wall -fstack-usage -MMD -MP -MF"Src/main.d" -MT"Src/main.o" --specs=nano.specs -mfloat-abi=soft -mthumb -o "Src/main.o"
arm-none-eabi-gcc -o "CV_1.elf" @"objects.list"   -mcpu=cortex-m0 -T"C:\Temp\xtomes07\MKS\CV_1\STM32F030R8TX_FLASH.ld" --specs=nosys.specs -Wl,-Map="CV_1.map" -Wl,--gc-sections -static --specs=nano.specs -mfloat-abi=soft -mthumb -Wl,--start-group -lc -lm -Wl,--end-group
Finished building target: CV_1.elf
 
arm-none-eabi-size   CV_1.elf 
arm-none-eabi-objdump -h -S  CV_1.elf  > "CV_1.list"
   text	   data	    bss	    dec	    hex	filename
    728	      8	   1568	   2304	    900	CV_1.elf
Finished building: default.size.stdout
 
Finished building: CV_1.list
 

14:20:22 Build Finished. 0 errors, 0 warnings. (took 563ms)

