19:05:30 **** Build of configuration Debug for project 1_Cviceni_Rozblikani_LED ****
make -j8 all 
arm-none-eabi-gcc -mcpu=cortex-m0 -g3 -DDEBUG -c -x assembler-with-cpp -MMD -MP -MF"Startup/startup_stm32f030r8tx.d" -MT"Startup/startup_stm32f030r8tx.o" --specs=nano.specs -mfloat-abi=soft -mthumb -o "Startup/startup_stm32f030r8tx.o" "../Startup/startup_stm32f030r8tx.s"
arm-none-eabi-gcc "../Src/main.c" -mcpu=cortex-m0 -std=gnu11 -g3 -DDEBUG -DSTM32F030R8Tx -DSTM32F030x8 -DSTM32 -DSTM32F0 -DNUCLEO_F030R8 -c -ICMSIS/Include -I../Inc -ICMSIS/Device/ST/STM32F0xx/Include -O0 -ffunction-sections -fdata-sections -Wall -fstack-usage -MMD -MP -MF"Src/main.d" -MT"Src/main.o" --specs=nano.specs -mfloat-abi=soft -mthumb -o "Src/main.o"
arm-none-eabi-gcc "../Src/syscalls.c" -mcpu=cortex-m0 -std=gnu11 -g3 -DDEBUG -DSTM32F030R8Tx -DSTM32F030x8 -DSTM32 -DSTM32F0 -DNUCLEO_F030R8 -c -ICMSIS/Include -I../Inc -ICMSIS/Device/ST/STM32F0xx/Include -O0 -ffunction-sections -fdata-sections -Wall -fstack-usage -MMD -MP -MF"Src/syscalls.d" -MT"Src/syscalls.o" --specs=nano.specs -mfloat-abi=soft -mthumb -o "Src/syscalls.o"
arm-none-eabi-gcc "../Src/sysmem.c" -mcpu=cortex-m0 -std=gnu11 -g3 -DDEBUG -DSTM32F030R8Tx -DSTM32F030x8 -DSTM32 -DSTM32F0 -DNUCLEO_F030R8 -c -ICMSIS/Include -I../Inc -ICMSIS/Device/ST/STM32F0xx/Include -O0 -ffunction-sections -fdata-sections -Wall -fstack-usage -MMD -MP -MF"Src/sysmem.d" -MT"Src/sysmem.o" --specs=nano.specs -mfloat-abi=soft -mthumb -o "Src/sysmem.o"
arm-none-eabi-gcc "../Src/system_stm32f0xx.c" -mcpu=cortex-m0 -std=gnu11 -g3 -DDEBUG -DSTM32F030R8Tx -DSTM32F030x8 -DSTM32 -DSTM32F0 -DNUCLEO_F030R8 -c -ICMSIS/Include -I../Inc -ICMSIS/Device/ST/STM32F0xx/Include -O0 -ffunction-sections -fdata-sections -Wall -fstack-usage -MMD -MP -MF"Src/system_stm32f0xx.d" -MT"Src/system_stm32f0xx.o" --specs=nano.specs -mfloat-abi=soft -mthumb -o "Src/system_stm32f0xx.o"
../Src/system_stm32f0xx.c:84:10: fatal error: stm32f0xx.h: No such file or directory
   84 | #include "stm32f0xx.h"
      |          ^~~~~~~~~~~~~
compilation terminated.
make: *** [Src/subdir.mk:28: Src/system_stm32f0xx.o] Error 1
make: *** Waiting for unfinished jobs....
"make -j8 all" terminated with exit code 2. Build might be incomplete.
12:24:05 **** Build of configuration Debug for project CV_1 ****
make -j4 all 
arm-none-eabi-gcc -mcpu=cortex-m0 -g3 -DDEBUG -c -x assembler-with-cpp -MMD -MP -MF"Startup/startup_stm32f030r8tx.d" -MT"Startup/startup_stm32f030r8tx.o" --specs=nano.specs -mfloat-abi=soft -mthumb -o "Startup/startup_stm32f030r8tx.o" "../Startup/startup_stm32f030r8tx.s"
arm-none-eabi-gcc "../Src/main.c" -mcpu=cortex-m0 -std=gnu11 -g3 -DDEBUG -DSTM32F030x8 -DSTM32F030R8Tx -DSTM32 -DSTM32F0 -DNUCLEO_F030R8 -c -I../Inc -I"C:/Temp/xtomes07/MKS/CV_1/CMSIS/Device/ST/STM32F0xx/Include" -I"C:/Temp/xtomes07/MKS/CV_1/CMSIS/Include" -O0 -ffunction-sections -fdata-sections -Wall -fstack-usage -MMD -MP -MF"Src/main.d" -MT"Src/main.o" --specs=nano.specs -mfloat-abi=soft -mthumb -o "Src/main.o"
arm-none-eabi-gcc "../Src/syscalls.c" -mcpu=cortex-m0 -std=gnu11 -g3 -DDEBUG -DSTM32F030x8 -DSTM32F030R8Tx -DSTM32 -DSTM32F0 -DNUCLEO_F030R8 -c -I../Inc -I"C:/Temp/xtomes07/MKS/CV_1/CMSIS/Device/ST/STM32F0xx/Include" -I"C:/Temp/xtomes07/MKS/CV_1/CMSIS/Include" -O0 -ffunction-sections -fdata-sections -Wall -fstack-usage -MMD -MP -MF"Src/syscalls.d" -MT"Src/syscalls.o" --specs=nano.specs -mfloat-abi=soft -mthumb -o "Src/syscalls.o"
arm-none-eabi-gcc "../Src/sysmem.c" -mcpu=cortex-m0 -std=gnu11 -g3 -DDEBUG -DSTM32F030x8 -DSTM32F030R8Tx -DSTM32 -DSTM32F0 -DNUCLEO_F030R8 -c -I../Inc -I"C:/Temp/xtomes07/MKS/CV_1/CMSIS/Device/ST/STM32F0xx/Include" -I"C:/Temp/xtomes07/MKS/CV_1/CMSIS/Include" -O0 -ffunction-sections -fdata-sections -Wall -fstack-usage -MMD -MP -MF"Src/sysmem.d" -MT"Src/sysmem.o" --specs=nano.specs -mfloat-abi=soft -mthumb -o "Src/sysmem.o"
arm-none-eabi-gcc "../Src/system_stm32f0xx.c" -mcpu=cortex-m0 -std=gnu11 -g3 -DDEBUG -DSTM32F030x8 -DSTM32F030R8Tx -DSTM32 -DSTM32F0 -DNUCLEO_F030R8 -c -I../Inc -I"C:/Temp/xtomes07/MKS/CV_1/CMSIS/Device/ST/STM32F0xx/Include" -I"C:/Temp/xtomes07/MKS/CV_1/CMSIS/Include" -O0 -ffunction-sections -fdata-sections -Wall -fstack-usage -MMD -MP -MF"Src/system_stm32f0xx.d" -MT"Src/system_stm32f0xx.o" --specs=nano.specs -mfloat-abi=soft -mthumb -o "Src/system_stm32f0xx.o"
arm-none-eabi-gcc -o "CV_1.elf" @"objects.list"   -mcpu=cortex-m0 -T"C:\Temp\xtomes07\MKS\CV_1\STM32F030R8TX_FLASH.ld" --specs=nosys.specs -Wl,-Map="CV_1.map" -Wl,--gc-sections -static --specs=nano.specs -mfloat-abi=soft -mthumb -Wl,--start-group -lc -lm -Wl,--end-group
Finished building target: CV_1.elf
 
arm-none-eabi-size   CV_1.elf 
arm-none-eabi-objdump -h -S  CV_1.elf  > "CV_1.list"
   text	   data	    bss	    dec	    hex	filename
    588	      8	   1568	   2164	    874	CV_1.elf
Finished building: default.size.stdout
 
Finished building: CV_1.list
 
12:27:39 **** Incremental Build of configuration Debug for project CV_1 ****
make -j4 all 
arm-none-eabi-size   CV_1.elf 
   text	   data	    bss	    dec	    hex	filename
    588	      8	   1568	   2164	    874	CV_1.elf
Finished building: default.size.stdout
 
12:30:02 **** Incremental Build of configuration Debug for project CV_1 ****
make -j4 all 
arm-none-eabi-size   CV_1.elf 
   text	   data	    bss	    dec	    hex	filename
    588	      8	   1568	   2164	    874	CV_1.elf
Finished building: default.size.stdout
 
